Start SOLVER Sun 02/22/2026  3:37:43.89  
Set parameter TimeLimit to value 10800
Set parameter Heuristics to value 0.5
Set parameter LogFile to value "gurobi.log"
Using license file c:\gurobi\gurobi.lic

Gurobi Optimizer version 11.0.3 build v11.0.3rc0 (win64 - Windows Server 2016.0 (14393.2))
Copyright (c) 2024, Gurobi Optimization, LLC

Read LP format model from file C:\gurobi\1103\win64\bin\lubos_test_models\\20260223_51x1200_1.lp
Reading time = 0.46 seconds
: 19521 rows, 73191 columns, 919464 nonzeros

CPU model: Intel(R) Xeon(R) Gold 6240 CPU @ 2.60GHz, instruction set [SSE2]
Thread count: 8 physical cores, 8 logical processors, using up to 8 threads

Optimize a model with 19521 rows, 73191 columns and 919464 nonzeros
Model fingerprint: 0x1cf3b26a
Variable types: 1 continuous, 73190 integer (73190 binary)
Coefficient statistics:
  Matrix range     [1e+00, 2e+00]
  Objective range  [1e+00, 1e+00]
  Bounds range     [1e+00, 1e+00]
  RHS range        [1e+00, 1e+03]
Presolve removed 1354 rows and 1536 columns
Presolve time: 2.15s
Presolved: 18167 rows, 71655 columns, 913115 nonzeros
Variable types: 0 continuous, 71655 integer (71655 binary)
Deterministic concurrent LP optimizer: primal simplex, dual simplex, and barrier
Showing barrier log only...

Root barrier log...

Ordering time: 0.07s

Barrier statistics:
 AA' NZ     : 6.385e+05
 Factor NZ  : 1.821e+06 (roughly 50 MB of memory)
 Factor Ops : 2.327e+08 (less than 1 second per iteration)
 Threads    : 5

                  Objective                Residual
Iter       Primal          Dual         Primal    Dual     Compl     Time
   0  -5.44783753e+05 -1.24395531e+04  1.42e+05 2.66e-01  2.02e+01     3s
   1  -4.16362235e+05 -1.38866152e+04  1.10e+05 3.08e-01  1.57e+01     3s
   2  -6.58016602e+04 -1.52516179e+04  1.87e+04 3.33e-15  2.79e+00     3s
   3  -1.10373496e+04 -1.19375087e+04  2.47e+03 2.55e-15  4.00e-01     4s
   4  -4.07534987e+03 -3.83974328e+03  6.91e+02 2.11e-15  1.02e-01     4s
   5  -3.86258169e+02 -1.44424804e+03  7.23e+01 1.44e-15  1.72e-02     4s
   6   1.36223685e+01 -3.22947228e+02  5.82e+00 1.61e-15  2.76e-03     4s
   7   3.43421025e+01  2.07415834e+01  8.86e-01 2.00e-15  1.42e-04     4s
   8   3.74708440e+01  3.72614706e+01  9.74e-03 2.81e-15  1.85e-06     4s
   9   3.74999054e+01  3.74998010e+01  3.25e-05 2.27e-15  2.45e-09     4s
  10   3.75000000e+01  3.74999998e+01  1.79e-09 2.57e-15  1.31e-12     4s

Barrier solved model in 10 iterations and 4.00 seconds (3.66 work units)
Optimal objective 3.75000000e+01

  Building initial crossover basis                                 5s

Root crossover log...

   10224 DPushes remaining with DInf 0.0000000e+00                 6s
       0 DPushes remaining with DInf 0.0000000e+00                 6s

      10 PPushes remaining with PInf 0.0000000e+00                 6s
       0 PPushes remaining with PInf 0.0000000e+00                 6s

  Push phase complete: Pinf 0.0000000e+00, Dinf 0.0000000e+00      6s


Root simplex log...

Iteration    Objective       Primal Inf.    Dual Inf.      Time
   10237    3.7500000e+01   0.000000e+00   0.000000e+00      6s
Concurrent spin time: 0.00s

Solved with barrier

Root relaxation: objective 3.750000e+01, 10237 iterations, 3.40 seconds (2.04 work units)
Total elapsed time = 16.06s (DegenMoves)

    Nodes    |    Current Node    |     Objective Bounds      |     Work
 Expl Unexpl |  Obj  Depth IntInf | Incumbent    BestBd   Gap | It/Node Time

     0     0   37.50000    0  759          -   37.50000      -     -   17s
H    0     0                     417.0000000   37.50000  91.0%     -   17s
H    0     0                     414.0000000   37.50000  90.9%     -   21s
H    0     0                     399.0000000   37.50000  90.6%     -   33s
     0     0   37.50000    0 1683  399.00000   37.50000  90.6%     -   37s
H    0     0                     353.0000000   37.50000  89.4%     -   43s
     0     0   37.50000    0 1737  353.00000   37.50000  89.4%     -   44s
     0     0   37.50000    0  746  353.00000   37.50000  89.4%     -   74s
H    0     0                     341.0000000   37.50000  89.0%     -   85s
     0     0   37.50000    0  830  341.00000   37.50000  89.0%     -   86s
     0     0   37.50000    0  723  341.00000   37.50000  89.0%     -  102s
     0     0   37.50000    0  723  341.00000   37.50000  89.0%     -  105s
H    0     0                     338.0000000   37.50000  88.9%     -  115s
H    0     0                     286.0000000   37.50000  86.9%     -  133s
H    0     2                     266.0000000   37.50000  85.9%     -  149s
     0     2   37.50000    0  721  266.00000   37.50000  85.9%     -  149s
     1     4   37.50000    1  643  266.00000   37.50000  85.9% 15815  151s
     7    16   37.50000    3 1661  266.00000   37.50000  85.9%  4359  160s
    15    24   37.50000    4 1806  266.00000   37.50000  85.9%  5191  170s
H   31    40                     257.0000000   37.50000  85.4%  7177  197s
    47    64   37.50000    7 1663  257.00000   37.50000  85.4%  4838  226s
    63   100   37.50000    9 1583  257.00000   37.50000  85.4%  3680  257s
H   65   100                     251.0000000   37.50000  85.1%  3568  257s
H   68   100                     247.0000000   37.50000  84.8%  4959  257s
H   93   100                     245.0000000   37.50000  84.7%  5669  257s
    99   404   37.50000   11  857  245.00000   37.50000  84.7%  6755  264s
H  139   404                     244.0000000   37.50000  84.6%  4851  264s
H  253   404                     240.0000000   37.50000  84.4%  2711  264s
   403   945   39.50000   36  725  240.00000   37.50000  84.4%  1742  279s
H  537   945                     238.0000000   37.50000  84.2%  1339  279s
H  952  1790                     236.0000000   37.50000  84.1%   814  296s
H 1051  1790                     235.0000000   37.50000  84.0%   757  296s
H 1172  1790                     233.0000000   37.50000  83.9%   695  296s
H 1616  1790                     231.9999989   37.50000  83.8%   546  296s
H 1818  1879                     231.0000000   37.50000  83.8%   505  318s
H 1833  1879                     229.0000000   37.50000  83.6%   503  318s
H 1907  1879                     227.0000000   37.50000  83.5%   494  318s
H 1909  2313                     226.0000000   37.50000  83.4%   494  385s
H 2043  2313                     225.0000000   37.50000  83.3%   471  385s
H 2362  2988                     221.0000000   37.50000  83.0%   431  411s
  3084  3355   72.00000  235  746  221.00000   37.50000  83.0%   382  439s
H 3131  3355                     218.0000000   37.50000  82.8%   383  439s
H 3369  3355                     216.0000000   37.50000  82.6%   373  439s
  3486  3910   73.00000  261  746  216.00000   37.50000  82.6%   370  457s
  4140  4289   84.50000  313  745  216.00000   37.50000  82.6%   360  476s
  4571  4592   85.50000  322  766  216.00000   37.50000  82.6%   361  497s
H 4592  4592                     215.0000000   37.50000  82.6%   361  497s
H 4916  4682                     214.0000000   37.50000  82.5%   362  523s
H 4917  4682                     213.0000000   37.50000  82.4%   362  523s
  5016  4689   86.00000  326  760  213.00000   37.50000  82.4%   365  577s
H 5017  4689                     211.0000000   37.50000  82.2%   365  577s
H 5019  4689                     210.0000000   37.50000  82.1%   365  577s
H 5023  4689                     209.0000000   37.50000  82.1%   365  577s
  5025  4949   86.00000  327  912  209.00000   37.50000  82.1%   365  605s
H 5035  4949                     208.0000000   37.50000  82.0%   365  605s
H 5051  4949                     207.0000000   37.50000  81.9%   367  605s
H 5248  4949                     206.0000000   37.50000  81.8%   372  605s
  5327  5155 infeasible  333       206.00000   37.50000  81.8%   370  630s
H 5470  5155                     205.0000000   37.50000  81.7%   370  630s
H 5613  5225                     203.0000000   37.50000  81.5%   375  741s
H 5615  5225                     202.0000000   37.50000  81.4%   375  741s
  5701  5373   89.00000  343  756  202.00000   37.50000  81.4%   376  766s
  5873  5458   90.00000  353  840  202.00000   37.50000  81.4%   383  794s
  5964  5544   92.50000  366  839  202.00000   37.50000  81.4%   388  822s
H 6056  5577                     199.0000000   37.50000  81.2%   394  901s
  6093  5665   94.50000  375  769  199.00000   37.50000  81.2%   395  929s
  6187  5673   94.50000  384  871  199.00000   37.50000  81.2%   399 1015s
H 6188  5673                     197.0000000   37.50000  81.0%   399 1015s
  6195  5723   94.50000  385  924  197.00000   37.50000  81.0%   399 1046s
H 6221  5723                     194.0000000   37.50000  80.7%   400 1047s
  6249  5815   95.00000  389  835  194.00000   37.50000  80.7%   401 1177s
H 6300  5815                     193.0000000   37.50000  80.6%   401 1177s
  6353  7047   95.50000  398  953  193.00000   37.50000  80.6%   401 1209s
  7754  7048   44.00000   74  723  193.00000   37.50000  80.6%   347 1229s
  7756  7049   58.00000  152  663  193.00000   37.50000  80.6%   347 1251s
  7757  7050  127.50000  540  808  193.00000   37.50000  80.6%   347 1278s
  7758  7051  131.50000  578 1223  193.00000   37.50000  80.6%   347 1281s
  7759  7051   56.50000  137  785  193.00000   37.50000  80.6%   347 1310s
H 7760  6699                     192.0000000   37.50000  80.5%   347 1358s
H 7760  6364                     191.0000000   37.50000  80.4%   347 1369s
  7762  6365   94.50000  399 1765  191.00000   37.50000  80.4%   347 1375s
  7763  6366   39.50000   47  734  191.00000   37.50000  80.4%   347 1419s
  7764  6367   78.50000  284  703  191.00000   37.50000  80.4%   347 1442s
  7765  6367  120.50000  500  703  191.00000   37.50000  80.4%   347 1619s
  7766  6371   37.50000   10  631  191.00000   37.50000  80.4%   436 1651s
  7772  6381   37.50000   12  678  191.00000   37.50000  80.4%   437 1657s
  7796  6396   37.50000   14  729  191.00000   37.50000  80.4%   436 1672s
  7828  6417   37.50000   16  743  191.00000   37.50000  80.4%   435 1676s
  7836  6422   38.00000   16  734  191.00000   37.50000  80.4%   435 1784s
H 7842  6101                     190.0000000   37.50000  80.3%   435 1784s
  7845  6108   37.50000   17  731  190.00000   37.50000  80.3%   435 1821s
H 7847  5805                     189.0000000   37.50000  80.2%   435 1821s
  7853  5874   37.50000   17  727  189.00000   37.50000  80.2%   435 1826s
  7931  5863   37.50000   22  752  189.00000   37.50000  80.2%   432 1837s
  7946  6012   37.50000   23  763  189.00000   37.50000  80.2%   432 1847s
  8104  6067   38.00000   32  714  189.00000   37.50000  80.2%   428 1861s
  8216  6081   38.25000   37 1068  189.00000   37.50000  80.2%   431 1888s
  8270  6300   38.25000   38 1047  189.00000   37.50000  80.2%   432 1910s
  8531  6390   39.00000   55  804  189.00000   37.50000  80.2%   428 1930s
  8738  6516   39.50000   75  837  189.00000   37.50000  80.2%   425 1951s
  8951  6607   40.00000   92  856  189.00000   37.50000  80.2%   423 1989s
H 9138  6276                     188.0000000   37.50000  80.1%   424 2052s
  9161  6453   40.00000  106  868  188.00000   37.50000  80.1%   423 2174s
  9366  6543   40.00000  115 1115  188.00000   37.50000  80.1%   420 2327s
  9566  6689   40.00000  122  892  188.00000   37.50000  80.1%   418 2361s
  9853  6617   40.00000  126 2558  188.00000   37.50000  80.1%   418 2411s
  9885  6868   40.00000  131 2567  188.00000   37.50000  80.1%   417 2448s
 10184  6841   40.00000  151 2436  188.00000   37.50000  80.1%   416 2566s
H10247  6547                     187.0000000   37.50000  79.9%   415 2566s
 10263  6782   40.75000  163 2341  187.00000   37.50000  79.9%   415 2607s
 10586  6960   40.75000  186 2133  187.00000   37.50000  79.9%   415 2647s
 10929  7060   42.25000  208 1781  187.00000   37.50000  79.9%   411 2842s
H10934  6798                     186.0000000   37.50000  79.8%   411 2842s
 11166  6901   41.75000  218 2064  186.00000   37.50000  79.8%   410 2889s
H11230  6633                     185.0000000   37.50000  79.7%   410 2889s
 11398  6620   42.25000  230 1990  185.00000   37.50000  79.7%   410 3073s
H11442  6372                     184.0000000   37.50000  79.6%   410 3073s
 11443  6512   42.75000  238 2010  184.00000   37.50000  79.6%   410 3124s
H11461  6283                     183.0000000   37.50000  79.5%   410 3124s
 11616  6436   42.75000  247 1990  183.00000   37.50000  79.5%   410 3176s
 11887  6608   42.75000  262 2030  183.00000   37.50000  79.5%   410 3232s
 12209  6728 infeasible  276       183.00000   37.50000  79.5%   411 3290s
 12496  6773   42.75000  293 2108  183.00000   37.50000  79.5%   411 3422s
 12682  7003   42.75000  308 1974  183.00000   37.50000  79.5%   412 3484s
 13078  6892   42.75000  337 1910  183.00000   37.50000  79.5%   410 3694s
 13103  7054   42.75000  337 1577  183.00000   37.50000  79.5%   410 3782s
 13333  7380   43.75000  352 1884  183.00000   37.50000  79.5%   413 3851s
 13820  7487   44.75000  379 1637  183.00000   37.50000  79.5%   411 3923s
 14169  7837   46.50000  406 1561  183.00000   37.50000  79.5%   414 3995s
 14861  7692   51.50000  464 1509  183.00000   37.50000  79.5%   406 4109s
 14992  8146   53.00000  469 1436  183.00000   37.50000  79.5%   404 4433s
H15663  7712                     182.0000000   37.50000  79.4%   395 4433s
 15705  7856   57.00000  525 1404  182.00000   37.50000  79.4%   396 5759s
 15969  9349   59.00000  544 1336  182.00000   37.50000  79.4%   393 6012s
 18337  9277   71.00000  705 1181  182.00000   37.50000  79.4%   372 6121s
 19499  9191   76.50000  777 1113  182.00000   37.50000  79.4%   366 6238s
 20051  9545   77.50000  814 1243  182.00000   37.50000  79.4%   365 6335s
 20931 10007   81.00000  888 1145  182.00000   37.50000  79.4%   365 6434s
 21707 10007   93.00000  957  958  182.00000   37.50000  79.4%   362 6435s
 21947 10755   81.50000  976 1010  182.00000   37.50000  79.4%   361 6533s
 23104 11582   84.00000 1051  946  182.00000   37.50000  79.4%   358 6638s
 24273 12229   88.50000 1131  983  182.00000   37.50000  79.4%   355 6776s
 25226 13243   91.00000 1178  957  182.00000   37.50000  79.4%   352 6890s
 26711 14185  100.50000 1242  858  182.00000   37.50000  79.4%   347 7013s
 28019 14963  107.00000 1326  882  182.00000   37.50000  79.4%   343 7168s
 29198 15883  118.80000 1420  785  182.00000   37.50000  79.4%   339 7283s

Cutting planes:
  Gomory: 71
  Lift-and-project: 4
  Cover: 161
  Clique: 1
  MIR: 3
  Flow cover: 148
  GUB cover: 3335
  Zero half: 757
  RLT: 6

Explored 30510 nodes (10586793 simplex iterations) in 10801.74 seconds (10948.75 work units)
Thread count was 8 (of 8 available processors)

Solution count 10: 182 183 184 ... 191

Time limit reached
Best objective 1.820000000000e+02, best bound 3.800000000000e+01, gap 79.1209%

Wrote result file 'C:\gurobi\1103\win64\bin\lubos_test_models\\20260223_51x1200_1.sol'

