Start SOLVER Sun 02/22/2026 18:38:00.72  
Set parameter TimeLimit to value 10800
Set parameter Heuristics to value 0.5
Set parameter LogFile to value "gurobi.log"
Using license file c:\gurobi\gurobi.lic

Gurobi Optimizer version 11.0.3 build v11.0.3rc0 (win64 - Windows Server 2016.0 (14393.2))
Copyright (c) 2024, Gurobi Optimization, LLC

Read LP format model from file C:\gurobi\1103\win64\bin\lubos_test_models\\20260224_66x1220_1.lp
Reading time = 0.63 seconds
: 23522 rows, 96368 columns, 1179476 nonzeros

CPU model: Intel(R) Xeon(R) Gold 6240 CPU @ 2.60GHz, instruction set [SSE2]
Thread count: 8 physical cores, 8 logical processors, using up to 8 threads

Optimize a model with 23522 rows, 96368 columns and 1179476 nonzeros
Model fingerprint: 0x83319dac
Variable types: 1 continuous, 96367 integer (96367 binary)
Coefficient statistics:
  Matrix range     [1e+00, 2e+00]
  Objective range  [1e+00, 1e+00]
  Bounds range     [1e+00, 1e+00]
  RHS range        [1e+00, 1e+03]
Presolve removed 3662 rows and 3702 columns
Presolve time: 2.78s
Presolved: 19860 rows, 92666 columns, 1162842 nonzeros
Variable types: 0 continuous, 92666 integer (92666 binary)
Deterministic concurrent LP optimizer: primal simplex, dual simplex, and barrier
Showing barrier log only...

Root barrier log...

Ordering time: 0.09s

Barrier statistics:
 AA' NZ     : 7.226e+05
 Factor NZ  : 1.907e+06 (roughly 60 MB of memory)
 Factor Ops : 2.268e+08 (less than 1 second per iteration)
 Threads    : 5

                  Objective                Residual
Iter       Primal          Dual         Primal    Dual     Compl     Time
   0  -5.15003292e+05 -1.26436172e+04  1.22e+05 2.57e-01  1.56e+01     4s
   1  -3.93942405e+05 -1.43922799e+04  9.53e+04 2.70e-01  1.23e+01     5s
   2  -3.25822036e+04 -1.54206845e+04  8.37e+03 3.66e-15  1.16e+00     5s
   3  -1.13393473e+04 -1.21594725e+04  2.33e+03 3.33e-15  3.38e-01     5s
   4  -5.39536899e+03 -5.85509635e+03  9.45e+02 2.33e-15  1.31e-01     5s
   5  -6.77076320e+02 -2.88058446e+03  1.28e+02 2.55e-15  2.84e-02     5s
   6  -4.26156670e+02 -1.06653430e+03  8.27e+01 1.89e-15  1.28e-02     5s
   7  -1.67327023e+01 -3.26540557e+02  8.74e+00 1.22e-15  2.91e-03     5s
   8   5.05003859e+01  4.52692635e+00  5.17e-01 1.33e-15  3.05e-04     5s
   9   5.53281083e+01  5.25462181e+01  2.39e-02 1.54e-15  1.65e-05     5s
  10   5.54997972e+01  5.54958762e+01  2.98e-05 1.54e-15  2.28e-08     5s
  11   5.54999999e+01  5.54999959e+01  1.49e-08 1.92e-15  2.17e-11     5s

Barrier solved model in 11 iterations and 5.24 seconds (4.83 work units)
Optimal objective 5.54999999e+01


Root crossover log...

   10226 DPushes remaining with DInf 0.0000000e+00                 8s
       0 DPushes remaining with DInf 0.0000000e+00                 8s

      74 PPushes remaining with PInf 2.0284238e-05                 8s
       0 PPushes remaining with PInf 0.0000000e+00                 8s

  Push phase complete: Pinf 0.0000000e+00, Dinf 2.6112446e-13      8s


Root simplex log...

Iteration    Objective       Primal Inf.    Dual Inf.      Time
   10303    5.5500000e+01   0.000000e+00   0.000000e+00      8s
Concurrent spin time: 0.00s

Solved with barrier
   10303    5.5500000e+01   0.000000e+00   0.000000e+00      8s

Root relaxation: objective 5.550000e+01, 10303 iterations, 5.19 seconds (3.31 work units)
Total elapsed time = 10.40s (DegenMoves)
Total elapsed time = 39.80s (DegenMoves)
Total elapsed time = 41.78s (DegenMoves)

    Nodes    |    Current Node    |     Objective Bounds      |     Work
 Expl Unexpl |  Obj  Depth IntInf | Incumbent    BestBd   Gap | It/Node Time

     0     0   55.50000    0  699          -   55.50000      -     -   42s
H    0     0                     405.0000000   55.50000  86.3%     -   42s
H    0     0                     403.0000000   55.50000  86.2%     -   47s
H    0     0                     377.0000000   55.50000  85.3%     -   64s
     0     0   55.50000    0 1570  377.00000   55.50000  85.3%     -   71s
H    0     0                     318.0000000   55.50000  82.5%     -   83s
     0     0   55.50000    0 1528  318.00000   55.50000  82.5%     -   85s
     0     0   55.50000    0  744  318.00000   55.50000  82.5%     -  109s
H    0     0                     314.0000000   55.50000  82.3%     -  119s
     0     0   55.50000    0 1059  314.00000   55.50000  82.3%     -  122s
     0     0   55.50000    0  655  314.00000   55.50000  82.3%     -  146s
H    0     0                     269.0000000   55.50000  79.4%     -  192s
     0     0   55.50000    0 1216  269.00000   55.50000  79.4%     -  196s
     0     0   55.50000    0  788  269.00000   55.50000  79.4%     -  219s
     0     0   55.50000    0  788  269.00000   55.50000  79.4%     -  222s
H    0     0                     264.0000000   55.50000  79.0%     -  247s
H    0     0                     258.0000000   55.50000  78.5%     -  265s
H    0     2                     256.0000000   55.50000  78.3%     -  301s
     0     2   55.50000    0  761  256.00000   55.50000  78.3%     -  301s
     1     4   55.50000    1 1000  256.00000   55.50000  78.3% 27954  306s
     3     8   55.50000    2 1314  256.00000   55.50000  78.3% 11927  316s
     7    16   55.50000    3 2190  256.00000   55.50000  78.3%  7947  331s
    15    24   55.50000    4 2041  256.00000   55.50000  78.3%  8748  353s
    23    32   55.50000    5 2045  256.00000   55.50000  78.3%  8533  365s
H   31    40                     250.0000000   55.50000  77.8% 12606  419s
H   31    40                     246.0000000   55.50000  77.4% 12606  419s
    39    48   55.50000    7 1990  246.00000   55.50000  77.4% 10133  420s
    47    64   56.50000    7 1939  246.00000   55.50000  77.4%  8551  437s
    63    73   56.50000    9 1889  246.00000   55.50000  77.4%  6476  449s
H   72    81                     243.0000000   55.50000  77.2%  5723  495s
H   76    81                     241.0000000   55.50000  77.0%  5447  495s
   160   200   56.50000   20 1739  241.00000   55.50000  77.0%  2755  500s
   271   321   56.50000   31 1604  241.00000   55.50000  77.0%  1810  505s
   454   494   56.50000   47 1329  241.00000   55.50000  77.0%  1200  511s
   534   598   56.50000   57 1299  241.00000   55.50000  77.0%  1073  515s
   706   723   56.50000   75 1224  241.00000   55.50000  77.0%   875  526s
   845   906   56.50000   87 1189  241.00000   55.50000  77.0%   786  532s
   973  1055   56.50000   99 1175  241.00000   55.50000  77.0%   725  537s
  1121  1206   57.00000  116 1122  241.00000   55.50000  77.0%   670  541s
H 1140  1206                     240.0000000   55.50000  76.9%   664  541s
  1303  1379   58.00000  124 1126  240.00000   55.50000  76.9%   613  546s
  1469  1490   60.00000  135 1120  240.00000   55.50000  76.9%   586  559s
H 1476  1490                     239.0000000   55.50000  76.8%   584  559s
H 1491  1490                     237.9999967   55.50000  76.7%   580  559s
H 1515  1490                     237.0000000   55.50000  76.6%   577  559s
  1519  1556   61.00000  141 1136  237.00000   55.50000  76.6%   579  563s
  1591  1608   62.00000  148 1116  237.00000   55.50000  76.6%   578  566s
  1720  1747   63.00000  161 1108  237.00000   55.50000  76.6%   575  572s
  1796  1814   64.00000  166 1129  237.00000   55.50000  76.6%   577  575s
H 1863  1821                     236.0000000   55.50000  76.5%   576  617s
H 1866  1821                     233.0000000   55.50000  76.2%   575  617s
  1872  1883   66.00000  175 1104  233.00000   55.50000  76.2%   576  627s
  1934  1943   67.50000  180 1093  233.00000   55.50000  76.2%   588  631s
  1994  1954   69.00000  185 1090  233.00000   55.50000  76.2%   588  651s
  2005  2037   69.00000  188 1115  233.00000   55.50000  76.2%   589  659s
  2094  2102   72.00000  200 1253  233.00000   55.50000  76.2%   584  664s
  2159  2180   71.50000  200 1097  233.00000   55.50000  76.2%   584  690s
  2241  2226   72.50000  203 1095  233.00000   55.50000  76.2%   589  697s
  2291  2286 infeasible  204       233.00000   55.50000  76.2%   595  706s
  2355  2338   72.50000  206 1262  233.00000   55.50000  76.2%   603  722s
H 2407  2346                     230.9999997   55.50000  76.0%   607  754s
H 2412  2346                     228.0000000   55.50000  75.7%   606  754s
  2415  2389   72.50000  207 1409  228.00000   55.50000  75.7%   607  761s
  2464  2431   72.50000  208 1373  228.00000   55.50000  75.7%   607  777s
  2512  2464   72.50000  210 1099  228.00000   55.50000  75.7%   607  788s
  2549  2472   73.00000  211 1543  228.00000   55.50000  75.7%   611  839s
H 2550  2472                     227.0000000   55.50000  75.6%   611  839s
H 2552  2472                     224.0000000   55.50000  75.2%   611  839s
H 2557  2480                     223.0000000   55.50000  75.1%   612  871s
H 2558  2480                     221.0000000   55.50000  74.9%   612  871s
  2565  2496   73.00000  213 1595  221.00000   55.50000  74.9%   614  899s
  2583  2504   73.00000  214 1539  221.00000   55.50000  74.9%   620  924s
H 2586  2504                     220.0000000   55.50000  74.8%   622  924s
  2591  2520   73.00000  215 1098  220.00000   55.50000  74.8%   622  932s
  2609  2536   74.00000  217 1096  220.00000   55.50000  74.8%   623  946s
  2627  2542 infeasible  219       220.00000   55.50000  74.8%   623 1061s
H 2628  2542                     219.0000000   55.50000  74.7%   623 1061s
H 2630  2542                     218.0000000   55.50000  74.5%   623 1061s
H 2635  2542                     217.0000000   55.50000  74.4%   623 1061s
H 2637  2550                     216.0000000   55.50000  74.3%   623 1128s
H 2639  2550                     214.0000000   55.50000  74.1%   623 1128s
  2645  2564   74.00000  221 1337  214.00000   55.50000  74.1%   623 1138s
  2661  2577   74.50000  221 1117  214.00000   55.50000  74.1%   624 1154s
  2686  2594   74.00000  222 1366  214.00000   55.50000  74.1%   624 1164s
  2703  2616   74.00000  223 1107  214.00000   55.50000  74.1%   624 1181s
  2725  2629 infeasible  225       214.00000   55.50000  74.1%   624 1197s
  2744  2645   74.00000  228 1104  214.00000   55.50000  74.1%   625 1225s
  2760  2659   74.50000  229 1103  214.00000   55.50000  74.1%   629 1235s
  2774  2674   74.50000  230 1197  214.00000   55.50000  74.1%   632 1249s
  2791  2686   74.50000  231 1463  214.00000   55.50000  74.1%   634 1267s
H 2796  2686                     213.0000000   55.50000  73.9%   635 1268s
  2803  2701   74.50000  231 1542  213.00000   55.50000  73.9%   637 1295s
  2818  2718   74.50000  232 1692  213.00000   55.50000  73.9%   645 1305s
  2835  2734   74.50000  233 1854  213.00000   55.50000  73.9%   647 1315s
  2851  2753   74.50000  236 1111  213.00000   55.50000  73.9%   648 1347s
H 2853  2753                     212.0000000   55.50000  73.8%   648 1347s
  2870  2770   75.00000  238 1331  212.00000   55.50000  73.8%   651 1376s
  2889  2778   74.50000  239 1144  212.00000   55.50000  73.8%   656 1460s
H 2891  2778                     209.0000000   55.50000  73.4%   656 1460s
H 2897  2786                     208.0000000   55.50000  73.3%   656 1519s
  2905  2812   74.50000  241 1518  208.00000   55.50000  73.3%   656 1532s
  2935  2819   75.50000  243 1125  208.00000   55.50000  73.3%   656 1600s
H 2936  2819                     207.0000000   55.50000  73.2%   656 1600s
  2944  2835   76.00000  244 1124  207.00000   55.50000  73.2%   657 1614s
  2966  2852   76.00000  246 1301  207.00000   55.50000  73.2%   658 1636s
H 2983  2860                     206.0000000   55.50000  73.1%   660 1748s
H 2988  2860                     204.0000000   55.50000  72.8%   659 1748s
  2991  2871   76.00000  248 1177  204.00000   55.50000  72.8%   659 1762s
  3002  2907   76.00000  251 1169  204.00000   55.50000  72.8%   658 1773s
  3044  2984 infeasible  253       204.00000   55.50000  72.8%   655 1781s
  3135  3043   77.00000  266 1170  204.00000   55.50000  72.8%   645 1790s
  3196  3131   78.00000  273 1180  204.00000   55.50000  72.8%   642 1800s
  3292  3241   80.00000  286 1146  204.00000   55.50000  72.8%   633 1811s
  3406  3322   81.00000  293 1146  204.00000   55.50000  72.8%   620 1821s
  3491  3389   82.00000  302 1154  204.00000   55.50000  72.8%   615 1831s
  3570  3485   82.00000  309 1165  204.00000   55.50000  72.8%   611 1841s
  3668  3599   82.00000  316 1166  204.00000   55.50000  72.8%   604 1852s
  3792  3721   83.00000  323 1142  204.00000   55.50000  72.8%   593 1864s
  3916  3747   83.00000  329 1218  204.00000   55.50000  72.8%   584 1903s
H 3934  3747                     203.0000000   55.50000  72.7%   582 1903s
  3944  3876   83.00000  329 1183  203.00000   55.50000  72.7%   582 1916s
  4081  4009   84.00000  343 1208  203.00000   55.50000  72.7%   573 1929s
  4224  4142   86.00000  356 1146  203.00000   55.50000  72.7%   564 1943s
  4359  4154   88.00000  365 1233  203.00000   55.50000  72.7%   556 2059s
H 4364  4154                     202.0000000   55.50000  72.5%   557 2059s
  4371  4282   87.50000  366 1263  202.00000   55.50000  72.5%   557 2073s
  4507  4431   88.00000  373 1218  202.00000   55.50000  72.5%   550 2087s
  4668  4494   90.50000  391 1259  202.00000   55.50000  72.5%   542 2118s
  4734  4669   94.00000  406 1242  202.00000   55.50000  72.5%   539 2133s
H 4915  4677                     201.0000000   55.50000  72.4%   530 2296s
  4923  4692   97.00000  427 1168  201.00000   55.50000  72.4%   530 2833s
H 4924  4692                     200.0000000   55.50000  72.2%   530 2833s
H 4931  4692                     199.0000000   55.50000  72.1%   530 2833s
  4938  4885   97.50000  428 1165  199.00000   55.50000  72.1%   529 2849s
  5183  5117   99.00000  446 1184  199.00000   55.50000  72.1%   515 2866s
  5459  5315  105.00000  482 1162  199.00000   55.50000  72.1%   499 2884s
  5685  5561  106.00000  500 1190  199.00000   55.50000  72.1%   491 2902s
  5949  5787  107.50000  526 1155  199.00000   55.50000  72.1%   480 2920s
  6191  6027  111.50000  556 1141  199.00000   55.50000  72.1%   472 2939s
  6447  6317  114.00000  582 1195  199.00000   55.50000  72.1%   464 2959s
  6759  6616  127.50000  632 1125  199.00000   55.50000  72.1%   454 2980s
  7092  7002  130.50000  653 1121  199.00000   55.50000  72.1%   444 3001s
  7533  7003   74.50000  235  788  199.00000   55.50000  72.1%   429 3044s
  7535  7004  109.00000  493  708  199.00000   56.00000  71.9%   429 3084s
  7536  7005   78.50000  278  690  199.00000   56.00000  71.9%   428 3120s
  7537  7006   57.50000   80 1411  199.00000   56.00000  71.9%   428 3127s
  7538  7006   87.00000  287  759  199.00000   56.00000  71.9%   428 3158s
  7539  7007  122.50000  616 1761  199.00000   56.00000  71.9%   428 3168s
  7540  7008   56.50000   31  758  199.00000   56.00000  71.9%   428 3254s
  7541  7008   77.00000  263 2213  199.00000   56.00000  71.9%   428 3271s
  7542  7009   56.50000   66  910  199.00000   56.00000  71.9%   428 3327s
  7543  7010   66.50000  205  861  199.00000   56.00000  71.9%   428 3335s
  7544  7010   90.00000  340  861  199.00000   56.00000  71.9%   428 3592s
  7545  7014   56.00000   14  806  199.00000   56.00000  71.9%   486 3631s
  7551  7024   56.00000   16  762  199.00000   56.00000  71.9%   486 3638s
  7559  7029   56.00000   17  933  199.00000   56.00000  71.9%   487 3641s
  7575  7039   56.00000   18  752  199.00000   56.00000  71.9%   486 3687s
  7591  7048   56.00000   19  766  199.00000   56.00000  71.9%   487 3690s
  7609  7058   56.00000   20  757  199.00000   56.00000  71.9%   486 3697s
  7627  7094   56.00000   21  758  199.00000   56.00000  71.9%   487 3703s
  7662  7091   56.00000   23  860  199.00000   56.00000  71.9%   490 3714s
  7671  7148   56.00000   24  792  199.00000   56.00000  71.9%   491 3724s
  7731  7260 infeasible   28       199.00000   56.00000  71.9%   492 3743s
  7865  7447   56.00000   39  807  199.00000   56.00000  71.9%   498 3774s
  8105  7579   56.00000   53  837  199.00000   56.00000  71.9%   499 3840s
  8350  7613   56.50000   73  829  199.00000   56.00000  71.9%   515 3917s
  8482  7814   56.50000   81  870  199.00000   56.00000  71.9%   540 3985s
  8766  7899   57.00000  102 1076  199.00000   56.00000  71.9%   550 4079s
  8965  7953   57.50000  109 1013  199.00000   56.00000  71.9%   567 4164s
  9105  8204   57.50000  117 1506  199.00000   56.00000  71.9%   570 4278s
  9469  8406   57.50000  135 1343  199.00000   56.00000  71.9%   575 4406s
  9879  8499   57.50000  155 1424  199.00000   56.00000  71.9%   577 4552s
 10178  8453   57.50000  167 1788  199.00000   56.00000  71.9%   583 4686s
 10242  8659   58.00000  169 1741  199.00000   56.00000  71.9%   588 4807s
 10542  8895   57.50000  181 1214  199.00000   56.00000  71.9%   589 4941s
 11031  9169 infeasible  192       199.00000   56.00000  71.9%   592 5085s
 11659  9454   59.00000  239 2200  199.00000   56.00000  71.9%   587 5227s
 12398  9438   59.00000  277 1993  199.00000   56.00000  71.9%   575 5371s
 12793  9779   59.50000  300 1996  199.00000   56.00000  71.9%   571 5517s
 13426 10104 infeasible  337       199.00000   56.00000  71.9%   564 5674s
 14134 10381   64.50000  371 2062  199.00000   56.00000  71.9%   559 5840s
 14772 10589   65.00000  415 2078  199.00000   56.00000  71.9%   561 6051s
 15319 11045   67.00000  452 2187  199.00000   56.00000  71.9%   560 6270s
 16185 11130   69.00000  503 1862  199.00000   56.00000  71.9%   559 6494s
 16681 11251   70.50000  535 1932  199.00000   56.00000  71.9%   561 6903s
 17067 11950   71.50000  555 1665  199.00000   56.00000  71.9%   561 7172s
 18213 12230   73.00000  594 1766  199.00000   56.00000  71.9%   554 7418s
 19205 12562   79.50000  639 1606  199.00000   56.00000  71.9%   550 7680s
 20078 12328   85.75000  694 1800  199.00000   56.00000  71.9%   552 8156s
H20128 11961                     198.0000000   56.00000  71.7%   552 8156s
 20197 12539   86.50000  701 1611  198.00000   56.00000  71.7%   552 8409s
 20408 12468 infeasible  832       198.00000   56.00000  71.7%   552 8410s
 21052 12892 infeasible  743       198.00000   56.00000  71.7%   555 8685s
 21864 13341   94.00000  795 1397  198.00000   56.00000  71.7%   557 8954s
 22823 13948  101.00000  847 1589  198.00000   56.00000  71.7%   558 9285s
 24262 14607 infeasible  897       198.00000   56.00000  71.7%   546 9528s
 26337 14971  133.00000 1010 1069  198.00000   56.00000  71.7%   522 9815s
 28339 15356  139.50000 1097  888  198.00000   56.00000  71.7%   501 10052s

Cutting planes:
  Gomory: 106
  Cover: 153
  Clique: 1
  MIR: 3
  Flow cover: 82
  GUB cover: 3603
  Zero half: 599
  RLT: 2

Explored 30084 nodes (15012463 simplex iterations) in 10826.91 seconds (12596.09 work units)
Thread count was 8 (of 8 available processors)

Solution count 10: 198 199 200 ... 208

Time limit reached
Best objective 1.980000000000e+02, best bound 5.600000000000e+01, gap 71.7172%

Wrote result file 'C:\gurobi\1103\win64\bin\lubos_test_models\\20260224_66x1220_1.sol'

