Start SOLVER Sun 02/22/2026  9:37:49.48  
Set parameter TimeLimit to value 10800
Set parameter Heuristics to value 0.5
Set parameter LogFile to value "gurobi.log"
Using license file c:\gurobi\gurobi.lic

Gurobi Optimizer version 11.0.3 build v11.0.3rc0 (win64 - Windows Server 2016.0 (14393.2))
Copyright (c) 2024, Gurobi Optimization, LLC

Read LP format model from file C:\gurobi\1103\win64\bin\lubos_test_models\\20260223_51x1200_3.lp
Reading time = 0.50 seconds
: 9928 rows, 62399 columns, 1032169 nonzeros

CPU model: Intel(R) Xeon(R) Gold 6240 CPU @ 2.60GHz, instruction set [SSE2]
Thread count: 8 physical cores, 8 logical processors, using up to 8 threads

Optimize a model with 9928 rows, 62399 columns and 1032169 nonzeros
Model fingerprint: 0x36cfd4b4
Variable types: 0 continuous, 62399 integer (62399 binary)
Coefficient statistics:
  Matrix range     [1e+00, 1e+01]
  Objective range  [1e+00, 1e+00]
  Bounds range     [1e+00, 1e+00]
  RHS range        [1e+00, 2e+02]
Presolve removed 153 rows and 335 columns
Presolve time: 2.37s
Presolved: 9775 rows, 62064 columns, 986236 nonzeros
Variable types: 0 continuous, 62064 integer (62064 binary)
Deterministic concurrent LP optimizer: primal simplex, dual simplex, and barrier
Showing barrier log only...

Root barrier log...

Ordering time: 0.03s

Barrier statistics:
 AA' NZ     : 4.564e+05
 Factor NZ  : 9.231e+05 (roughly 40 MB of memory)
 Factor Ops : 9.762e+07 (less than 1 second per iteration)
 Threads    : 5

                  Objective                Residual
Iter       Primal          Dual         Primal    Dual     Compl     Time
   0   6.06924919e+04 -5.83805342e+02  1.23e+05 1.73e-15  1.09e+01     4s
   1   4.88104103e+04 -2.02744305e+03  9.70e+04 2.03e-01  8.62e+00     4s
   2   1.00813031e+04 -3.45201876e+03  1.71e+04 2.05e-15  1.57e+00     4s
   3   1.34523427e+03 -2.48522849e+03  1.73e+03 2.83e-15  1.72e-01     4s
   4   4.18575230e+02 -8.94729972e+02  3.47e+02 1.61e-15  3.60e-02     4s
   5   4.08099236e+01 -3.84810241e+02  3.19e+01 1.39e-15  5.21e-03     4s
   6   5.40470082e+00 -1.22200484e+02  4.01e+00 1.36e-15  1.09e-03     4s
   7   1.50125782e-01 -5.69286873e+00  7.48e-02 1.55e-15  4.44e-05     4s
   8   9.99156983e-04 -7.16822463e-03  3.23e-04 1.50e-15  6.16e-08     4s
   9   2.62276409e-09 -2.97725671e-08  8.62e-10 1.57e-15  2.44e-13     4s
  10   2.62276409e-12 -2.70409850e-11  2.13e-13 2.02e-15  2.44e-16     4s

Barrier solved model in 10 iterations and 4.24 seconds (3.90 work units)
Optimal objective 2.62276409e-12

  Building initial crossover basis                                 5s

Root crossover log...

    1202 DPushes remaining with DInf 0.0000000e+00                 6s
       0 DPushes remaining with DInf 0.0000000e+00                 6s

     300 PPushes remaining with PInf 0.0000000e+00                 6s
       0 PPushes remaining with PInf 0.0000000e+00                 6s

  Push phase complete: Pinf 0.0000000e+00, Dinf 0.0000000e+00      6s


Root simplex log...

Iteration    Objective       Primal Inf.    Dual Inf.      Time
     306    0.0000000e+00   0.000000e+00   0.000000e+00      6s
Concurrent spin time: 0.00s

Solved with barrier

Root relaxation: objective 0.000000e+00, 306 iterations, 3.02 seconds (1.81 work units)
Total elapsed time = 17.26s (DegenMoves)
Total elapsed time = 25.54s (DegenMoves)
Total elapsed time = 32.20s (DegenMoves)

    Nodes    |    Current Node    |     Objective Bounds      |     Work
 Expl Unexpl |  Obj  Depth IntInf | Incumbent    BestBd   Gap | It/Node Time

     0     0    0.00000    0 2612          -    0.00000      -     -   36s
H    0     0                    1199.0000000    0.00000   100%     -   39s
     0     0    0.00000    0 3001 1199.00000    0.00000   100%     -   51s
H    0     0                    1021.0000000    0.00000   100%     -   52s
H    0     0                     462.0000000    0.00000   100%     -  101s
     0     0    0.00000    0 3145  462.00000    0.00000   100%     -  115s
     0     0    0.00000    0 2927  462.00000    0.00000   100%     -  172s
H    0     0                     429.0000000    0.00000   100%     -  185s
     0     0    0.00000    0 3231  429.00000    0.00000   100%     -  198s
     0     0    0.00000    0 2962  429.00000    0.00000   100%     -  255s
H    0     0                     360.0000000    0.00000   100%     -  259s
     0     0    0.00000    0 3254  360.00000    0.00000   100%     -  273s
     0     0    0.00000    0 2991  360.00000    0.00000   100%     -  330s
     0     0    0.00000    0 2907  360.00000    0.00000   100%     -  363s
H    0     0                     335.0000000    0.00000   100%     -  385s
H    0     0                     323.0000000    0.00000   100%     -  406s
H    0     2                     314.0000000    0.00000   100%     -  492s
     0     2    0.00000    0 2827  314.00000    0.00000   100%     -  492s
     1     4    0.00000    1 2732  314.00000    0.00000   100% 64634  542s
     3     8    0.00000    2 2930  314.00000    0.00000   100% 40431  621s
     7    16    0.00000    3 3157  314.00000    0.00000   100% 29491  783s
    15    24    0.35568    4 3656  314.00000    0.00000   100% 32024  939s
    23    32    0.00000    4 3562  314.00000    0.00000   100% 28350 1074s
H   31    40                     305.0000000    0.00000   100% 26012 1113s
H   33    40                     303.0000000    0.00000   100% 24763 1113s
H   34    40                     302.0000000    0.00000   100% 24165 1113s
H   35    40                     298.9999994    0.00000   100% 23623 1113s
    39    48    0.35568    6 3257  299.00000    0.00000   100% 21750 1127s
    47    59    0.35568    7 3237  299.00000    0.00000   100% 18830 1212s
    58    73    0.35568    8 3242  299.00000    0.00000   100% 16069 1251s
H   72    81                     297.0000000    0.00000   100% 13797 1402s
H   73    81                     291.0000000    0.00000   100% 13652 1402s
    80    89    0.59064   11 3230  291.00000    0.00000   100% 12870 1499s
    88   108    0.35568   11 3203  291.00000    0.00000   100% 11979 1525s
H  107   116                     286.0000000    0.00000   100% 10443 1574s
H  110   116                     281.0000000    0.00000   100% 10271 1574s
H  113   116                     280.0000000    0.00000   100% 10218 1574s
   115   134    0.35568   13 3207  280.00000    0.00000   100% 10131 1632s
   133   146    0.35568   14 3146  280.00000    0.00000   100%  9647 1675s
H  145   156                     277.0000000    0.00000   100%  9652 1697s
H  146   156                     275.0000000    0.00000   100%  9607 1697s
H  147   156                     273.0000000    0.00000   100%  9570 1697s
H  149   156                     272.0000000    0.00000   100%  9497 1697s
   155   176    0.58167   15 3186  272.00000    0.00000   100%  9276 1777s
   175   198    0.61355   16 3213  272.00000    0.00000   100%  9099 1849s
H  197   214                     270.0000000    0.00000   100%  8505 1942s
H  199   214                     268.0000000    0.00000   100%  8475 1942s
   213   237    0.35568   18 3127  268.00000    0.00000   100%  8616 2003s
H  226   237                     267.0000000    0.00000   100%  8522 2003s
   236   264    0.35568   19 3102  267.00000    0.00000   100%  8291 2102s
H  238   264                     265.0000000    0.00000   100%  8233 2102s
H  250   264                     263.0000000    0.00000   100%  7969 2102s
H  255   264                     262.0000000    0.00000   100%  7996 2102s
H  262   264                     261.0000000    0.00000   100%  7851 2102s
   263   293    0.58438   21 3094  261.00000    0.00000   100%  8050 2139s
H  292   310                     260.0000000    0.00000   100%  7597 2227s
H  296   310                     258.0000000    0.00000   100%  7662 2227s
H  306   310                     256.0000000    0.00000   100%  7592 2227s
   309   328    0.35568   24 3103  256.00000    0.00000   100%  7574 2315s
   327   359    0.64040   26 3134  256.00000    0.00000   100%  7841 2383s
H  358   379                     254.0000000    0.00000   100%  7492 2425s
H  363   379                     250.0000000    0.00000   100%  7436 2425s
   378   403    0.35568   29 3087  250.00000    0.00000   100%  7264 2496s
H  402   425                     248.9999991    0.00000   100%  7158 2619s
H  405   425                     246.0000000    0.00000   100%  7185 2619s
   424   464    0.35568   34 3018  246.00000    0.00000   100%  7194 2759s
H  463   490                     245.0000000    0.00000   100%  7051 3009s
H  469   490                     243.0000000    0.00000   100%  7019 3009s
   489   542    0.35568   37 3111  243.00000    0.00000   100%  7217 3129s
   541   587    0.35568   39 3039  243.00000    0.00000   100%  6929 3203s
H  568   587                     239.0000000    0.00000   100%  6845 3203s
   586   628    0.35568   40 3044  239.00000    0.00000   100%  6708 3264s
H  593   628                     238.0000000    0.00000   100%  6694 3264s
H  627   664                     237.0000000    0.00000   100%  6568 3356s
   663   700    0.35568   43 3097  237.00000    0.00000   100%  6459 3449s
H  699   736                     236.0000000    0.00000   100%  6342 3528s
H  701   736                     235.0000000    0.00000   100%  6367 3528s
   735   789    0.35568   48 3050  235.00000    0.00000   100%  6274 3622s
   788   832    0.35568   50 3031  235.00000    0.00000   100%  6152 3705s
H  791   832                     233.0000000    0.00000   100%  6170 3705s
   831   891    0.60044   52 3051  233.00000    0.00000   100%  6077 3801s
H  890   951                     232.0000000    0.00000   100%  5953 3884s
   950  1012    0.35568   54 3073  232.00000    0.00000   100%  5828 3992s
  1011  1059    0.35568   57 3074  232.00000    0.00000   100%  5761 4088s
H 1017  1059                     229.0000000    0.00000   100%  5750 4088s
  1058  1134    0.35568   61 3093  229.00000    0.00000   100%  5703 4227s
H 1133  1195                     226.0000000    0.00000   100%  5587 4347s
  1194  1270    0.35568   67 3021  226.00000    0.00000   100%  5515 4441s
  1269  1329    0.35568   72 3007  226.00000    0.00000   100%  5420 4580s
H 1283  1329                     225.0000000    0.00000   100%  5435 4580s
  1328  1406    0.59477   76 2993  225.00000    0.00000   100%  5393 4750s
  1405  1490    0.59477   79 3054  225.00000    0.00000   100%  5384 4888s
  1489  1587    0.59477   82 3033  225.00000    0.00000   100%  5310 5035s
H 1586  1688                     224.0000000    0.00000   100%  5226 5177s
  1687  1787    0.59509   94 3069  224.00000    0.00000   100%  5132 5312s
  1786  1880    1.48409  101 3095  224.00000    0.00000   100%  5070 5471s
  1879  1965    0.59520  103 3053  224.00000    0.00000   100%  5037 5665s
  1964  2057    0.81858  106 3000  224.00000    0.00000   100%  5052 5817s
H 2054  2057                     223.0000000    0.00000   100%  5044 5817s
  2056  2161    1.82390  109 3001  223.00000    0.00000   100%  5043 5993s
  2160  2266    1.70746  111 2992  223.00000    0.00000   100%  5031 6155s
H 2237  2266                     222.0000000    0.00000   100%  4996 6155s
  2265  2379    1.70746  116 2990  222.00000    0.00000   100%  4989 6360s
  2378  2509    1.70746  119 2986  222.00000    0.00000   100%  4973 6569s
H 2474  2509                     221.0000000    0.00000   100%  4939 6569s
  2508  2634    1.70845  127 2993  221.00000    0.00000   100%  4925 6796s
H 2561  2634                     220.0000000    0.00000   100%  4922 6796s
H 2577  2634                     219.0000000    0.00000   100%  4923 6796s
  2633  2772    1.70845  134 2982  219.00000    0.00000   100%  4901 6989s
H 2739  2772                     218.0000000    0.00000   100%  4880 6989s
  2771  2903    2.25818  145 3283  218.00000    0.00000   100%  4883 7212s
H 2902  3038                     216.9999993    0.00000   100%  4854 7417s
H 2984  3038                     216.0000000    0.00000   100%  4841 7417s
  3037  3179    1.70845  151 2907  216.00000    0.00000   100%  4828 7666s
H 3178  3309                     214.0000000    0.00000   100%  4825 7938s
  3308  3470    2.22203  161 3232  214.00000    0.00000   100%  4825 8155s
H 3336  3470                     213.0000000    0.00000   100%  4825 8155s
  3469  3631    2.04899  168 2989  213.00000    0.00000   100%  4787 8411s
  3630  3784    5.17922  181 2931  213.00000    0.00000   100%  4763 8651s
H 3661  3784                     212.0000000    0.00000   100%  4787 8651s
  3783  3953    5.26807  186 2881  212.00000    0.00000   100%  4765 8909s
H 3832  3953                     211.0000000    0.00000   100%  4770 8909s
  3952  4136    5.26807  199 2954  211.00000    0.00000   100%  4767 9171s
H 3996  4136                     210.0000000    0.00000   100%  4759 9171s
  4135  4305    5.26807  212 2935  210.00000    0.00000   100%  4735 9436s
  4304  4467    5.26807  220 2932  210.00000    0.00000   100%  4750 9760s
H 4378  4467                     209.0000000    0.00000   100%  4755 9760s
  4466  4631    5.76463  234 3155  209.00000    0.00000   100%  4772 10089s
H 4501  4631                     208.0000000    0.00000   100%  4794 10089s
  4630  4771    5.26807  241 2946  208.00000    0.00000   100%  4805 10392s
H 4655  4771                     207.0000000    0.00000   100%  4810 10392s
  4770  4944    5.26807  251 2917  207.00000    0.00000   100%  4853 10714s
  4943  4995    5.26807  263 2911  207.00000    0.00000   100%  4887 10800s

Cutting planes:
  Gomory: 1
  Cover: 1625
  MIR: 235
  StrongCG: 85
  GUB cover: 3626
  Zero half: 711
  RLT: 54

Explored 4994 nodes (24695551 simplex iterations) in 10800.17 seconds (15989.51 work units)
Thread count was 8 (of 8 available processors)

Solution count 10: 207 208 209 ... 217

Time limit reached
Best objective 2.070000000000e+02, best bound 0.000000000000e+00, gap 100.0000%

Wrote result file 'C:\gurobi\1103\win64\bin\lubos_test_models\\20260223_51x1200_3.sol'

