Start SOLVER Mon 02/23/2026  6:38:38.07  
Set parameter TimeLimit to value 10800
Set parameter Heuristics to value 0.5
Set parameter LogFile to value "gurobi.log"
Using license file c:\gurobi\gurobi.lic

Gurobi Optimizer version 11.0.3 build v11.0.3rc0 (win64 - Windows Server 2016.0 (14393.2))
Copyright (c) 2024, Gurobi Optimization, LLC

Read LP format model from file C:\gurobi\1103\win64\bin\lubos_test_models\\20260224_66x1220_5.lp
Reading time = 1.08 seconds
: 23521 rows, 81739 columns, 2064469 nonzeros

CPU model: Intel(R) Xeon(R) Gold 6240 CPU @ 2.60GHz, instruction set [SSE2]
Thread count: 8 physical cores, 8 logical processors, using up to 8 threads

Optimize a model with 23521 rows, 81739 columns and 2064469 nonzeros
Model fingerprint: 0x50016533
Variable types: 1219 continuous, 80520 integer (80520 binary)
Coefficient statistics:
  Matrix range     [1e+00, 1e+00]
  Objective range  [1e+00, 1e+00]
  Bounds range     [1e+00, 1e+00]
  RHS range        [1e+00, 1e+02]
Presolve removed 4 rows and 42 columns
Presolve time: 4.86s
Presolved: 23517 rows, 81697 columns, 1906374 nonzeros
Variable types: 0 continuous, 81697 integer (80478 binary)
Deterministic concurrent LP optimizer: primal simplex, dual simplex, and barrier
Showing barrier log only...

Root barrier log...

Ordering time: 0.61s

Barrier statistics:
 AA' NZ     : 1.969e+06
 Factor NZ  : 2.661e+06 (roughly 60 MB of memory)
 Factor Ops : 3.145e+08 (less than 1 second per iteration)
 Threads    : 5

                  Objective                Residual
Iter       Primal          Dual         Primal    Dual     Compl     Time
   0   4.16122439e+05 -2.82307054e+04  1.22e+05 6.33e-02  4.81e+01     8s
   1   3.76921108e+05 -4.68252046e+04  9.50e+04 9.03e-01  3.68e+01     8s
   2   1.03354520e+05 -5.88093703e+04  7.85e+03 2.09e-14  3.60e+00     8s
   3   3.27813145e+04 -8.22795535e+03  1.92e+03 1.80e-14  8.33e-01     8s
   4   6.12490082e+03 -5.28853457e+03  3.49e+02 1.29e-14  1.71e-01     8s
   5   1.38839823e+03 -2.18325292e+03  7.14e+01 9.66e-15  4.01e-02     8s
   6   9.14863491e+02 -1.01729146e+03  4.46e+01 4.88e-15  2.08e-02     8s
   7   1.90561805e+02 -5.11560005e+02  4.30e+00 3.11e-15  5.33e-03     8s
   8   5.58535238e+01 -2.07625287e+02  1.23e+00 3.61e-15  1.67e-03     9s
   9   1.96676857e+01 -7.66834485e+01  4.28e-01 5.11e-15  5.67e-04     9s
  10   7.20882154e+00 -2.27831932e+01  1.45e-01 4.52e-15  1.71e-04     9s
  11   3.42114618e+00 -9.63618378e+00  5.52e-02 5.01e-15  7.35e-05     9s
  12   1.33951250e+00 -6.25689713e-01  6.39e-03 4.88e-15  1.09e-05     9s
  13   1.08667501e+00  6.95495242e-01  1.49e-03 4.60e-15  2.18e-06     9s
  14   1.01378610e+00  9.24599730e-01  1.62e-04 4.83e-15  4.89e-07     9s
  15   1.00202660e+00  9.84251525e-01  1.24e-05 6.15e-15  9.64e-08     9s
  16   1.00040485e+00  9.94857885e-01  2.30e-06 4.77e-15  3.00e-08    10s
  17   1.00014880e+00  9.98827977e-01  8.61e-07 4.14e-15  7.16e-09    10s
  18   1.00010202e+00  9.99472131e-01  5.85e-07 4.67e-15  3.43e-09    10s
  19   1.00007796e+00  9.99646876e-01  4.32e-07 3.68e-15  2.35e-09    10s
  20   1.00002242e+00  9.99835971e-01  1.41e-07 4.40e-15  1.01e-09    10s
  21   1.00001032e+00  9.99978288e-01  8.93e-08 5.41e-15  1.78e-10    10s
  22   1.00000447e+00  9.99989070e-01  3.93e-08 3.91e-15  8.53e-11    10s
  23   1.00000363e+00  9.99990552e-01  3.19e-08 4.00e-15  7.23e-11    11s
  24   1.00000285e+00  9.99993851e-01  2.51e-08 3.55e-15  5.00e-11    11s
  25   1.00000072e+00  9.99997875e-01  7.21e-09 4.00e-15  1.57e-11    11s
  26   1.00000037e+00  9.99999095e-01  3.67e-09 4.08e-15  7.07e-12    11s
  27   1.00000027e+00  9.99999498e-01  3.56e-09 4.77e-15  4.31e-12    11s
  28   1.00000004e+00  9.99999862e-01  3.63e-09 4.56e-15  9.64e-13    11s
  29   1.00000004e+00  9.99999894e-01  6.56e-07 4.11e-15  7.94e-13    11s
  30   1.00000002e+00  9.99999943e-01  3.64e-07 2.99e-14  4.32e-13    11s
  31   1.00000000e+00  9.99999988e-01  2.97e-08 3.51e-14  8.37e-14    12s

Barrier solved model in 31 iterations and 11.63 seconds (9.73 work units)
Optimal objective 1.00000000e+00

  Building initial crossover basis                                15s

Root crossover log...

    4734 DPushes remaining with DInf 4.4334582e-06                19s
    1361 DPushes remaining with DInf 0.0000000e+00                20s
       0 DPushes remaining with DInf 0.0000000e+00                21s

    1499 PPushes remaining with PInf 4.1320042e-05                21s
       0 PPushes remaining with PInf 3.0641114e-04                23s

  Push phase complete: Pinf 3.0641114e-04, Dinf 7.3947248e-13     23s


Root simplex log...

Iteration    Objective       Primal Inf.    Dual Inf.      Time
    5040    1.0000000e+00   3.064111e-04   0.000000e+00     23s
    5292    1.0000000e+00   0.000000e+00   0.000000e+00     25s
Concurrent spin time: 0.89s

Solved with barrier

Root relaxation: objective 1.000000e+00, 5292 iterations, 20.25 seconds (14.72 work units)

    Nodes    |    Current Node    |     Objective Bounds      |     Work
 Expl Unexpl |  Obj  Depth IntInf | Incumbent    BestBd   Gap | It/Node Time

     0     0    1.00000    0 12051          -    1.00000      -     -   99s
H    0     0                    79235.000000    1.00000   100%     -  174s
     0     0    1.00000    0 12131 79235.0000    1.00000   100%     -  264s
H    0     0                    1057.0000000    1.00000   100%     -  412s
H    0     0                     391.0000000    1.00000   100%     -  668s
     0     0    1.00000    0 11954  391.00000    1.00000   100%     -  686s
     0     0    1.00000    0 11889  391.00000    1.00000   100%     -  923s
H    0     0                     367.0000000    1.00000   100%     -  940s
     0     0    1.00000    0 11765  367.00000    1.00000   100%     -  967s
     0     0    1.00198    0 12630  367.00000    1.00198   100%     - 1284s
H    0     0                     308.0000000    1.00198   100%     - 1299s
     0     0    1.00198    0 12698  308.00000    1.00198   100%     - 1327s
     0     0    1.00199    0 13002  308.00000    1.00199   100%     - 1562s
H    0     0                     299.0000000    1.00199   100%     - 1571s
     0     0    1.00199    0 13060  299.00000    1.00199   100%     - 1602s
     0     0    1.00199    0 12950  299.00000    1.00199   100%     - 1818s
H    0     0                     293.0000000    1.00199   100%     - 1827s
     0     0    1.00199    0 12865  293.00000    1.00199   100%     - 1884s
     0     0    1.00200    0 13118  293.00000    1.00200   100%     - 2198s
H    0     0                     287.0000000    1.00200   100%     - 2212s
     0     0    1.00200    0 12798  287.00000    1.00200   100%     - 2274s
     0     0    1.00203    0 13971  287.00000    1.00203   100%     - 2592s
H    0     0                     281.0000000    1.00203   100%     - 2598s
     0     0    1.00203    0 13911  281.00000    1.00203   100%     - 2645s
     0     0    1.00206    0 13410  281.00000    1.00206   100%     - 2904s
H    0     0                     275.0000000    1.00206   100%     - 2919s
     0     0    1.00206    0 13435  275.00000    1.00206   100%     - 2973s
     0     0    1.00213    0 13624  275.00000    1.00213   100%     - 3153s
H    0     0                     268.0000000    1.00213   100%     - 3160s
     0     0    1.00213    0 13677  268.00000    1.00213   100%     - 3188s
     0     0    1.00241    0 13674  268.00000    1.00241   100%     - 3337s
H    0     0                     260.0000000    1.00241   100%     - 3363s
     0     0    1.00242    0 13699  260.00000    1.00242   100%     - 3399s
     0     0    1.01410    0 12709  260.00000    1.01410   100%     - 4256s
H    0     0                     257.0000000    1.01410   100%     - 4262s
     0     0    1.01413    0 12991  257.00000    1.01413   100%     - 4301s
     0     0    1.02049    0 13242  257.00000    1.02049   100%     - 4871s
H    0     0                     255.0000000    1.02049   100%     - 4897s
     0     0    1.02061    0 13091  255.00000    1.02061   100%     - 4917s
     0     0    1.05217    0 13454  255.00000    1.05217   100%     - 5409s
H    0     0                     248.0000000    1.05217   100%     - 5426s
     0     0    1.06008    0 13277  248.00000    1.06008   100%     - 5686s
     0     0    1.26891    0 13218  248.00000    1.26891  99.5%     - 6472s
H    0     0                     243.9999997    1.26891  99.5%     - 6509s
     0     0    1.28333    0 13166  244.00000    1.28333  99.5%     - 6622s
     0     0    2.93699    0 11886  244.00000    2.93699  98.8%     - 7372s
H    0     0                     236.0000000    2.93699  98.8%     - 7388s
     0     0    3.09037    0 12136  236.00000    3.09037  98.7%     - 7626s
     0     0    3.10210    0 12210  236.00000    3.10210  98.7%     - 7723s
     0     0    3.10256    0 12254  236.00000    3.10256  98.7%     - 7747s
     0     0    3.10276    0 12228  236.00000    3.10276  98.7%     - 7755s
     0     0   11.45359    0 12038  236.00000   11.45359  95.1%     - 8496s
H    0     0                     230.0000000   11.45359  95.0%     - 8531s
     0     0   11.54020    0 11939  230.00000   11.54020  95.0%     - 8656s
     0     0   11.54672    0 11896  230.00000   11.54672  95.0%     - 8725s
     0     0   11.54718    0 11963  230.00000   11.54718  95.0%     - 8806s
     0     0   19.14218    0 11947  230.00000   19.14218  91.7%     - 9138s
H    0     0                     226.0000000   19.14285  91.5%     - 9147s
     0     0   19.39661    0 11638  226.00000   19.39661  91.4%     - 9274s
     0     0   19.40187    0 11760  226.00000   19.40187  91.4%     - 9404s
     0     0   19.40293    0 11763  226.00000   19.40293  91.4%     - 9432s
     0     0          -    0       226.00000   19.40293  91.4%     - 10800s

Cutting planes:
  MIR: 1792
  Zero half: 606
  RLT: 64
  Relax-and-lift: 181

Explored 1 nodes (1369096 simplex iterations) in 10800.09 seconds (10269.16 work units)
Thread count was 8 (of 8 available processors)

Solution count 10: 226 230 236 ... 275

Time limit reached
Best objective 2.260000000000e+02, best bound 2.000000000000e+01, gap 91.1504%

Wrote result file 'C:\gurobi\1103\win64\bin\lubos_test_models\\20260224_66x1220_5.sol'

