Start SOLVER Fri 02/20/2026  2:15:44.74  
Set parameter TimeLimit to value 10800
Set parameter Heuristics to value 0.5
Set parameter LogFile to value "gurobi.log"
Using license file c:\gurobi\gurobi.lic

Gurobi Optimizer version 11.0.3 build v11.0.3rc0 (win64 - Windows Server 2016.0 (14393.2))
Copyright (c) 2024, Gurobi Optimization, LLC

Read LP format model from file C:\gurobi\1103\win64\bin\lubos_test_models\\20260220_78x1223_1.lp
Reading time = 0.79 seconds
: 19914 rows, 107615 columns, 1537013 nonzeros

CPU model: Intel(R) Xeon(R) Gold 6240 CPU @ 2.60GHz, instruction set [SSE2]
Thread count: 8 physical cores, 8 logical processors, using up to 8 threads

Optimize a model with 19914 rows, 107615 columns and 1537013 nonzeros
Model fingerprint: 0x6f522ecc
Variable types: 1 continuous, 107614 integer (107614 binary)
Coefficient statistics:
  Matrix range     [1e+00, 2e+00]
  Objective range  [1e+00, 1e+00]
  Bounds range     [1e+00, 1e+00]
  RHS range        [1e+00, 1e+03]
Presolve removed 1502 rows and 2658 columns
Presolve time: 3.33s
Presolved: 18412 rows, 104957 columns, 1522485 nonzeros
Variable types: 0 continuous, 104957 integer (104957 binary)
Deterministic concurrent LP optimizer: primal simplex, dual simplex, and barrier
Showing barrier log only...

Root barrier log...

Ordering time: 0.09s

Barrier statistics:
 AA' NZ     : 7.566e+05
 Factor NZ  : 2.128e+06 (roughly 70 MB of memory)
 Factor Ops : 2.982e+08 (less than 1 second per iteration)
 Threads    : 5

                  Objective                Residual
Iter       Primal          Dual         Primal    Dual     Compl     Time
   0  -4.66489783e+05 -1.28383577e+04  3.35e+05 3.23e-01  1.51e+01     5s
   1  -3.17527767e+05 -1.46200094e+04  2.32e+05 2.22e-01  1.05e+01     5s
   2  -2.54996194e+04 -1.53071094e+04  1.86e+04 3.44e-15  9.03e-01     5s
   3  -6.73761904e+03 -9.25367578e+03  3.58e+03 2.89e-15  1.82e-01     6s
   4  -2.95713350e+03 -3.39734266e+03  1.40e+03 1.55e-15  6.65e-02     6s
   5  -1.15858584e+03 -2.34040321e+03  5.26e+02 1.22e-15  2.89e-02     6s
   6  -4.28512944e+01 -8.24688571e+02  2.16e+01 1.33e-15  4.61e-03     6s
   7  -2.83827252e+00 -1.05821032e+02  5.65e-01 1.39e-15  5.42e-04     6s
   8   3.26429502e-01 -6.30026733e+00  7.08e-02 1.37e-15  3.61e-05     6s
   9   4.92558495e-01  3.24003697e-01  4.68e-03 1.52e-15  1.15e-06     6s
  10   5.00037766e-01  4.99822925e-01  1.65e-06 1.66e-15  1.09e-09     6s
  11   5.00000026e-01  4.99999823e-01  2.11e-10 1.32e-15  9.05e-13     6s

Barrier solved model in 11 iterations and 6.32 seconds (5.96 work units)
Optimal objective 5.00000026e-01


Root crossover log...

   10344 DPushes remaining with DInf 0.0000000e+00                 9s
       0 DPushes remaining with DInf 0.0000000e+00                 9s

       8 PPushes remaining with PInf 0.0000000e+00                 9s
       0 PPushes remaining with PInf 0.0000000e+00                 9s

  Push phase complete: Pinf 0.0000000e+00, Dinf 0.0000000e+00      9s


Root simplex log...

Iteration    Objective       Primal Inf.    Dual Inf.      Time
   10355    5.0000000e-01   0.000000e+00   0.000000e+00      9s
Concurrent spin time: 0.18s

Solved with barrier

Root relaxation: objective 5.000000e-01, 10355 iterations, 5.54 seconds (3.10 work units)
Total elapsed time = 11.09s (DegenMoves)
Total elapsed time = 25.93s (DegenMoves)

    Nodes    |    Current Node    |     Objective Bounds      |     Work
 Expl Unexpl |  Obj  Depth IntInf | Incumbent    BestBd   Gap | It/Node Time

     0     0    0.50000    0  513          -    0.50000      -     -   30s
H    0     0                     257.0000000    0.50000   100%     -   30s
H    0     0                     255.0000000    0.50000   100%     -   36s
H    0     0                     230.0000000    0.50000   100%     -   42s
     0     0    0.50000    0 1142  230.00000    0.50000   100%     -   45s
H    0     0                     181.0000000    0.50000   100%     -   51s
     0     0    0.50000    0 1164  181.00000    0.50000   100%     -   52s
     0     0    0.50000    0  511  181.00000    0.50000   100%     -   66s
H    0     0                     176.0000000    0.50000   100%     -   70s
     0     0    0.50000    0  772  176.00000    0.50000   100%     -   71s
     0     0    0.50000    0  523  176.00000    0.50000   100%     -   86s
H    0     0                     135.0000000    0.50000   100%     -   92s
     0     0    0.50000    0  794  135.00000    0.50000   100%     -   93s
     0     0    0.50000    0  561  135.00000    0.50000   100%     -  107s
     0     0    0.50000    0  559  135.00000    0.50000   100%     -  110s
H    0     0                     130.0000000    0.50000   100%     -  121s
H    0     0                     129.0000000    0.50000   100%     -  124s
     0     2    0.50000    0  549  129.00000    0.50000   100%     -  132s
     3     8    0.50000    2  939  129.00000    0.50000   100%  4031  135s
     7    16    0.50000    3 1592  129.00000    0.50000   100%  2784  142s
    15    24    0.50000    4 1717  129.00000    0.50000   100%  3838  151s
    23    32    0.50000    4 1672  129.00000    0.50000   100%  4394  156s
H   31    40                     120.9999997    0.50000   100%  6604  179s
H   32    40                     119.0000000    0.50000   100%  6417  179s
    39    48    0.50000    6 1358  119.00000    0.50000   100%  5344  181s
    47    62    0.50000    7 1340  119.00000    0.50000   100%  4526  196s
    61    81    0.50000    9 1309  119.00000    0.50000   100%  3570  279s
H   79    81                     116.0000000    0.50000   100%  3652  279s
H   80   141                     112.0000000    0.50000   100%  3607  314s
H   98   141                     110.0000000    0.50000   100%  3362  314s
   140   523    0.50000   11  544  110.00000    0.50000   100%  2527  328s
   532   830    3.50000   43  545  110.00000    0.50000   100%   728  379s
H  666   830                     109.0000000    0.50000   100%   597  379s
H  847  1078                     106.0000000    0.50000   100%   488  391s
H  947  1078                     104.0000000    0.50000   100%   448  391s
  1104  1537    7.00000   80  728  104.00000    0.50000   100%   400  405s
H 1603  1752                     102.0000000    0.50000   100%   305  424s
H 1834  1760                     100.0000000    0.50000  99.5%   278  545s
H 1835  1760                      98.0000000    0.50000  99.5%   278  545s
H 1836  1760                      96.0000000    0.50000  99.5%   278  545s
  1842  1987   14.00000  124  722   96.00000    0.50000  99.5%   277  570s
H 1866  1987                      93.0000000    0.50000  99.5%   276  570s
  2077  2220   16.50000  138  770   93.00000    0.50000  99.5%   257  617s
H 2103  2220                      92.0000000    0.50000  99.5%   255  617s
H 2242  2220                      91.0000000    0.50000  99.5%   245  617s
  2332  2462   17.00000  156  807   91.00000    0.50000  99.5%   239  629s
H 2425  2462                      90.0000000    0.50000  99.4%   234  630s
H 2538  2462                      89.0000000    0.50000  99.4%   230  630s
  2588  2584 infeasible  177        89.00000    0.50000  99.4%   227  661s
H 2629  2584                      87.0000000    0.50000  99.4%   225  661s
  2716  2777   21.00000  186  777   87.00000    0.50000  99.4%   222  799s
H 2742  2777                      86.0000000    0.50000  99.4%   221  799s
H 2932  2777                      83.0000000    0.50000  99.4%   212  799s
  2933  2985   22.50000  201  773   83.00000    0.50000  99.4%   212  937s
H 2958  2985                      78.0000000    0.50000  99.4%   211  937s
  3178  3647   23.50000  220  771   78.00000    0.50000  99.4%   201  957s
  3927  4397   34.50000  281  805   78.00000    0.50000  99.4%   181  977s
H 4768  4738                      76.0000000    0.50000  99.3%   165 1004s
  5162  5461   44.00000  363  797   76.00000    0.50000  99.3%   159 1023s
  6010  5772 infeasible  411        76.00000    0.50000  99.3%   148 1048s
  6358  6270   58.50000  449  947   76.00000    0.50000  99.3%   150 1071s
  6918  6563 infeasible  517        76.00000    0.50000  99.3%   155 1102s
  7234  6564    0.50000   40  559   76.00000    0.50000  99.3%   175 1126s
H 7235  6236                      75.0000000    0.50000  99.3%   175 1161s
H 7236  5924                      74.0000000    0.50000  99.3%   175 1186s
  7237  5925   43.00000  322  557   74.00000    0.50000  99.3%   175 1194s
  7238  5926   66.50000  552 1135   74.00000    0.50000  99.3%   175 1198s
  7239  5926    7.00000   94  523   74.00000    0.50000  99.3%   174 1221s
  7240  5927   23.00000  204 1298   74.00000    0.50000  99.3%   174 1226s
  7241  5928    5.00000   57  552   74.00000    0.50000  99.3%   174 1256s
  7242  5928    6.50000  111 1433   74.00000    0.50000  99.3%   174 1264s
  7243  5929   16.00000  209  626   74.00000    0.50000  99.3%   174 1298s
  7244  5930   73.00000  490  573   74.00000    0.50000  99.3%   174 1304s
  7245  5930    0.50000   15  573   74.00000    0.50000  99.3%   174 1463s
  7246  5934    0.50000   10  522   74.00000    0.50000  99.3%   215 1479s
  7248  5937    0.50000   11  578   74.00000    0.50000  99.3%   215 1482s
  7260  5949    0.50000   13  559   74.00000    0.50000  99.3%   215 1485s
  7276  5960    0.50000   14  588   74.00000    0.50000  99.3%   215 1507s
  7292  5972    0.50000   15  589   74.00000    0.50000  99.3%   215 1511s
  7309  5982    0.50000   16  593   74.00000    0.50000  99.3%   216 1572s
H 7312  5685                      73.0000000    0.50000  99.3%   216 1572s
H 7316  5402                      72.0000000    0.50000  99.3%   216 1572s
H 7317  5141                      69.9999999    0.50000  99.3%   216 1743s
  7325  5152    1.00000   17  605   70.00000    0.50000  99.3%   216 1745s
  7352  5164    1.00000   20  611   70.00000    0.50000  99.3%   216 1766s
  7360  5226    1.00000   20  641   70.00000    0.50000  99.3%   216 1772s
  7430  5319    1.00000   25  570   70.00000    0.50000  99.3%   216 1783s
  7549  5285    1.50000   32  581   70.00000    0.50000  99.3%   216 1971s
H 7550  5030                      68.0000000    0.50000  99.3%   216 1971s
  7557  5033    1.50000   32  581   68.00000    0.50000  99.3%   216 2001s
  7567  5183    1.50000   33  585   68.00000    0.50000  99.3%   216 2018s
  7742  5283    2.00000   45  625   68.00000    0.50000  99.3%   216 2037s
  7923  5229    2.50000   57  718   68.00000    0.50000  99.3%   217 2348s
H 7924  4988                      67.0000000    0.50000  99.3%   217 2348s
H 7930  4756                      66.0000000    0.50000  99.2%   217 2348s
  7932  4917    3.00000   57  636   66.00000    0.50000  99.2%   217 2367s
  8139  4987 infeasible   70        66.00000    0.50000  99.2%   217 2387s
  8333  5060    3.00000   82  698   66.00000    0.50000  99.2%   217 2406s
  8524  5136    2.50000   96  713   66.00000    0.50000  99.2%   218 2426s
  8717  5216    3.00000  109  730   66.00000    0.50000  99.2%   218 2446s
  8930  5237    3.00000  121  810   66.00000    0.50000  99.2%   219 2468s
  9084  5315    3.00000  129  736   66.00000    0.50000  99.2%   218 2490s
  9321  5360    3.50000  146  757   66.00000    0.50000  99.2%   218 2513s
  9536  5455 infeasible  160        66.00000    0.50000  99.2%   219 2536s
  9783  5525    6.00000  180  810   66.00000    0.50000  99.2%   220 2560s
 10020  5609 infeasible  195        66.00000    0.50000  99.2%   220 2585s
 10275  5530    6.00000  216  830   66.00000    0.50000  99.2%   221 2882s
H10276  5312                      64.0000000    0.50000  99.2%   221 2882s
 10283  5314    6.00000  217  832   64.00000    0.50000  99.2%   221 3081s
H10284  5106                      63.0000000    0.50000  99.2%   221 3081s
 10291  5266    6.00000  218  836   63.00000    0.50000  99.2%   221 3108s
 10560  5506    6.00000  237  836   63.00000    0.50000  99.2%   222 3138s
 10995  5737    7.00000  267  844   63.00000    0.50000  99.2%   225 3173s
 11468  5861    6.50000  301  851   63.00000    0.50000  99.2%   230 3205s
H11526  5644                      62.0000000    0.50000  99.2%   231 3205s
 11824  5829    9.00000  311  842   62.00000    0.50000  99.2%   234 3242s
 12244  5696   10.00000  328 1004   62.00000    0.50000  99.2%   243 3320s
 12252  5822    9.50000  329  875   62.00000    0.50000  99.2%   243 3350s
 12487  6085   11.00000  350  858   62.00000    0.50000  99.2%   248 3383s
 12953  5935   12.00000  377  850   62.00000    0.50000  99.2%   251 3971s
H12961  5745                      61.0000000    0.50000  99.2%   251 3971s
 12962  6016   12.00000  378  886   61.00000    0.50000  99.2%   251 4005s
 13367  6172   12.50000  414  899   61.00000    0.50000  99.2%   255 4044s
 13792  6386   14.50000  446  888   61.00000    0.50000  99.2%   258 4084s
 14232  6244   15.00000  475  890   61.00000    0.50000  99.2%   264 4493s
 14240  6411   14.50000  476  895   61.00000    0.50000  99.2%   265 4531s
 14486  7127   14.50000  498  890   61.00000    0.50000  99.2%   271 4651s
 15751  6710   17.00000  585  879   61.00000    0.50000  99.2%   284 5110s
H15753  6531                      60.0000000    0.50000  99.2%   284 5110s
 15759  6531   16.50000  586  878   60.00000    0.50000  99.2%   284 5306s
H15765  6360                      59.0000000    0.50000  99.2%   284 5306s
 15768  6461   17.00000  586  908   59.00000    0.50000  99.2%   284 5976s
 15985  7140   17.50000  602  898   59.00000    0.50000  99.2%   285 6047s
 16980  7248   19.00000  651  850   59.00000    0.50000  99.2%   294 6104s
 17582  7814   20.50000  676  907   59.00000    0.50000  99.2%   291 7013s
 18325  8810   24.50000  727  845   59.00000    0.50000  99.2%   285 7097s
 19665  9125   35.50000  827  838   59.00000    0.50000  99.2%   275 8656s
 20071 10022   36.50000  829  836   59.00000    0.50000  99.2%   272 8742s
 21232 11251   39.00000  899  829   59.00000    0.50000  99.2%   264 8833s
 22922 12508   50.06250 1030  775   59.00000    0.50000  99.2%   253 8919s
 23471 12508 infeasible 1064        59.00000    0.50000  99.2%   250 8920s
 24636 13448    1.00000  127  968   59.00000    0.50000  99.2%   243 8998s
 25854 14395    1.50000  190 1065   59.00000    0.50000  99.2%   237 9101s
 26853 15537    1.50000  281  998   59.00000    0.50000  99.2%   234 9191s
 28019 16533    2.50000  358 1122   59.00000    0.50000  99.2%   231 9289s

Cutting planes:
  Gomory: 108
  Lift-and-project: 2
  Cover: 103
  Flow cover: 63
  GUB cover: 2908
  Zero half: 513
  RLT: 4

Explored 29020 nodes (6903627 simplex iterations) in 10831.19 seconds (11238.12 work units)
Thread count was 8 (of 8 available processors)

Solution count 10: 59 60 61 ... 70

Time limit reached
Best objective 5.900000000000e+01, best bound 1.000000000000e+00, gap 98.3051%

Wrote result file 'C:\gurobi\1103\win64\bin\lubos_test_models\\20260220_78x1223_1.sol'

