Start SOLVER Fri 03/20/2026 16:38:24.57  
Set parameter TimeLimit to value 10800
Set parameter Heuristics to value 0.5
Set parameter LogFile to value "gurobi.log"
Using license file c:\gurobi\gurobi.lic

Gurobi Optimizer version 11.0.3 build v11.0.3rc0 (win64 - Windows Server 2016.0 (14393.2))
Copyright (c) 2024, Gurobi Optimization, LLC

Read LP format model from file C:\gurobi\1103\win64\bin\lubos_test_models\\20260313_76x1222_2.lp
Reading time = 0.65 seconds
: 25976 rows, 94094 columns, 1272483 nonzeros

CPU model: Intel(R) Xeon(R) Gold 6240 CPU @ 2.60GHz, instruction set [SSE2]
Thread count: 8 physical cores, 8 logical processors, using up to 8 threads

Optimize a model with 25976 rows, 94094 columns and 1272483 nonzeros
Model fingerprint: 0x51f3e3fc
Variable types: 1222 continuous, 92872 integer (92872 binary)
Coefficient statistics:
  Matrix range     [1e+00, 1e+03]
  Objective range  [1e+00, 1e+00]
  Bounds range     [1e+00, 1e+00]
  RHS range        [1e+00, 1e+03]
Presolve removed 3668 rows and 41 columns
Presolve time: 4.51s
Presolved: 22308 rows, 94053 columns, 1263147 nonzeros
Variable types: 0 continuous, 94053 integer (92831 binary)
Deterministic concurrent LP optimizer: primal simplex, dual simplex, and barrier
Showing barrier log only...

Root barrier log...

Ordering time: 0.11s

Barrier statistics:
 Dense cols : 1
 AA' NZ     : 9.389e+05
 Factor NZ  : 2.563e+06 (roughly 70 MB of memory)
 Factor Ops : 3.199e+08 (less than 1 second per iteration)
 Threads    : 5

                  Objective                Residual
Iter       Primal          Dual         Primal    Dual     Compl     Time
   0   6.61961544e+05 -4.76242544e+03  3.95e+05 7.62e-02  7.65e+01     7s
   1   5.20293050e+05 -3.76872531e+04  2.65e+05 5.19e-01  5.15e+01     7s
   2   3.21656340e+05 -6.97492980e+04  1.28e+05 1.32e-01  2.55e+01     7s
   3   9.22761426e+04 -5.51977911e+04  3.40e+04 9.18e-03  6.94e+00     7s
   4   2.26369698e+04 -3.43739527e+04  5.85e+03 1.09e-03  1.30e+00     7s
   5   1.96124343e+04 -2.06072312e+04  4.83e+03 2.89e-15  9.86e-01     7s
   6   1.30022170e+04 -9.02636755e+03  2.83e+03 2.22e-15  5.42e-01     7s
   7   6.56497446e+03 -8.33326540e+03  1.41e+03 2.22e-15  2.89e-01     8s
   8   1.43124026e+03 -3.99693859e+03  2.48e+02 1.11e-15  6.40e-02     8s
   9   4.04865686e+02 -1.50437971e+03  4.92e+01 1.23e-15  1.75e-02     8s
  10   7.88576323e+01 -1.08379791e+03  4.54e+00 1.28e-15  6.70e-03     8s
  11   6.37831802e+01 -3.26042408e+02  2.46e+00 1.36e-15  2.21e-03     8s
  12   6.18010905e+01  2.64699634e+00  2.29e-01 1.71e-15  2.96e-04     8s
  13   5.71180265e+01  5.66324470e+01  5.36e-03 1.87e-15  2.34e-06     8s
  14   5.70000555e+01  5.69996335e+01  7.33e-07 4.83e-15  2.02e-09     8s
  15   5.70000001e+01  5.69999996e+01  5.69e-11 6.52e-15  2.02e-12     8s

Barrier solved model in 15 iterations and 8.45 seconds (7.11 work units)
Optimal objective 5.70000001e+01

  Building initial crossover basis                                10s

Root crossover log...

      22 DPushes remaining with DInf 0.0000000e+00                15s
       0 DPushes remaining with DInf 0.0000000e+00                15s

    6103 PPushes remaining with PInf 8.3691460e-05                15s
    4438 PPushes remaining with PInf 2.0974382e-04                15s
       0 PPushes remaining with PInf 3.3755573e-03                16s

  Push phase complete: Pinf 3.3755573e-03, Dinf 1.3276522e-10     16s


Root simplex log...

Iteration    Objective       Primal Inf.    Dual Inf.      Time
    6126    5.7000000e+01   3.375557e-03   0.000000e+00     17s
    6146    5.7000000e+01   0.000000e+00   0.000000e+00     17s
Concurrent spin time: 0.16s

Solved with barrier

Root relaxation: objective 5.700000e+01, 6146 iterations, 11.35 seconds (6.41 work units)

    Nodes    |    Current Node    |     Objective Bounds      |     Work
 Expl Unexpl |  Obj  Depth IntInf | Incumbent    BestBd   Gap | It/Node Time

     0     0   57.00000    0 8567          -   57.00000      -     -   64s
H    0     0                    13426.000000   57.00000   100%     -   79s
     0     0   57.00000    0 7968 13426.0000   57.00000   100%     -  386s
H    0     0                    1051.0000000   57.00000  94.6%     -  387s
H    0     0                     330.0000000   57.00000  82.7%     -  740s
     0     0   57.00000    0 8295  330.00000   57.00000  82.7%     -  870s
     0     0   57.00000    0 7924  330.00000   57.00000  82.7%     - 1171s
H    0     0                     315.0000000   57.00000  81.9%     - 1177s
     0     0   57.00000    0 7653  315.00000   57.00000  81.9%     - 1553s
     0     0   57.00000    0 7631  315.00000   57.00000  81.9%     - 1830s
H    0     0                     264.0000000   57.00000  78.4%     - 2209s
     0     0   57.00000    0 7682  264.00000   57.00000  78.4%     - 2465s
     0     0   57.00000    0 7617  264.00000   57.00000  78.4%     - 2739s
     0     0   57.00000    0 7617  264.00000   57.00000  78.4%     - 2793s
H    0     0                     261.0000000   57.00000  78.2%     - 3843s
H    0     0                     248.0000000   57.00000  77.0%     - 4825s
H    0     0                     246.0000000   57.00000  76.8%     - 4835s
H    0     2                     245.0000000   57.00000  76.7%     - 4940s
     0     2   57.00000    0 7617  245.00000   57.00000  76.7%     - 4940s
     1     4   57.00000    1 6853  245.00000   57.00000  76.7% 131592 5921s
     3     6   57.00000    2 6464  245.00000   57.00000  76.7% 159554 6447s
     7    12   57.00000    3 6649  245.00000   57.00000  76.7% 117807 7141s
    13    14   57.00000    4 5822  245.00000   57.00000  76.7% 164299 10800s

Cutting planes:
  Cover: 28
  Clique: 28
  MIR: 201
  Zero half: 617
  RLT: 1613
  Relax-and-lift: 2396

Explored 15 nodes (3744887 simplex iterations) in 10800.21 seconds (12122.11 work units)
Thread count was 8 (of 8 available processors)

Solution count 9: 245 246 248 ... 13426

Time limit reached
Best objective 2.450000000000e+02, best bound 5.700000000172e+01, gap 76.7347%

Wrote result file 'C:\gurobi\1103\win64\bin\lubos_test_models\\20260313_76x1222_2.sol'

