Start SOLVER Sun 02/22/2026 12:37:50.81  
Set parameter TimeLimit to value 10800
Set parameter Heuristics to value 0.5
Set parameter LogFile to value "gurobi.log"
Using license file c:\gurobi\gurobi.lic

Gurobi Optimizer version 11.0.3 build v11.0.3rc0 (win64 - Windows Server 2016.0 (14393.2))
Copyright (c) 2024, Gurobi Optimization, LLC

Read LP format model from file C:\gurobi\1103\win64\bin\lubos_test_models\\20260223_51x1200_4.lp
Reading time = 0.69 seconds
: 19520 rows, 73190 columns, 1408655 nonzeros

CPU model: Intel(R) Xeon(R) Gold 6240 CPU @ 2.60GHz, instruction set [SSE2]
Thread count: 8 physical cores, 8 logical processors, using up to 8 threads

Optimize a model with 19520 rows, 73190 columns and 1408655 nonzeros
Model fingerprint: 0x8014771e
Variable types: 11990 continuous, 61200 integer (61200 binary)
Coefficient statistics:
  Matrix range     [1e+00, 1e+00]
  Objective range  [1e+00, 1e+00]
  Bounds range     [1e+00, 1e+00]
  RHS range        [1e+00, 2e+02]
Presolve removed 1353 rows and 1535 columns
Presolve time: 4.14s
Presolved: 18167 rows, 71655 columns, 1341434 nonzeros
Variable types: 0 continuous, 71655 integer (60865 binary)
Deterministic concurrent LP optimizer: primal simplex, dual simplex, and barrier
Showing barrier log only...

Root barrier log...

Ordering time: 0.37s

Barrier statistics:
 AA' NZ     : 1.366e+06
 Factor NZ  : 2.032e+06 (roughly 50 MB of memory)
 Factor Ops : 2.340e+08 (less than 1 second per iteration)
 Threads    : 5

                  Objective                Residual
Iter       Primal          Dual         Primal    Dual     Compl     Time
   0   2.46655478e+06 -3.02623683e+05  1.46e+05 7.99e-01  8.76e+01     6s
   1   1.97480860e+06 -2.93634940e+05  1.14e+05 1.29e+00  6.72e+01     6s
   2   4.90912814e+05 -2.17731484e+05  1.98e+04 1.82e-14  1.30e+01     6s
   3   1.10127257e+05 -1.87583543e+04  2.69e+03 1.82e-14  1.76e+00     6s
   4   1.15018670e+04 -6.55394742e+03  2.43e+02 1.55e-14  1.97e-01     6s
   5   6.73622110e+02 -2.06239934e+03  1.07e+01 1.18e-14  2.03e-02     7s
   6   1.93135000e+02 -3.54652902e+02  2.52e+00 1.19e-14  3.68e-03     7s
   7   6.26232542e+01 -6.09433156e+01  3.81e-01 1.15e-14  7.83e-04     7s
   8   4.27986172e+01  6.87005600e+00  7.08e-02 1.06e-14  2.25e-04     7s
   9   3.88187184e+01  2.50428031e+01  1.09e-02 9.66e-15  8.60e-05     7s
  10   3.81028872e+01  3.42651591e+01  1.14e-03 1.13e-14  2.39e-05     7s
  11   3.80110272e+01  3.76024086e+01  4.69e-05 1.59e-14  2.55e-06     7s
  12   3.80009214e+01  3.79937140e+01  9.07e-07 2.16e-14  4.50e-08     7s
  13   3.80000054e+01  3.79999966e+01  6.45e-09 2.85e-14  5.46e-11     7s
  14   3.80000000e+01  3.80000000e+01  1.20e-09 2.90e-14  3.98e-16     7s

Barrier solved model in 14 iterations and 7.33 seconds (6.51 work units)
Optimal objective 3.80000000e+01

  Building initial crossover basis                                10s
  Building initial crossover basis                                15s
  Building initial crossover basis                                20s

Root crossover log...

       4 DPushes remaining with DInf 0.0000000e+00                22s
       0 DPushes remaining with DInf 0.0000000e+00                22s

   10898 PPushes remaining with PInf 0.0000000e+00                22s
       0 PPushes remaining with PInf 0.0000000e+00                24s

  Push phase complete: Pinf 0.0000000e+00, Dinf 0.0000000e+00     24s


Root simplex log...

Iteration    Objective       Primal Inf.    Dual Inf.      Time
   10904    3.8000000e+01   0.000000e+00   0.000000e+00     24s
Concurrent spin time: 0.00s

Solved with barrier

Root relaxation: objective 3.800000e+01, 10904 iterations, 19.97 seconds (13.76 work units)

    Nodes    |    Current Node    |     Objective Bounds      |     Work
 Expl Unexpl |  Obj  Depth IntInf | Incumbent    BestBd   Gap | It/Node Time

     0     0   38.00000    0 12133          -   38.00000      -     -  102s
H    0     0                    536825.00000   38.00000   100%     -  168s
     0     0   38.03117    0 12178 536825.000   38.03117   100%     -  238s
H    0     0                    1021.0000000   38.03117  96.3%     -  239s
H    0     0                     641.0000000   38.03117  94.1%     -  241s
     0     0   38.03117    0 12175  641.00000   38.03117  94.1%     -  241s
     0     0   38.18367    0 11948  641.00000   38.18367  94.0%     -  326s
     0     0   38.18367    0 11946  641.00000   38.18367  94.0%     -  327s
     0     0   38.18367    0 11945  641.00000   38.18367  94.0%     -  387s
H    0     0                     567.0000000   38.18367  93.3%     -  388s
     0     0   38.18367    0 11924  567.00000   38.18367  93.3%     -  389s
     0     0   38.18367    0 11893  567.00000   38.18367  93.3%     -  526s
     0     0   38.18367    0 11880  567.00000   38.18367  93.3%     -  528s
     0     0   38.18367    0 11919  567.00000   38.18367  93.3%     -  678s
H    0     0                     543.0000000   38.18367  93.0%     -  679s
     0     0   38.18367    0 11922  543.00000   38.18367  93.0%     -  679s
     0     0   38.18367    0 11895  543.00000   38.18367  93.0%     -  748s
     0     0   38.18367    0 11902  543.00000   38.18367  93.0%     -  750s
     0     0   38.18367    0 11900  543.00000   38.18367  93.0%     -  959s
     0     0   38.18367    0 11900  543.00000   38.18367  93.0%     -  982s
H    0     0                     525.0000000   38.18367  92.7%     - 1369s
H    0     0                     291.0000000   38.18367  86.9%     - 1388s
     0     2   38.18367    0 11900  291.00000   38.18367  86.9%     - 1445s
     1     4   38.18367    1 11875  291.00000   38.18367  86.9% 11380 1526s
     3     8   38.18367    2 11890  291.00000   38.18367  86.9% 11219 1626s
     7    16   38.18367    3 11878  291.00000   38.18367  86.9% 10405 1925s
    15    24   38.18367    4 11965  291.00000   38.18367  86.9% 15981 2210s
    23    32   39.63592    4 9330  291.00000   38.18367  86.9% 17448 2255s
    31    40   38.18367    5 11955  291.00000   38.18367  86.9% 13960 2287s
H   33    40                     290.0000000   38.18367  86.8% 13221 2287s
H   34    40                     289.0000000   38.18367  86.8% 12985 2287s
H   38    40                     288.0000000   38.18367  86.7% 12036 2287s
    39    48   38.18367    6 11967  288.00000   38.18367  86.7% 11827 2327s
    47    59   39.27769    6 10399  288.00000   38.18367  86.7% 11227 2543s
    58    71   38.18367    7 11965  288.00000   38.18367  86.7% 10102 2852s
H   70    83                     287.0000000   38.18367  86.7%  8969 2920s
H   70    83                     284.0000000   38.18367  86.6%  8969 2920s
H   71    83                     281.0000000   38.18367  86.4%  8912 2920s
    82    98   38.18367    9 11971  281.00000   38.18367  86.4%  8273 2959s
    97   114   38.18367   11 11947  281.00000   38.18367  86.4%  7348 3053s
H  113   124                     278.0000000   38.18367  86.3%  6869 3397s
H  113   124                     268.0000000   38.18367  85.8%  6869 3397s
H  115   124                     267.0000000   38.18367  85.7%  6756 3397s
   123   140   38.48115   13 11013  267.00000   38.18367  85.7%  7265 3442s
   139   159   38.18679   13 12085  267.00000   38.18367  85.7%  6764 3489s
H  158   167                     265.0000000   38.18367  85.6%  6249 3731s
H  158   167                     256.0000000   38.18367  85.1%  6249 3731s
H  161   167                     253.0000000   38.18367  84.9%  6215 3731s
H  162   167                     252.0000000   38.18367  84.8%  6178 3731s
   166   187   38.20161   14 11971  252.00000   38.18367  84.8%  6257 3789s
   186   211   38.20180   16 11924  252.00000   38.18367  84.8%  5882 4085s
H  210   237                     247.0000000   38.18367  84.5%  5638 4230s
H  236   245                     246.0000000   38.18367  84.5%  5421 4462s
H  236   245                     235.0000000   38.18367  83.8%  5421 4462s
H  239   245                     232.0000000   38.18367  83.5%  5356 4462s
   244   271   38.20180   20 11899  232.00000   38.18367  83.5%  5254 4722s
H  270   292                     231.0000000   38.18367  83.5%  5364 5439s
H  272   292                     226.0000000   38.18367  83.1%  5767 5439s
   291   330   38.20180   23 11909  226.00000   38.18367  83.1%  6095 5918s
   329   360   39.22211   26 10517  226.00000   38.18367  83.1%  6097 6016s
H  359   400                     225.0000000   38.18367  83.0%  5806 6185s
   399   409   38.20199   28 11890  225.00000   38.18367  83.0%  5514 7499s
H  402   409                     220.0000000   38.18367  82.6%  5518 7499s
H  405   409                     219.0000000   38.18367  82.6%  6190 7499s
H  408   417                     208.0000000   38.18367  81.6%  6289 8091s
   416   452   38.20199   29 11896  208.00000   38.18367  81.6%  6284 8263s
   451   478   38.20199   30 11902  208.00000   38.18367  81.6%  6171 8488s
H  458   478                     205.0000000   38.18367  81.4%  6137 8488s
   477   517   38.20199   31 11905  205.00000   38.18367  81.4%  6109 8905s
   516   539   38.20199   32 11933  205.00000   38.18367  81.4%  6178 9356s
H  521   539                     202.0000000   38.18367  81.1%  6152 9356s
   538   583   38.20199   33 11898  202.00000   38.18367  81.1%  6218 9601s
   582   602   38.20199   35 11926  202.00000   38.18367  81.1%  6156 9953s
   601   636   38.20199   37 11916  202.00000   38.18367  81.1%  6249 10351s
   635   645   38.20199   38 11932  202.00000   38.18367  81.1%  6314 10800s
H  643   645                     201.0000000   38.18367  81.0%  6261 10800s

Cutting planes:
  MIR: 278
  Zero half: 5
  Mod-K: 1

Explored 644 nodes (4279195 simplex iterations) in 10800.67 seconds (14120.75 work units)
Thread count was 8 (of 8 available processors)

Solution count 10: 201 202 205 ... 232

Time limit reached
Best objective 2.010000000000e+02, best bound 3.900000000000e+01, gap 80.5970%

Wrote result file 'C:\gurobi\1103\win64\bin\lubos_test_models\\20260223_51x1200_4.sol'

