Start SOLVER Thu 02/19/2026 20:15:31.70  
Set parameter TimeLimit to value 10800
Set parameter Heuristics to value 0.5
Set parameter LogFile to value "gurobi.log"
Using license file c:\gurobi\gurobi.lic

Gurobi Optimizer version 11.0.3 build v11.0.3rc0 (win64 - Windows Server 2016.0 (14393.2))
Copyright (c) 2024, Gurobi Optimization, LLC

Read LP format model from file C:\gurobi\1103\win64\bin\lubos_test_models\\20260219_88x1257_4.lp
Reading time = 1.31 seconds
: 19234 rows, 123176 columns, 2562099 nonzeros

CPU model: Intel(R) Xeon(R) Gold 6240 CPU @ 2.60GHz, instruction set [SSE2]
Thread count: 8 physical cores, 8 logical processors, using up to 8 threads

Optimize a model with 19234 rows, 123176 columns and 2562099 nonzeros
Model fingerprint: 0xf70b39be
Variable types: 12560 continuous, 110616 integer (110616 binary)
Coefficient statistics:
  Matrix range     [1e+00, 1e+00]
  Objective range  [1e+00, 1e+00]
  Bounds range     [1e+00, 1e+00]
  RHS range        [1e+00, 1e+02]
Presolve removed 1259 rows and 1322 columns (presolve time = 5s) ...
Presolve removed 1259 rows and 1322 columns
Presolve time: 8.12s
Presolved: 17975 rows, 121854 columns, 2449017 nonzeros
Variable types: 0 continuous, 121854 integer (110551 binary)
Deterministic concurrent LP optimizer: primal simplex, dual simplex, and barrier
Showing barrier log only...

Root barrier log...

Ordering time: 0.42s

Barrier statistics:
 AA' NZ     : 1.833e+06
 Factor NZ  : 2.341e+06 (roughly 80 MB of memory)
 Factor Ops : 3.067e+08 (less than 1 second per iteration)
 Threads    : 5

                  Objective                Residual
Iter       Primal          Dual         Primal    Dual     Compl     Time
   0   3.57306695e+06 -5.41614358e+05  2.72e+05 9.53e-01  9.93e+01    11s
   1   2.70431545e+06 -4.87430773e+05  1.96e+05 1.48e+00  7.07e+01    11s
   2   5.85202465e+05 -2.72721458e+05  2.77e+04 6.22e-15  1.10e+01    11s
   3   1.07744546e+05 -1.83954744e+04  4.11e+03 2.93e-14  1.51e+00    12s
   4   6.53987969e+03 -8.06794785e+03  2.09e+02 1.33e-14  1.09e-01    12s
   5   8.26417653e+02 -1.93118323e+03  1.99e+01 7.11e-15  1.51e-02    12s
   6   1.35051257e+02 -6.90440348e+02  6.75e-01 6.66e-15  3.56e-03    12s
   7   4.50650749e+01 -2.13871301e+02  2.14e-01 8.88e-15  1.04e-03    12s
   8   1.88448832e+01 -8.30271506e+01  8.50e-02 9.21e-15  3.99e-04    12s
   9   4.51934166e+00 -4.10170567e+01  1.65e-02 7.77e-15  1.76e-04    12s
  10   1.70235668e+00 -1.21806537e+01  3.16e-03 1.02e-14  5.34e-05    12s
  11   1.12113018e+00 -4.19104178e+00  4.19e-04 1.26e-14  2.04e-05    13s
  12   1.01339774e+00  7.36356204e-02  2.39e-05 1.14e-14  3.61e-06    13s
  13   1.00141979e+00  8.56026383e-01  1.60e-06 1.22e-14  5.58e-07    13s
  14   1.00009313e+00  9.84524191e-01  2.02e-07 1.08e-14  5.98e-08    13s
  15   1.00000413e+00  9.99945945e-01  1.15e-08 1.30e-14  2.23e-10    13s
  16   1.00000000e+00  9.99999946e-01  3.51e-10 1.61e-14  2.23e-13    13s
  17   1.00000000e+00  1.00000000e+00  4.68e-11 8.77e-15  2.23e-16    14s

Barrier solved model in 17 iterations and 13.53 seconds (12.21 work units)
Optimal objective 1.00000000e+00

  Building initial crossover basis                                15s

Root crossover log...

       3 DPushes remaining with DInf 0.0000000e+00                18s
       0 DPushes remaining with DInf 0.0000000e+00                18s

   11349 PPushes remaining with PInf 0.0000000e+00                18s
    1360 PPushes remaining with PInf 7.7883596e-06                20s
       0 PPushes remaining with PInf 0.0000000e+00                21s

  Push phase complete: Pinf 0.0000000e+00, Dinf 3.1370462e-12     21s


Root simplex log...

Iteration    Objective       Primal Inf.    Dual Inf.      Time
   11354    1.0000000e+00   0.000000e+00   0.000000e+00     21s
Concurrent spin time: 0.75s

Solved with barrier

Root relaxation: objective 1.000000e+00, 11354 iterations, 12.68 seconds (7.41 work units)

    Nodes    |    Current Node    |     Objective Bounds      |     Work
 Expl Unexpl |  Obj  Depth IntInf | Incumbent    BestBd   Gap | It/Node Time

     0     0    1.00000    0 12649          -    1.00000      -     -   74s
H    0     0                    983304.00000    1.00000   100%     -  100s
     0     0    1.00000    0 11493 983304.000    1.00000   100%     -  205s
H    0     0                    1082.0000000    1.00000   100%     -  207s
H    0     0                     333.0000000    1.00000   100%     -  320s
     0     0    1.22475    0 11494  333.00000    1.22475   100%     -  437s
     0     0    1.22475    0 11437  333.00000    1.22475   100%     -  636s
H    0     0                     329.0000000    1.22475   100%     -  638s
     0     0    1.22475    0 11434  329.00000    1.22475   100%     -  639s
     0     0    2.55298    0 10149  329.00000    2.55298  99.2%     -  948s
H    0     0                     288.0000000    2.55298  99.1%     -  953s
     0     0    2.65093    0 10126  288.00000    2.65093  99.1%     -  980s
     0     0    2.65093    0 9977  288.00000    2.65093  99.1%     -  986s
     0     0    3.71694    0 9849  288.00000    3.71694  98.7%     - 1294s
H    0     0                     286.0000000    3.71694  98.7%     - 1297s
     0     0    3.98058    0 9936  286.00000    3.98058  98.6%     - 1362s
     0     0    4.02431    0 9794  286.00000    4.02431  98.6%     - 1391s
     0     0    4.02431    0 9864  286.00000    4.02431  98.6%     - 1399s
     0     0    7.44697    0 8683  286.00000    7.44697  97.4%     - 1864s
H    0     0                     283.0000000    7.44697  97.4%     - 1876s
     0     0    7.53740    0 7324  283.00000    7.53740  97.3%     - 1981s
     0     0    7.70521    0 7128  283.00000    7.70521  97.3%     - 2131s
     0     0    7.70995    0 7643  283.00000    7.70995  97.3%     - 2166s
     0     0    7.70995    0 7188  283.00000    7.70995  97.3%     - 2168s
     0     0   13.85723    0 7989  283.00000   13.85723  95.1%     - 2555s
H    0     0                     278.0000000   13.85723  95.0%     - 2558s
     0     0   14.34732    0 7708  278.00000   14.34732  94.8%     - 2610s
     0     0   14.36063    0 7151  278.00000   14.36063  94.8%     - 2638s
     0     0   14.36063    0 7154  278.00000   14.36063  94.8%     - 2642s
     0     0   17.31693    0 7648  278.00000   17.31693  93.8%     - 2971s
H    0     0                     273.0000000   17.31693  93.7%     - 2982s
     0     0   17.77519    0 7173  273.00000   17.77519  93.5%     - 3092s
     0     0   17.98131    0 7107  273.00000   17.98131  93.4%     - 3206s
     0     0   17.98230    0 6472  273.00000   17.98230  93.4%     - 3224s
     0     0   20.36521    0 6520  273.00000   20.36521  92.5%     - 3476s
H    0     0                     271.0000000   20.36521  92.5%     - 3479s
     0     0   20.64694    0 7014  271.00000   20.64694  92.4%     - 3600s
     0     0   20.66983    0 7289  271.00000   20.66983  92.4%     - 3670s
     0     0   20.67076    0 6928  271.00000   20.67076  92.4%     - 3674s
     0     0   22.65614    0 7877  271.00000   22.65614  91.6%     - 3870s
H    0     0                     262.0000000   22.65614  91.4%     - 3901s
     0     0   23.31087    0 8009  262.00000   23.31087  91.1%     - 4087s
     0     0   23.42382    0 7591  262.00000   23.42382  91.1%     - 4154s
     0     0   23.48147    0 8496  262.00000   23.48147  91.0%     - 4250s
     0     0   23.49061    0 8685  262.00000   23.49061  91.0%     - 4283s
     0     0   23.49407    0 8604  262.00000   23.49407  91.0%     - 4296s
     0     0   25.58089    0 8107  262.00000   25.58089  90.2%     - 4546s
H    0     0                     260.0000000   25.58089  90.2%     - 4553s
     0     0   25.85885    0 8589  260.00000   25.85885  90.1%     - 4652s
     0     0   25.91627    0 8470  260.00000   25.91627  90.0%     - 4697s
     0     0   25.92461    0 8547  260.00000   25.92461  90.0%     - 4711s
     0     0   25.92461    0 8541  260.00000   25.92461  90.0%     - 4712s
     0     0   27.65359    0 8960  260.00000   27.65359  89.4%     - 4968s
H    0     0                     252.0000000   27.65359  89.0%     - 4985s
     0     0   27.90020    0 9174  252.00000   27.90020  88.9%     - 5066s
     0     0   27.91656    0 9254  252.00000   27.91656  88.9%     - 5079s
     0     0   27.91701    0 9266  252.00000   27.91701  88.9%     - 5082s
     0     0   28.83406    0 8975  252.00000   28.83406  88.6%     - 5239s
H    0     0                     250.0000000   28.83406  88.5%     - 5242s
     0     0   28.91196    0 9127  250.00000   28.91196  88.4%     - 5278s
     0     0   28.91384    0 8947  250.00000   28.91384  88.4%     - 5284s
     0     0   29.95514    0 9556  250.00000   29.95514  88.0%     - 5434s
H    0     0                     239.0000000   29.95514  87.5%     - 5454s
     0     0   30.00405    0 9558  239.00000   30.00405  87.4%     - 5496s
     0     0   30.01367    0 9964  239.00000   30.01367  87.4%     - 5506s
     0     0   30.01447    0 9899  239.00000   30.01447  87.4%     - 5509s
     0     0   30.83255    0 9846  239.00000   30.83255  87.1%     - 5686s
H    0     0                     231.0000000   30.83276  86.7%     - 5706s
     0     0   30.87085    0 9549  231.00000   30.87085  86.6%     - 5734s
     0     0   30.87272    0 9552  231.00000   30.87272  86.6%     - 5742s
     0     0   31.74755    0 9024  231.00000   31.74755  86.3%     - 5877s
     0     0   31.88130    0 9309  231.00000   31.88130  86.2%     - 5937s
     0     0   31.89458    0 9403  231.00000   31.89458  86.2%     - 5953s
     0     0   31.89494    0 9397  231.00000   31.89494  86.2%     - 5958s
     0     0   32.54737    0 10162  231.00000   32.54737  85.9%     - 6078s
H    0     0                     229.0000000   32.54737  85.8%     - 6081s
     0     0   32.60260    0 10230  229.00000   32.60260  85.8%     - 6135s
     0     0   32.60281    0 10226  229.00000   32.60281  85.8%     - 6139s
     0     0   33.15306    0 9577  229.00000   33.15306  85.5%     - 6248s
H    0     0                     223.0000000   33.15306  85.1%     - 6263s
     0     0   33.23936    0 9675  223.00000   33.23936  85.1%     - 6302s
     0     0   33.24344    0 9746  223.00000   33.24344  85.1%     - 6309s
     0     0   33.94465    0 9699  223.00000   33.94465  84.8%     - 6484s
H    0     0                     222.0000000   33.94465  84.7%     - 6505s
     0     0   34.02611    0 10134  222.00000   34.02611  84.7%     - 6563s
     0     0   34.02964    0 10122  222.00000   34.02964  84.7%     - 6573s
     0     0   34.51572    0 8677  222.00000   34.51572  84.5%     - 6695s
H    0     0                     219.0000000   34.51572  84.2%     - 6719s
     0     0   34.57602    0 9130  219.00000   34.57602  84.2%     - 6753s
     0     0   34.58516    0 9094  219.00000   34.58516  84.2%     - 6767s
     0     0   35.62004    0 9684  219.00000   35.62004  83.7%     - 6899s
H    0     0                     218.0000000   35.62004  83.7%     - 6921s
     0     0   35.67325    0 9526  218.00000   35.67325  83.6%     - 6948s
     0     0   35.68360    0 9641  218.00000   35.68360  83.6%     - 6962s
     0     0   35.68364    0 9644  218.00000   35.68364  83.6%     - 6965s
     0     0   36.65024    0 9295  218.00000   36.65024  83.2%     - 7087s
     0     0   36.68260    0 9863  218.00000   36.68260  83.2%     - 7142s
     0     0   36.68482    0 9910  218.00000   36.68482  83.2%     - 7151s
     0     0   37.76193    0 8791  218.00000   37.76193  82.7%     - 7316s
H    0     0                     216.0000000   37.76193  82.5%     - 7354s
     0     0   37.83043    0 9330  216.00000   37.83043  82.5%     - 7379s
     0     0   37.83480    0 9319  216.00000   37.83480  82.5%     - 7387s
     0     0   39.06455    0 9283  216.00000   39.06455  81.9%     - 7491s
H    0     0                     215.0000000   39.06468  81.8%     - 7505s
     0     0   39.23813    0 8772  215.00000   39.23813  81.7%     - 7552s
     0     0   39.25112    0 9618  215.00000   39.25112  81.7%     - 7562s
     0     0   39.25191    0 9535  215.00000   39.25191  81.7%     - 7565s
     0     0   40.80339    0 9217  215.00000   40.80339  81.0%     - 7689s
H    0     0                     214.0000000   40.80374  80.9%     - 7723s
     0     0   40.90431    0 9152  214.00000   40.90431  80.9%     - 7758s
     0     0   40.92982    0 9024  214.00000   40.92982  80.9%     - 7780s
     0     0   40.93881    0 9133  214.00000   40.93881  80.9%     - 7788s
     0     0   42.73771    0 9020  214.00000   42.73771  80.0%     - 7907s
     0     0   42.80967    0 9459  214.00000   42.80967  80.0%     - 7951s
     0     0   42.81138    0 9466  214.00000   42.81138  80.0%     - 7957s
     0     0   44.47946    0 8882  214.00000   44.47946  79.2%     - 8088s
H    0     0                     213.0000000   44.47956  79.1%     - 8130s
     0     0   44.66261    0 8983  213.00000   44.66261  79.0%     - 8183s
     0     0   44.67714    0 9249  213.00000   44.67714  79.0%     - 8195s
     0     0   44.67762    0 9242  213.00000   44.67762  79.0%     - 8198s
     0     0   45.90180    0 8890  213.00000   45.90180  78.4%     - 8285s
     0     0   45.95652    0 9036  213.00000   45.95652  78.4%     - 8317s
     0     0   45.95854    0 9004  213.00000   45.95854  78.4%     - 8323s
     0     0   47.05144    0 9293  213.00000   47.05144  77.9%     - 8424s
H    0     0                     211.0000000   47.05144  77.7%     - 8474s
     0     0   47.07865    0 9376  211.00000   47.07865  77.7%     - 8496s
     0     0   47.08175    0 9356  211.00000   47.08175  77.7%     - 8503s
     0     0   47.68547    0 9697  211.00000   47.68547  77.4%     - 8591s
H    0     0                     210.0000000   47.68547  77.3%     - 8628s
     0     0   47.71642    0 9625  210.00000   47.71642  77.3%     - 8644s
     0     0   47.71983    0 9590  210.00000   47.71983  77.3%     - 8649s
     0     0   48.32356    0 8881  210.00000   48.32356  77.0%     - 8732s
H    0     0                     209.0000000   48.32356  76.9%     - 8779s
     0     0   48.39767    0 9149  209.00000   48.39767  76.8%     - 8818s
     0     0   48.39838    0 9178  209.00000   48.39838  76.8%     - 8823s
     0     0   49.30707    0 8265  209.00000   49.30707  76.4%     - 8906s
H    0     0                     208.0000000   49.30727  76.3%     - 9027s
     0     0   49.35595    0 8944  208.00000   49.35595  76.3%     - 9059s
     0     0   49.35716    0 8914  208.00000   49.35716  76.3%     - 9065s
     0     0   50.14982    0 8162  208.00000   50.14982  75.9%     - 9142s
H    0     0                     207.0000000   50.15022  75.8%     - 9215s
     0     0   50.30900    0 8307  207.00000   50.30900  75.7%     - 9263s
     0     0   50.32384    0 8410  207.00000   50.32384  75.7%     - 9283s
     0     0   51.17675    0 8971  207.00000   51.17675  75.3%     - 9409s
     0     0   51.20082    0 9026  207.00000   51.20082  75.3%     - 9439s
     0     0   51.20082    0 9070  207.00000   51.20082  75.3%     - 9445s
     0     0   51.97670    0 9320  207.00000   51.97670  74.9%     - 9534s
     0     0   51.99755    0 9378  207.00000   51.99755  74.9%     - 9664s
     0     0   52.00259    0 8985  207.00000   52.00259  74.9%     - 9681s
     0     0   52.49332    0 8960  207.00000   52.49332  74.6%     - 9751s
     0     0   52.49369    0 9300  207.00000   52.49369  74.6%     - 9806s
     0     0   52.80132    0 9431  207.00000   52.80132  74.5%     - 9875s
     0     0   52.90907    0 9410  207.00000   52.90907  74.4%     - 9937s
     0     0   52.91190    0 9414  207.00000   52.91190  74.4%     - 9947s
     0     0   53.16638    0 9063  207.00000   53.16638  74.3%     - 10026s
     0     0   53.17113    0 9094  207.00000   53.17113  74.3%     - 10057s
     0     0   53.39228    0 9099  207.00000   53.39228  74.2%     - 10137s
     0     0   53.40298    0 9271  207.00000   53.40298  74.2%     - 10226s
     0     0   53.50161    0 9380  207.00000   53.50161  74.2%     - 10274s
     0     0   53.50161    0 9380  207.00000   53.50161  74.2%     - 10322s

Cutting planes:
  MIR: 2934
  Zero half: 480
  Relax-and-lift: 140

Explored 1 nodes (1817591 simplex iterations) in 10800.10 seconds (10138.00 work units)
Thread count was 8 (of 8 available processors)

Solution count 10: 207 208 209 ... 218

Time limit reached
Best objective 2.070000000000e+02, best bound 5.400000000000e+01, gap 73.9130%

Wrote result file 'C:\gurobi\1103\win64\bin\lubos_test_models\\20260219_88x1257_4.sol'

