Start SOLVER Thu 02/19/2026  6:27:21.70  
Set parameter TimeLimit to value 10800
Set parameter Heuristics to value 0.5
Set parameter LogFile to value "gurobi.log"
Using license file c:\gurobi\gurobi.lic

Gurobi Optimizer version 11.0.3 build v11.0.3rc0 (win64 - Windows Server 2016.0 (14393.2))
Copyright (c) 2024, Gurobi Optimization, LLC

Read LP format model from file C:\gurobi\1103\win64\bin\lubos_test_models\\20260219_88x1257_1.lp
Reading time = 0.86 seconds
: 19235 rows, 123177 columns, 1677876 nonzeros

CPU model: Intel(R) Xeon(R) Gold 6240 CPU @ 2.60GHz, instruction set [SSE2]
Thread count: 8 physical cores, 8 logical processors, using up to 8 threads

Optimize a model with 19235 rows, 123177 columns and 1677876 nonzeros
Model fingerprint: 0x59e5a95b
Variable types: 1 continuous, 123176 integer (123176 binary)
Coefficient statistics:
  Matrix range     [1e+00, 2e+00]
  Objective range  [1e+00, 1e+00]
  Bounds range     [1e+00, 1e+00]
  RHS range        [1e+00, 1e+03]
Presolve removed 1260 rows and 1323 columns
Presolve time: 4.26s
Presolved: 17975 rows, 121854 columns, 1672881 nonzeros
Variable types: 0 continuous, 121854 integer (121854 binary)
Deterministic concurrent LP optimizer: primal simplex, dual simplex, and barrier
Showing barrier log only...

Root barrier log...

Ordering time: 0.09s

Barrier statistics:
 AA' NZ     : 8.085e+05
 Factor NZ  : 1.873e+06 (roughly 70 MB of memory)
 Factor Ops : 2.367e+08 (less than 1 second per iteration)
 Threads    : 5

                  Objective                Residual
Iter       Primal          Dual         Primal    Dual     Compl     Time
   0  -3.94271701e+05 -1.31380250e+04  2.66e+05 3.18e-01  1.18e+01     6s
   1  -2.76985018e+05 -1.46006741e+04  1.92e+05 1.87e-01  8.57e+00     6s
   2  -3.90677874e+04 -1.49341334e+04  2.67e+04 8.88e-16  1.24e+00     7s
   3  -7.83062540e+03 -9.87783341e+03  4.09e+03 2.22e-15  2.02e-01     7s
   4  -1.20741439e+03 -2.52884668e+03  5.47e+02 1.11e-15  3.00e-02     7s
   5  -1.67814960e+02 -8.34273576e+02  8.18e+01 1.11e-15  6.01e-03     7s
   6  -8.65607285e+00 -1.34686297e+02  1.11e+00 1.22e-15  6.67e-04     7s
   7  -3.45186830e+00 -1.50503266e+01  4.99e-01 1.20e-15  9.04e-05     7s
   8  -6.46418311e-01 -2.25484734e+00  1.47e-01 9.85e-16  1.74e-05     7s
   9   4.07818802e-01  4.46899879e-01  1.22e-02 1.26e-15  7.18e-07     7s
  10   4.99362443e-01  4.99956871e-01  8.48e-05 1.47e-15  3.75e-09     7s
  11   5.00000880e-01  4.99999957e-01  1.24e-08 9.41e-16  4.03e-12     7s

Barrier solved model in 11 iterations and 7.49 seconds (6.53 work units)
Optimal objective 5.00000880e-01

  Building initial crossover basis                                10s

Root crossover log...

   10509 DPushes remaining with DInf 0.0000000e+00                12s
       0 DPushes remaining with DInf 0.0000000e+00                12s

      40 PPushes remaining with PInf 8.1367272e-06                12s
       0 PPushes remaining with PInf 0.0000000e+00                12s

  Push phase complete: Pinf 0.0000000e+00, Dinf 0.0000000e+00     12s


Root simplex log...

Iteration    Objective       Primal Inf.    Dual Inf.      Time
   10550    5.0000000e-01   0.000000e+00   0.000000e+00     12s
Concurrent spin time: 0.18s

Solved with barrier

Root relaxation: objective 5.000000e-01, 10550 iterations, 7.17 seconds (4.02 work units)
Total elapsed time = 45.14s (DegenMoves)

    Nodes    |    Current Node    |     Objective Bounds      |     Work
 Expl Unexpl |  Obj  Depth IntInf | Incumbent    BestBd   Gap | It/Node Time

     0     0    0.50000    0  807          -    0.50000      -     -   48s
H    0     0                     404.0000000    0.50000   100%     -   48s
H    0     0                     395.0000000    0.50000   100%     -   53s
H    0     0                     366.0000000    0.50000   100%     -   65s
     0     0    0.50000    0 1641  366.00000    0.50000   100%     -   72s
H    0     0                     292.0000000    0.50000   100%     -   84s
     0     0    0.50000    0 1436  292.00000    0.50000   100%     -   87s
     0     0    0.50000    0  737  292.00000    0.50000   100%     -  108s
H    0     0                     281.0000000    0.50000   100%     -  134s
     0     0    0.50000    0 1069  281.00000    0.50000   100%     -  137s
     0     0    0.50000    0  963  281.00000    0.50000   100%     -  155s
     0     0    0.50000    0  849  281.00000    0.50000   100%     -  201s
H    0     0                     280.0000000    0.50000   100%     -  216s
H    0     0                     246.9999968    0.50000   100%     -  260s
H    0     2                     242.0000000    0.50000   100%     -  292s
     0     2    0.50000    0  848  242.00000    0.50000   100%     -  292s
     3     8    0.50000    2 1168  242.00000    0.50000   100%  2699  301s
     7    16    0.50000    3 1973  242.00000    0.50000   100%  3482  311s
    15    24    0.50000    4 2032  242.00000    0.50000   100%  4867  323s
    23    32    0.50000    4 1941  242.00000    0.50000   100%  6156  344s
H   31    40                     234.0000000    0.50000   100%  9244  426s
H   35    40                     230.9999997    0.50000   100%  8199  426s
    47    63    0.50000    7 1864  231.00000    0.50000   100%  6170  500s
    62   139    0.50000    8 1840  231.00000    0.50000   100%  4783  551s
   138   589    0.50000   18 1465  231.00000    0.50000   100%  4508  596s
H  610   746                     229.0000000    0.50000   100%  1204  665s
H  611   746                     227.0000000    0.50000   100%  1203  665s
H  771   746                     222.0000000    0.50000   100%   984  665s
   773   846    2.50000   68 1283  222.00000    0.50000   100%   982  790s
   877  2046    2.50000   76 1315  222.00000    0.50000   100%   886  872s
H  997  2046                     221.0000000    0.50000   100%   805  872s
H 1179  2046                     220.0000000    0.50000   100%   706  872s
H 1537  2046                     217.0000000    0.50000   100%   583  872s
  2119  2592    4.50000  153 1328  217.00000    0.50000   100%   466  930s
H 2145  2592                     215.0000000    0.50000   100%   463  930s
  2709  3671    6.00000  169 1325  215.00000    0.50000   100%   390  985s
H 3854  4341                     214.0000000    0.50000   100%   321 1033s
  4589  5345   15.00000  265 1258  214.00000    0.50000   100%   292 1083s
  5671  6362   23.00000  322 1372  214.00000    0.50000   100%   269 1134s
H 6834  6404                     212.0000000    0.50000   100%   247 1269s
H 6869  6404                     211.0000000    0.50000   100%   247 1269s
  6876  6514 infeasible  411       211.00000    0.50000   100%   247 1713s
H 6981  6514                     210.0000000    0.50000   100%   245 1713s
  6996  6532   33.00000  421 1299  210.00000    0.50000   100%   245 1849s
H 7012  6532                     208.9999999    0.50000   100%   245 1849s
  7016  6895   33.00000  422 1290  209.00000    0.50000   100%   244 1909s
H 7035  6895                     208.0000000    0.50000   100%   244 1909s
  7435  6896    2.50000   73  849  208.00000    0.50000   100%   239 1946s
  7437  6897   68.50000  548  757  208.00000    0.50000   100%   239 1994s
  7438  6898   24.50000  284  821  208.00000    0.50000   100%   239 2067s
  7439  6899   12.00000  212 1457  208.00000    0.50000   100%   239 2074s
  7440  6899   70.00000  638  750  208.00000    0.50000   100%   239 2108s
  7441  6900   67.00000  532 1891  208.00000    0.50000   100%   239 2119s
  7442  6901   23.50000  325 1233  208.00000    0.50000   100%   239 2208s
  7443  6901    9.50000  230 2311  208.00000    0.50000   100%   239 2221s
  7444  6902    0.50000    5 1740  208.00000    0.50000   100%   239 2310s
  7445  6903    0.50000   45  992  208.00000    0.50000   100%   238 2328s
  7446  6903   17.50000  327  992  208.00000    0.50000   100%   238 2584s
  7447  6907    0.50000   11  771  208.00000    0.50000   100%   306 2683s
  7449  6910    0.50000   12  760  208.00000    0.50000   100%   306 2686s
  7453  6917    0.50000   13  750  208.00000    0.50000   100%   306 2690s
  7477  6933    0.50000   15  737  208.00000    0.50000   100%   307 2703s
  7485  6938    0.50000   15 1059  208.00000    0.50000   100%   307 2707s
  7524  6965    0.50000   17  806  208.00000    0.50000   100%   307 2710s
  7589  7003    0.50000   20  757  208.00000    0.50000   100%   306 2739s
  7597  7008    0.50000   21  767  208.00000    0.50000   100%   306 2754s
  7605  7147    0.50000   21  775  208.00000    0.50000   100%   306 2762s
  7747  7238    0.50000   29  878  208.00000    0.50000   100%   308 2772s
  7887  7410    0.50000   35  805  208.00000    0.50000   100%   309 2792s
  8113  7718    1.00000   50  814  208.00000    0.50000   100%   312 2819s
  8510  7613    1.00000   80  918  208.00000    0.50000   100%   326 2852s
  8539  7964 infeasible   81       208.00000    0.50000   100%   327 2882s
  8907  7919    1.50000  103  970  208.00000    0.50000   100%   346 2916s
  8995  8226    2.50000  109  960  208.00000    0.50000   100%   348 2950s
  9345  8200    4.00000  131  956  208.00000    0.50000   100%   368 2991s
  9444  8509    4.50000  140 1015  208.00000    0.50000   100%   372 3030s
  9816  8457    4.50000  163 1007  208.00000    0.50000   100%   396 3150s
H 9845  8102                     207.0000000    0.50000   100%   398 3150s
  9890  8377    4.10000  164 1085  207.00000    0.50000   100%   400 3194s
 10212  8637    4.20000  177 1085  207.00000    0.50000   100%   421 3246s
 10626  8886    6.50000  206 1067  207.00000    0.50000   100%   441 3298s
 11047  8866    7.00000  247 1031  207.00000    0.50000   100%   463 3382s
 11183  9050    8.50000  261 1078  207.00000    0.50000   100%   475 3438s
 11430  9208    8.50000  266 1041  207.00000    0.50000   100%   496 3494s
 11698  9272   10.00000  284 1088  207.00000    0.50000   100%   514 3573s
 11876  9354   10.00000  292 1072  207.00000    0.50000   100%   528 3641s
 12039  9555   10.50000  306 1122  207.00000    0.50000   100%   547 3739s
 12336  9607   12.50000  325 1079  207.00000    0.50000   100%   560 3807s
 12515  9990   14.50000  340 1071  207.00000    0.50000   100%   574 3899s
 13035 10612   16.00000  348 1066  207.00000    0.50000   100%   563 3982s
 13970 10924   19.00000  387 1122  207.00000    0.50000   100%   539 4107s
 14775 11532   22.25000  419 1079  207.00000    0.50000   100%   519 4217s
 16043 11432   30.00000  486 1022  207.00000    0.50000   100%   493 4346s
 16655 11594   31.00000  521 1065  207.00000    0.50000   100%   481 4663s
 17210 11973 infeasible  567       207.00000    0.50000   100%   471 4831s
 18092 12316   32.50000  604 1095  207.00000    0.50000   100%   457 4922s
 19200 12381   36.00000  684 1052  207.00000    0.50000   100%   442 5094s
 19980 12776 infeasible  728       207.00000    0.50000   100%   432 5186s
 21016 12681 infeasible  776       207.00000    0.50000   100%   421 5406s
 21367 13209 infeasible  777       207.00000    0.50000   100%   418 5571s
 22308 13801   47.50000  821 1144  207.00000    0.50000   100%   409 5672s
 23562 13425   50.50000  887 1021  207.00000    0.50000   100%   397 6341s
 23614 14428   50.50000  890  931  207.00000    0.50000   100%   396 6463s
 24983 14011 infeasible  960       207.00000    0.50000   100%   382 7206s
 25032 14872 infeasible  964       207.00000    0.50000   100%   381 7310s
 26286 14529   64.00000 1026  923  207.00000    0.50000   100%   371 7646s
 26372 15281   63.50000 1027  930  207.00000    0.50000   100%   370 8012s
 27425 15592   66.50000 1080  914  207.00000    0.50000   100%   363 8544s
 28304 16497   68.50000 1134  881  207.00000    0.50000   100%   358 8957s

Cutting planes:
  Gomory: 149
  Cover: 157
  MIR: 3
  Flow cover: 197
  GUB cover: 3413
  Zero half: 934
  RLT: 2

Explored 29672 nodes (10709186 simplex iterations) in 10821.02 seconds (7537.17 work units)
Thread count was 8 (of 8 available processors)

Solution count 10: 207 208 209 ... 220

Time limit reached
Best objective 2.070000000000e+02, best bound 1.000000000000e+00, gap 99.5169%

Wrote result file 'C:\gurobi\1103\win64\bin\lubos_test_models\\20260219_88x1257_1.sol'

