Start SOLVER Fri 03/20/2026 13:38:22.99  
Set parameter TimeLimit to value 10800
Set parameter Heuristics to value 0.5
Set parameter LogFile to value "gurobi.log"
Using license file c:\gurobi\gurobi.lic

Gurobi Optimizer version 11.0.3 build v11.0.3rc0 (win64 - Windows Server 2016.0 (14393.2))
Copyright (c) 2024, Gurobi Optimization, LLC

Read LP format model from file C:\gurobi\1103\win64\bin\lubos_test_models\\20260313_76x1222_1.lp
Reading time = 0.65 seconds
: 25977 rows, 108747 columns, 1272484 nonzeros

CPU model: Intel(R) Xeon(R) Gold 6240 CPU @ 2.60GHz, instruction set [SSE2]
Thread count: 8 physical cores, 8 logical processors, using up to 8 threads

Optimize a model with 25977 rows, 108747 columns and 1272484 nonzeros
Model fingerprint: 0x15f47876
Variable types: 2 continuous, 108745 integer (108745 binary)
Coefficient statistics:
  Matrix range     [1e+00, 1e+03]
  Objective range  [1e+00, 1e+00]
  Bounds range     [1e+00, 1e+00]
  RHS range        [1e+00, 1e+03]
Presolve removed 4890 rows and 4927 columns
Presolve time: 3.38s
Presolved: 21087 rows, 103820 columns, 1257042 nonzeros
Variable types: 0 continuous, 103820 integer (103819 binary)
Deterministic concurrent LP optimizer: primal simplex, dual simplex, and barrier
Showing barrier log only...

Root barrier log...

Ordering time: 0.12s

Barrier statistics:
 Dense cols : 1
 AA' NZ     : 8.645e+05
 Factor NZ  : 2.213e+06 (roughly 70 MB of memory)
 Factor Ops : 2.803e+08 (less than 1 second per iteration)
 Threads    : 5

                  Objective                Residual
Iter       Primal          Dual         Primal    Dual     Compl     Time
   0  -1.48897395e+06 -1.25948806e+04  3.95e+05 3.05e-01  4.81e+01     6s
   1  -9.93348243e+05 -2.90823129e+04  2.69e+05 2.80e-01  3.32e+01     6s
   2  -4.63152925e+05 -4.41169150e+04  1.31e+05 7.07e-02  1.64e+01     6s
   3  -1.35656411e+05 -3.56735010e+04  3.81e+04 1.12e-02  4.89e+00     6s
   4  -3.49061161e+04 -2.63000086e+04  9.25e+03 9.30e-04  1.23e+00     6s
   5  -2.33395838e+04 -1.97587299e+04  5.83e+03 1.88e-04  7.55e-01     6s
   6  -2.02676242e+04 -1.52389233e+04  4.97e+03 4.44e-16  6.12e-01     6s
   7  -7.84751741e+03 -1.00025199e+04  1.61e+03 3.33e-16  2.07e-01     7s
   8  -3.71069021e+03 -7.62393953e+03  6.83e+02 1.26e-05  1.00e-01     7s
   9  -6.80621211e+02 -2.32766246e+03  1.26e+02 3.33e-16  2.30e-02     7s
  10  -2.12892336e+02 -1.17527252e+03  3.61e+01 2.36e-16  9.62e-03     7s
  11  -4.46702823e+01 -7.37171552e+02  9.28e+00 2.50e-16  4.98e-03     7s
  12   3.19267061e+01 -4.01711707e+02  2.57e+00 2.27e-16  2.37e-03     7s
  13   5.36296205e+01  3.84519854e+01  3.66e-01 1.80e-16  1.05e-04     7s
  14   5.63703310e+01  5.44608341e+01  1.81e-02 1.18e-16  9.90e-06     7s
  15   5.64999820e+01  5.64979629e+01  3.02e-05 2.58e-15  1.13e-08     7s
  16   5.65000000e+01  5.65000000e+01  1.25e-10 3.95e-15  1.89e-14     8s

Barrier solved model in 16 iterations and 7.58 seconds (6.31 work units)
Optimal objective 5.65000000e+01

  Building initial crossover basis                                10s

Root crossover log...

    9900 DPushes remaining with DInf 0.0000000e+00                13s
       0 DPushes remaining with DInf 0.0000000e+00                13s

     179 PPushes remaining with PInf 1.9300783e-05                13s
       0 PPushes remaining with PInf 0.0000000e+00                13s

  Push phase complete: Pinf 0.0000000e+00, Dinf 0.0000000e+00     13s


Root simplex log...

Iteration    Objective       Primal Inf.    Dual Inf.      Time
   10082    5.6500000e+01   0.000000e+00   0.000000e+00     13s
Concurrent spin time: 0.02s

Solved with barrier

Root relaxation: objective 5.650000e+01, 10082 iterations, 8.89 seconds (4.86 work units)
Total elapsed time = 17.26s (DegenMoves)
Total elapsed time = 54.27s (DegenMoves)
Total elapsed time = 57.59s (DegenMoves)
Total elapsed time = 60.94s (DegenMoves)

    Nodes    |    Current Node    |     Objective Bounds      |     Work
 Expl Unexpl |  Obj  Depth IntInf | Incumbent    BestBd   Gap | It/Node Time

     0     0   56.50000    0  626          -   56.50000      -     -   63s
H    0     0                    1221.0000000   56.50000  95.4%     -   64s
     0     0   56.50000    0 2547 1221.00000   56.50000  95.4%     -   72s
H    0     0                    1051.0000000   56.50000  94.6%     -   73s
H    0     0                     369.0000000   56.50000  84.7%     -  115s
     0     0   56.50000    0 2759  369.00000   56.50000  84.7%     -  117s
     0     0   56.50000    0 1240  369.00000   56.50000  84.7%     -  197s
H    0     0                     350.0000000   56.50000  83.9%     -  201s
     0     0   56.50000    0 1429  350.00000   56.50000  83.9%     -  209s
     0     0   56.50000    0  813  350.00000   56.50000  83.9%     -  250s
     0     0   56.50000    0  738  350.00000   56.50000  83.9%     -  258s
H    0     0                     309.0000000   56.50000  81.7%     -  281s
H    0     0                     263.0000000   56.50000  78.5%     -  304s
H    0     2                     252.0000000   56.50000  77.6%     -  317s
     0     2   56.50000    0  647  252.00000   56.50000  77.6%     -  317s
     1     4   56.50000    1  641  252.00000   56.50000  77.6% 10120  321s
     3     6   56.50000    2 1511  252.00000   56.50000  77.6%  7971  352s
     7    10   56.50000    3 1739  252.00000   56.50000  77.6%  7628  371s
    13    18   56.50000    4 1996  252.00000   56.50000  77.6%  7355  400s
    21    26   56.50000    5 2387  252.00000   56.50000  77.6%  9476  459s
H   29    34                     237.0000000   56.50000  76.2% 11350  536s
H   31    34                     236.0000000   56.50000  76.1% 11015  536s
    37    42   56.50000    6 2121  236.00000   56.50000  76.1% 10523  550s
    45    50   56.50000    7 2116  236.00000   56.50000  76.1%  8941  605s
    53    63   56.50000    7 2164  236.00000   56.50000  76.1%  7866  685s
H   66    71                     234.0000000   56.50000  75.9%  6528  779s
H   67    71                     232.0000000   56.50000  75.6%  6449  779s
H   68    71                     230.0000000   56.50000  75.4%  6375  779s
H   72    71                     226.9999975   56.50000  75.1%  6109  779s
H   74   127                     224.0000000   56.50000  74.8%  6000  885s
H   77   127                     223.0000000   56.50000  74.7%  6350  885s
H  124   127                     222.0000000   56.50000  74.5%  6886  885s
   130   497   56.50000   11  775  222.00000   56.50000  74.5%  7040 1020s
H  151   497                     220.0000000   56.50000  74.3%  6195 1020s
H  522   982                     219.0000000   56.50000  74.2%  2478 1431s
H  591   982                     214.0000000   56.50000  73.6%  2302 1432s
H 1056  1385                     213.0000000   56.50000  73.5%  1674 1683s
H 1134  1385                     210.0000000   56.50000  73.1%  1606 1683s
H 1508  2205                     209.0000000   56.50000  73.0%  1409 1952s
H 2473  2894                     208.0000000   56.50000  72.8%  1188 2170s
H 3008  2894                     207.0000000   56.50000  72.7%  1101 2170s
H 3254  3432                     206.0000000   56.50000  72.6%  1082 2378s
H 3904  3665                     205.0000000   56.50000  72.4%  1032 3332s
H 4129  3665                     204.0000000   56.50000  72.3%  1010 3332s
H 4195  4365                     203.0000000   56.50000  72.2%  1008 3583s
  5027  5332 infeasible  563       203.00000   56.50000  72.2%   957 3849s
H 6104  5757                     202.0000000   56.50000  72.0%   902 4110s
  6598  6600   69.00000  796  992  202.00000   56.50000  72.0%   881 4356s
H 7264  6600                     201.0000000   56.50000  71.9%   842 4356s
  7555  6601   63.50000  500  738  201.00000   56.50000  71.9%   842 4409s
  7557  6602   65.00000  536 1051  201.00000   56.50000  71.9%   842 4464s
  7558  6603   61.50000  468  824  201.00000   56.50000  71.9%   842 4501s
  7559  6604   59.50000  218 1453  201.00000   56.50000  71.9%   842 4510s
  7560  6604   59.50000  294  737  201.00000   56.50000  71.9%   842 4571s
  7561  6605   60.00000  342 1932  201.00000   56.50000  71.9%   841 4584s
  7562  6606   56.50000   41  867  201.00000   56.50000  71.9%   841 4644s
  7563  6606   56.50000   62 3029  201.00000   56.50000  71.9%   841 4663s
  7564  6607   68.50000  760  861  201.00000   56.50000  71.9%   841 4758s
  7565  6608   57.50000  153 1927  201.00000   56.50000  71.9%   841 4782s
  7566  6608   69.00000  786  857  201.00000   56.50000  71.9%   841 4891s
  7567  6609   62.00000  527  731  201.00000   56.50000  71.9%   841 4906s
  7568  6610   59.50000  288  731  201.00000   56.50000  71.9%   841 5248s
  7569  6613   56.50000   10  808  201.00000   56.50000  71.9%   941 5286s
  7571  6617   56.50000   11  784  201.00000   56.50000  71.9%   942 5293s
  7575  6623   56.50000   12  815  201.00000   56.50000  71.9%   942 5302s
  7591  6632 infeasible   13       201.00000   56.50000  71.9%   942 5309s
  7599  6637   56.50000   14  825  201.00000   56.50000  71.9%   942 5441s
  7615  6649   56.50000   15  745  201.00000   56.50000  71.9%   943 5445s
  7633  6658   56.50000   16  811  201.00000   56.50000  71.9%   942 5511s
H 7635  6326                     200.0000000   56.50000  71.7%   942 5511s
  7653  6342   56.50000   17  811  200.00000   56.50000  71.7%   944 5517s
  7679  6353   56.50000   19  767  200.00000   56.50000  71.7%   944 5547s
  7687  6358   56.50000   19  758  200.00000   56.50000  71.7%   943 5784s
  7695  6377   56.50000   20  722  200.00000   56.50000  71.7%   943 5821s
  7718  6470   57.00000   22  708  200.00000   56.50000  71.7%   942 5837s
  7829  6481   57.00000   30  695  200.00000   56.50000  71.7%   943 5891s
  7885  6634   57.00000   31  688  200.00000   56.50000  71.7%   942 5927s
  8074  6738   57.00000   44  734  200.00000   56.50000  71.7%   949 5982s
  8267  6732   57.75000   58  912  200.00000   56.50000  71.7%   962 6038s
  8338  6939   57.75000   58  787  200.00000   56.50000  71.7%   969 6095s
  8628  7040   57.75000   77  772  200.00000   56.50000  71.7%   976 6153s
  8905  7102   58.75000   96  756  200.00000   56.50000  71.7%   981 6207s
  9137  7126   59.25000  116  825  200.00000   56.50000  71.7%   987 6264s
  9295  7204   60.25000  138  772  200.00000   56.50000  71.7%   991 6358s
  9490  7254   60.25000  157  949  200.00000   56.50000  71.7%   999 6423s
  9701  7191   60.25000  161 1125  200.00000   56.50000  71.7%  1002 6691s
H 9702  6876                     199.0000000   56.50000  71.6%  1002 6691s
  9709  7005   60.25000  162  978  199.00000   56.50000  71.6%  1001 6796s
  9893  7060   60.25000  171 1101  199.00000   56.50000  71.6%  1004 6887s
H 9976  6733                     198.0000000   56.50000  71.5%  1011 6887s
 10047  6845   60.25000  180 1123  198.00000   56.50000  71.5%  1013 6977s
 10214  6888   60.25000  191 1216  198.00000   56.50000  71.5%  1018 7065s
 10336  6885   60.25000  200 1225  198.00000   56.50000  71.5%  1024 7468s
H10353  6596                     197.0000000   56.50000  71.3%  1024 7468s
 10385  6696   60.75000  203 1030  197.00000   56.50000  71.3%  1025 7559s
H10501  6387                     196.0000000   56.50000  71.2%  1028 7559s
 10541  6464   60.75000  217 1060  196.00000   56.50000  71.2%  1032 7654s
 10649  6584   60.75000  228 1258  196.00000   56.50000  71.2%  1038 7758s
 10868  6631   60.75000  249 1435  196.00000   56.50000  71.2%  1044 7908s
 11027  6746   60.75000  259 1560  196.00000   56.50000  71.2%  1048 8025s
 11259  6776   60.75000  275 1344  196.00000   56.50000  71.2%  1051 8143s
 11410  6915   61.25000  286 1339  196.00000   56.50000  71.2%  1054 8278s
 11653  6858   61.25000  302 1271  196.00000   56.50000  71.2%  1057 8688s
 11682  6953   61.25000  303 1249  196.00000   56.50000  71.2%  1057 8822s
 11843  7120   61.25000  311 1258  196.00000   56.50000  71.2%  1058 8970s
 12142  7185   63.00000  333 1103  196.00000   56.50000  71.2%  1066 9124s
 12361  7281   63.25000  342 1314  196.00000   56.50000  71.2%  1069 9284s
 12586  7393   63.25000  355 1328  196.00000   56.50000  71.2%  1078 9468s
 12840  7448   63.75000  380 1333  196.00000   56.50000  71.2%  1084 9946s
 13032  7625   65.25000  390 1294  196.00000   56.50000  71.2%  1087 10134s
 13369  7764   65.25000  412 1239  196.00000   56.50000  71.2%  1094 10337s
 13730  7740   65.25000  427 1261  196.00000   56.50000  71.2%  1100 10647s
 13863  7823 infeasible  427       196.00000   56.50000  71.2%  1104 10800s

Cutting planes:
  Gomory: 182
  Lift-and-project: 3
  Cover: 334
  Clique: 43
  MIR: 8
  StrongCG: 4
  Flow cover: 190
  GUB cover: 4058
  Zero half: 1018
  RLT: 17

Explored 14051 nodes (16095384 simplex iterations) in 10800.35 seconds (14253.59 work units)
Thread count was 8 (of 8 available processors)

Solution count 10: 196 197 198 ... 205

Time limit reached
Best objective 1.960000000000e+02, best bound 5.700000000000e+01, gap 70.9184%

Wrote result file 'C:\gurobi\1103\win64\bin\lubos_test_models\\20260313_76x1222_1.sol'

