Start SOLVER Sat 03/21/2026  1:38:29.45  
Set parameter TimeLimit to value 10800
Set parameter Heuristics to value 0.5
Set parameter LogFile to value "gurobi.log"
Using license file c:\gurobi\gurobi.lic

Gurobi Optimizer version 11.0.3 build v11.0.3rc0 (win64 - Windows Server 2016.0 (14393.2))
Copyright (c) 2024, Gurobi Optimization, LLC

Read LP format model from file C:\gurobi\1103\win64\bin\lubos_test_models\\20260313_76x1222_5.lp
Reading time = 1.10 seconds
: 25976 rows, 94094 columns, 2293239 nonzeros

CPU model: Intel(R) Xeon(R) Gold 6240 CPU @ 2.60GHz, instruction set [SSE2]
Thread count: 8 physical cores, 8 logical processors, using up to 8 threads

Optimize a model with 25976 rows, 94094 columns and 2293239 nonzeros
Model fingerprint: 0x2900ee9b
Variable types: 1222 continuous, 92872 integer (92872 binary)
Coefficient statistics:
  Matrix range     [1e+00, 1e+03]
  Objective range  [1e+00, 1e+00]
  Bounds range     [1e+00, 1e+00]
  RHS range        [1e+00, 1e+03]
Presolve removed 3668 rows and 41 columns (presolve time = 5s) ...
Presolve removed 3668 rows and 41 columns
Presolve time: 6.97s
Presolved: 22308 rows, 94053 columns, 1922419 nonzeros
Variable types: 0 continuous, 94053 integer (92831 binary)
Deterministic concurrent LP optimizer: primal simplex, dual simplex, and barrier
Showing barrier log only...

Root barrier log...

Ordering time: 0.42s

Barrier statistics:
 Dense cols : 1
 AA' NZ     : 1.817e+06
 Factor NZ  : 2.427e+06 (roughly 70 MB of memory)
 Factor Ops : 2.814e+08 (less than 1 second per iteration)
 Threads    : 5

                  Objective                Residual
Iter       Primal          Dual         Primal    Dual     Compl     Time
   0   1.32973550e+06 -3.42980066e+04  3.95e+05 7.61e-02  1.60e+02    10s
   1   1.05320395e+06 -1.09556856e+05  2.65e+05 9.04e-01  1.07e+02    10s
   2   6.66630198e+05 -1.76645222e+05  1.27e+05 3.15e-01  5.20e+01    11s
   3   3.51022958e+05 -1.53553118e+05  5.87e+04 1.16e-01  2.44e+01    11s
   4   1.40932453e+05 -9.62953582e+04  1.72e+04 1.46e-02  7.53e+00    11s
   5   6.02745023e+04 -5.39964626e+04  5.58e+03 4.03e-03  2.52e+00    11s
   6   2.65676456e+04 -3.91743268e+04  2.38e+03 1.21e-03  1.13e+00    11s
   7   1.82012682e+04 -1.77763310e+04  1.58e+03 2.50e-15  6.89e-01    11s
   8   4.20739224e+03 -1.42785588e+04  3.29e+02 2.64e-15  1.98e-01    11s
   9   2.58452510e+03 -6.72599277e+03  1.91e+02 2.80e-15  1.03e-01    12s
  10   6.30998585e+02 -2.22754536e+03  2.79e+01 2.70e-15  2.46e-02    12s
  11   3.36762802e+02 -9.54501938e+02  1.06e+01 2.37e-15  1.05e-02    12s
  12   5.87166188e+01 -2.00000166e+02  1.13e+00 3.14e-15  1.49e-03    12s
  13   6.52689263e+01 -1.27309965e+01  1.65e-01 3.30e-15  3.87e-04    12s
  14   5.74844291e+01  4.81308744e+01  8.58e-03 3.36e-15  4.48e-05    12s
  15   5.70004856e+01  5.69960783e+01  5.40e-06 3.18e-15  2.11e-08    12s
  16   5.70000005e+01  5.69999961e+01  2.87e-10 3.72e-15  2.11e-11    13s
  17   5.70000000e+01  5.70000000e+01  3.83e-13 4.30e-15  2.11e-14    13s

Barrier solved model in 17 iterations and 12.70 seconds (11.34 work units)
Optimal objective 5.70000000e+01

  Building initial crossover basis                                15s
  Building initial crossover basis                                20s

Root crossover log...

      21 DPushes remaining with DInf 0.0000000e+00                21s
       0 DPushes remaining with DInf 0.0000000e+00                21s

    6083 PPushes remaining with PInf 2.2448793e-04                21s
       0 PPushes remaining with PInf 2.5132113e-04                23s

  Push phase complete: Pinf 2.5132113e-04, Dinf 6.0107227e-11     23s


Root simplex log...

Iteration    Objective       Primal Inf.    Dual Inf.      Time
    6105    5.7000000e+01   2.513211e-04   0.000000e+00     23s
    6129    5.7000000e+01   0.000000e+00   0.000000e+00     23s
Concurrent spin time: 0.36s

Solved with barrier

Root relaxation: objective 5.700000e+01, 6129 iterations, 15.67 seconds (8.76 work units)

    Nodes    |    Current Node    |     Objective Bounds      |     Work
 Expl Unexpl |  Obj  Depth IntInf | Incumbent    BestBd   Gap | It/Node Time

     0     0   57.00000    0 8556          -   57.00000      -     -   92s
H    0     0                    91572.000000   57.00000   100%     -  110s
     0     0   57.00000    0 7863 91572.0000   57.00000   100%     -  847s
H    0     0                    1051.0000000   57.00000  94.6%     -  848s
H    0     0                     533.0000000   57.00000  89.3%     - 1521s
     0     0   57.00000    0 7483  533.00000   57.00000  89.3%     - 2013s
     0     0   57.00000    0 7390  533.00000   57.00000  89.3%     - 2464s
H    0     0                     479.0000000   57.00000  88.1%     - 2483s
     0     0   57.00000    0 7042  479.00000   57.00000  88.1%     - 2846s
     0     0   57.00000    0 7023  479.00000   57.00000  88.1%     - 3521s
H    0     0                     268.0000000   57.00000  78.7%     - 4339s
     0     0   57.00000    0 6641  268.00000   57.00000  78.7%     - 4842s
     0     0   57.00000    0 7001  268.00000   57.00000  78.7%     - 5209s
H    0     0                     264.0000000   57.00000  78.4%     - 5221s
     0     0   57.00000    0 6709  264.00000   57.00000  78.4%     - 5482s
     0     0   57.00000    0 7176  264.00000   57.00000  78.4%     - 5857s
H    0     0                     241.0000000   57.00000  76.3%     - 6682s
     0     0   57.00000    0 6820  241.00000   57.00000  76.3%     - 7611s
     0     0   57.00000    0 6760  241.00000   57.00000  76.3%     - 7959s
     0     0   57.00000    0 6760  241.00000   57.00000  76.3%     - 8032s
H    0     0                     226.0000000   57.00000  74.8%     - 9404s
H    0     0                     224.0000000   57.00000  74.6%     - 10286s
H    0     2                     221.0000000   57.00000  74.2%     - 10441s
     0     2   57.00000    0 6760  221.00000   57.00000  74.2%     - 10441s
     1     1 infeasible    1       221.00000   57.00000  74.2% 46496 10800s

Cutting planes:
  Cover: 20
  Clique: 31
  MIR: 129
  StrongCG: 10
  GUB cover: 1
  Zero half: 193
  Relax-and-lift: 385

Explored 2 nodes (1349346 simplex iterations) in 10800.15 seconds (10091.34 work units)
Thread count was 8 (of 8 available processors)

Solution count 10: 221 224 226 ... 91572

Time limit reached
Best objective 2.210000000000e+02, best bound 5.700000000035e+01, gap 74.2081%

Wrote result file 'C:\gurobi\1103\win64\bin\lubos_test_models\\20260313_76x1222_5.sol'

