Start SOLVER Fri 02/20/2026  8:47:47.36  
Set parameter TimeLimit to value 10800
Set parameter Heuristics to value 0.5
Set parameter LogFile to value "gurobi.log"
Using license file c:\gurobi\gurobi.lic

Gurobi Optimizer version 11.0.3 build v11.0.3rc0 (win64 - Windows Server 2016.0 (14393.2))
Copyright (c) 2024, Gurobi Optimization, LLC

Read LP format model from file C:\gurobi\1103\win64\bin\lubos_test_models\\20260220_78x1223_2.lp
Reading time = 0.75 seconds
: 19913 rows, 96616 columns, 1537012 nonzeros

CPU model: Intel(R) Xeon(R) Gold 6240 CPU @ 2.60GHz, instruction set [SSE2]
Thread count: 8 physical cores, 8 logical processors, using up to 8 threads

Optimize a model with 19913 rows, 96616 columns and 1537012 nonzeros
Model fingerprint: 0x6ffd7d49
Variable types: 1222 continuous, 95394 integer (95394 binary)
Coefficient statistics:
  Matrix range     [1e+00, 1e+00]
  Objective range  [1e+00, 1e+00]
  Bounds range     [1e+00, 1e+00]
  RHS range        [1e+00, 2e+02]
Presolve removed 280 rows and 1434 columns
Presolve time: 3.42s
Presolved: 19633 rows, 95182 columns, 1524924 nonzeros
Variable types: 0 continuous, 95182 integer (93960 binary)
Deterministic concurrent LP optimizer: primal simplex, dual simplex, and barrier
Showing barrier log only...

Root barrier log...

Ordering time: 0.07s

Barrier statistics:
 AA' NZ     : 8.285e+05
 Factor NZ  : 2.297e+06 (roughly 70 MB of memory)
 Factor Ops : 2.923e+08 (less than 1 second per iteration)
 Threads    : 5

                  Objective                Residual
Iter       Primal          Dual         Primal    Dual     Compl     Time
   0   1.03488100e+05 -4.66920093e+03  3.33e+05 8.10e-02  1.16e+01     5s
   1   8.36312014e+04 -8.34964645e+03  2.31e+05 1.93e-01  7.94e+00     6s
   2   1.64188770e+04 -9.87439883e+03  1.77e+04 2.89e-15  6.87e-01     6s
   3   5.18930415e+03 -1.92235239e+03  3.29e+03 2.55e-15  1.31e-01     6s
   4   1.14829799e+03 -9.55996366e+02  7.01e+02 1.44e-15  3.02e-02     6s
   5   6.58311570e+01 -4.38926560e+02  2.92e+01 1.28e-15  3.38e-03     6s
   6   1.45030844e+01 -1.08737150e+02  1.19e+00 1.44e-15  6.97e-04     6s
   7   4.03964151e+00 -2.25676883e+01  3.15e-01 1.33e-15  1.37e-04     6s
   8   1.08248395e+00 -4.07749352e+00  7.38e-02 1.39e-15  2.55e-05     7s
   9   9.68987686e-01 -3.85941835e+00  6.04e-02 1.29e-15  2.38e-05     7s
  10   8.52471860e-01 -2.96633007e+00  5.20e-02 1.23e-15  1.88e-05     7s
  11   7.52287894e-01 -1.75060508e+00  4.57e-02 1.03e-15  1.23e-05     7s
  12   4.98742892e-01 -4.77464523e-01  2.75e-02 1.22e-15  4.84e-06     7s
  13   3.34038728e-01  5.00245102e-02  1.52e-02 1.63e-15  1.44e-06     7s
  14   2.83412702e-01  7.76374048e-02  1.08e-02 1.20e-15  1.04e-06     7s
  15   2.09823226e-01  1.21454156e-01  5.10e-03 1.31e-15  4.50e-07     7s
  16   1.71654720e-01  1.34514592e-01  2.90e-04 1.20e-15  1.79e-07     7s
  17   1.52482480e-01  1.44742026e-01  1.41e-05 9.99e-16  3.72e-08     8s
  18   1.52038278e-01  1.46870634e-01  1.03e-05 1.20e-15  2.48e-08     8s
  19   1.51261788e-01  1.48216472e-01  4.19e-06 1.28e-15  1.46e-08     8s
  20   1.51132256e-01  1.49283178e-01  3.37e-06 1.22e-15  8.88e-09     8s
  21   1.51104950e-01  1.49690614e-01  3.20e-06 1.07e-15  6.80e-09     8s
  22   1.50743257e-01  1.50225877e-01  1.25e-06 1.06e-15  2.49e-09     8s
  23   1.50542438e-01  1.50365966e-01  2.94e-07 1.35e-15  8.47e-10     8s
  24   1.50514623e-01  1.50429615e-01  3.23e-07 1.19e-15  4.08e-10     9s
  25   1.50506051e-01  1.50478139e-01  5.84e-08 1.21e-15  1.34e-10     9s
  26   1.50502555e-01  1.50497418e-01  2.08e-08 1.34e-15  2.47e-11     9s
  27   1.50502444e-01  1.50502298e-01  2.68e-09 1.78e-15  6.97e-13     9s
  28   1.50502442e-01  1.50502436e-01  7.93e-10 2.19e-15  2.89e-14     9s

Barrier solved model in 28 iterations and 9.39 seconds (6.81 work units)
Optimal objective 1.50502442e-01

  Building initial crossover basis                                15s

Root crossover log...

    2773 DPushes remaining with DInf 0.0000000e+00                15s
       0 DPushes remaining with DInf 0.0000000e+00                16s

   80819 PPushes remaining with PInf 9.1286262e-01                16s
   46851 PPushes remaining with PInf 1.2926225e-01                20s
Warning: 1 variables dropped from basis
Warning: 1 variables dropped from basis

Restart crossover...

   73201 variables added to crossover basis                       25s

    2773 DPushes remaining with DInf 0.0000000e+00                25s
       0 DPushes remaining with DInf 0.0000000e+00                26s

   80819 PPushes remaining with PInf 4.1879560e+01                26s
Warning: 1 variables dropped from basis
Warning: 1 variables dropped from basis
Warning: 1 variables dropped from basis
   51764 PPushes remaining with PInf 6.4934687e+07                30s
   28234 PPushes remaining with PInf 6.3504792e+07                35s
   11220 PPushes remaining with PInf 6.2434886e+07                40s
    1060 PPushes remaining with PInf 6.1966938e+07                45s
       0 PPushes remaining with PInf 6.1916352e+07                46s

  Push phase complete: Pinf 6.1916352e+07, Dinf 3.0471056e+06     46s


Root simplex log...

Iteration    Objective       Primal Inf.    Dual Inf.      Time
   83592   -1.2431213e+03   0.000000e+00   3.047106e+06     46s
   84032   -1.2431213e+03   0.000000e+00   6.280196e+03     51s
   84496   -1.2431213e+03   0.000000e+00   3.886428e+03     56s
   84844   -1.2431213e+03   0.000000e+00   1.853863e+04     60s
   85308   -1.2431213e+03   0.000000e+00   2.636889e+03     66s
   85772   -1.2431213e+03   0.000000e+00   2.145685e+04     72s
   86120   -1.2431213e+03   0.000000e+00   1.278366e+04     76s
   86584   -1.2431214e+03   0.000000e+00   2.449040e+04     81s
   86932   -1.2431214e+03   0.000000e+00   1.959086e+04     85s
   87396   -1.2431214e+03   0.000000e+00   9.347661e+03     90s
   87860   -1.2431214e+03   0.000000e+00   1.022798e+04     96s
   88324   -1.2431215e+03   0.000000e+00   3.873477e+04    101s
   88788   -1.2431218e+03   0.000000e+00   2.642290e+05    106s
   89136   -1.2431222e+03   0.000000e+00   4.292664e+04    110s
   89716   -1.2431232e+03   0.000000e+00   2.832208e+05    116s
   90180   -1.2431241e+03   0.000000e+00   1.434030e+04    121s
   90528   -1.2431243e+03   0.000000e+00   6.080272e+04    125s
   90992   -1.2431247e+03   0.000000e+00   7.781656e+04    131s
   91456   -1.2431253e+03   0.000000e+00   2.913457e+06    136s
   91804   -1.2431259e+03   0.000000e+00   4.156150e+03    140s
   92268   -1.2431260e+03   0.000000e+00   1.379864e+04    146s
   92732   -1.2431260e+03   0.000000e+00   3.095520e+04    151s
   93196   -1.2431268e+03   0.000000e+00   3.103829e+07    156s
   93660   -1.2431295e+03   0.000000e+00   3.543653e+07    161s
   94008   -1.2431308e+03   0.000000e+00   2.185341e+04    165s
   94472   -1.2431310e+03   0.000000e+00   4.654045e+03    171s
   94820   -1.2431311e+03   0.000000e+00   4.266189e+04    175s
   95284   -1.2431315e+03   0.000000e+00   9.209432e+06    181s
   95748   -1.2431317e+03   0.000000e+00   5.773615e+03    186s
   96096   -1.2431318e+03   0.000000e+00   4.980728e+04    190s
   96560   -1.2431320e+03   0.000000e+00   2.064059e+04    196s
   97024   -1.2431327e+03   0.000000e+00   1.368051e+06    201s
   97372   -1.2431340e+03   0.000000e+00   1.208458e+05    205s
   97836   -1.2431341e+03   0.000000e+00   3.467802e+04    211s
   98184   -1.2431342e+03   0.000000e+00   5.394123e+04    216s
   98532   -1.2431343e+03   0.000000e+00   2.832396e+04    220s
   98996   -1.2431358e+03   0.000000e+00   4.895982e+06    226s
   99344   -1.2431377e+03   0.000000e+00   7.516317e+04    231s
   99808   -1.2431382e+03   0.000000e+00   2.164425e+06    236s
  100156   -1.2431396e+03   0.000000e+00   2.427279e+06    241s
  100504   -1.2431411e+03   0.000000e+00   7.580288e+03    246s
  100852   -1.2431412e+03   0.000000e+00   3.744648e+05    250s
  101316   -1.2431418e+03   0.000000e+00   2.517369e+06    256s
  101664   -1.2431449e+03   0.000000e+00   5.575386e+07    261s
  102012   -1.2431453e+03   0.000000e+00   3.026994e+05    265s
  102476   -1.2431456e+03   0.000000e+00   2.662240e+04    271s
  102824   -1.2431467e+03   0.000000e+00   9.173296e+05    276s
  103172   -1.2431486e+03   0.000000e+00   4.067224e+04    281s
  103520   -1.2431488e+03   0.000000e+00   3.989492e+05    285s
  103984   -1.2431499e+03   0.000000e+00   1.349525e+06    291s
  104332   -1.2431503e+03   0.000000e+00   2.076507e+03    295s
  104796   -1.2431504e+03   0.000000e+00   2.822286e+04    301s
  105144   -1.2431512e+03   0.000000e+00   2.678785e+05    306s
  105492   -1.2431526e+03   0.000000e+00   3.476163e+05    310s
Concurrent spin time: 0.05s

Solved with dual simplex

Root simplex log...

Iteration    Objective       Primal Inf.    Dual Inf.      Time
  100138    1.5050244e-01   0.000000e+00   0.000000e+00    313s

Root relaxation: objective 1.505024e-01, 100138 iterations, 309.13 seconds (250.23 work units)

    Nodes    |    Current Node    |     Objective Bounds      |     Work
 Expl Unexpl |  Obj  Depth IntInf | Incumbent    BestBd   Gap | It/Node Time

     0     0    0.15050    0 10886          -    0.15050      -     - 1808s
H    0     0                    13161.000000    0.15050   100%     - 1842s
     0     0    0.15050    0 11273 13161.0000    0.15050   100%     - 1858s
H    0     0                    1050.0000000    0.15050   100%     - 1858s
H    0     0                     285.0000000    0.15050   100%     - 2182s
     0     0    0.15050    0 11240  285.00000    0.15050   100%     - 2184s
     0     0    0.15050    0 11131  285.00000    0.15050   100%     - 2345s
H    0     0                     259.0000000    0.15050   100%     - 2348s
     0     0    0.15050    0 11140  259.00000    0.15050   100%     - 2349s
     0     0    0.15050    0 10660  259.00000    0.15050   100%     - 2479s
H    0     0                     170.0000000    0.15050   100%     - 2500s
     0     0    0.15050    0 10660  170.00000    0.15050   100%     - 2501s
     0     0    0.15050    0 10875  170.00000    0.15050   100%     - 2540s
H    0     0                     155.0000000    0.15050   100%     - 2546s
     0     0    0.15050    0 10813  155.00000    0.15050   100%     - 2547s
     0     0    0.15050    0 10786  155.00000    0.15050   100%     - 2622s
H    0     0                     133.0000000    0.15050   100%     - 2628s
     0     0    0.15050    0 10769  133.00000    0.15050   100%     - 2629s
     0     0    0.15050    0 10790  133.00000    0.15050   100%     - 2693s
     0     0    0.15050    0 10790  133.00000    0.15050   100%     - 2740s
H    0     0                     122.0000000    0.15050   100%     - 3042s
H    0     0                     111.0000000    0.15050   100%     - 3213s
H    0     0                     106.0000000    0.15050   100%     - 3229s
H    0     2                     104.0000000    0.15050   100%     - 3288s
     0     2    0.15050    0 10790  104.00000    0.15050   100%     - 3288s
     1     4    1.00000    1 9908  104.00000    0.15050   100% 48228 3424s
     3     8    1.00000    2 9218  104.00000    1.00000  99.0% 25899 3860s
     7    16    1.00000    3 8632  104.00000    1.00000  99.0% 29757 4618s
    15    24    1.00000    4 8023  104.00000    1.00000  99.0% 50446 5298s
    23    32    1.00000    5 7918  104.00000    1.00000  99.0% 60771 5515s
H   31    40                     102.0000000    1.00000  99.0% 48226 5769s
H   31    40                     100.0000000    1.00000  99.0% 48226 5769s
H   34    40                      97.0000000    1.00000  99.0% 44898 5769s
H   36    40                      96.0000000    1.00000  99.0% 43456 5769s
    39    48    1.00000    6 9076   96.00000    1.00000  99.0% 41161 5853s
    47    58    1.00000    7 7112   96.00000    1.00000  99.0% 35925 6137s
    57    70    1.00000    7 9501   96.00000    1.00000  99.0% 31931 7621s
H   69    80                      90.0000000    1.00000  98.9% 31611 8153s
    79    90    1.00000    8 7138   90.00000    1.00000  98.9% 30688 8680s
    89   102    1.00000    9 6792   90.00000    1.00000  98.9% 29871 9213s
   101   109    1.00000   10 7391   90.00000    1.00000  98.9% 27549 10800s
H  102   109                      85.0000000    1.00000  98.8% 27279 10800s

Cutting planes:
  MIR: 92
  Zero half: 111

Explored 108 nodes (3422376 simplex iterations) in 10800.29 seconds (11896.94 work units)
Thread count was 8 (of 8 available processors)

Solution count 10: 85 90 96 ... 122

Time limit reached
Best objective 8.500000000000e+01, best bound 1.000000000005e+00, gap 98.8235%

Wrote result file 'C:\gurobi\1103\win64\bin\lubos_test_models\\20260220_78x1223_2.sol'

