Start SOLVER Sun 02/22/2026 15:37:52.74  
Set parameter TimeLimit to value 10800
Set parameter Heuristics to value 0.5
Set parameter LogFile to value "gurobi.log"
Using license file c:\gurobi\gurobi.lic

Gurobi Optimizer version 11.0.3 build v11.0.3rc0 (win64 - Windows Server 2016.0 (14393.2))
Copyright (c) 2024, Gurobi Optimization, LLC

Read LP format model from file C:\gurobi\1103\win64\bin\lubos_test_models\\20260223_51x1200_5.lp
Reading time = 0.65 seconds
: 19520 rows, 62399 columns, 1408655 nonzeros

CPU model: Intel(R) Xeon(R) Gold 6240 CPU @ 2.60GHz, instruction set [SSE2]
Thread count: 8 physical cores, 8 logical processors, using up to 8 threads

Optimize a model with 19520 rows, 62399 columns and 1408655 nonzeros
Model fingerprint: 0xd65684c9
Variable types: 1199 continuous, 61200 integer (61200 binary)
Coefficient statistics:
  Matrix range     [1e+00, 1e+00]
  Objective range  [1e+00, 1e+00]
  Bounds range     [1e+00, 1e+00]
  RHS range        [1e+00, 2e+02]
Presolve removed 154 rows and 335 columns
Presolve time: 3.26s
Presolved: 19366 rows, 62064 columns, 1343827 nonzeros
Variable types: 0 continuous, 62064 integer (60865 binary)
Deterministic concurrent LP optimizer: primal simplex, dual simplex, and barrier
Showing barrier log only...

Root barrier log...

Ordering time: 0.42s

Barrier statistics:
 AA' NZ     : 1.404e+06
 Factor NZ  : 2.050e+06 (roughly 50 MB of memory)
 Factor Ops : 2.307e+08 (less than 1 second per iteration)
 Threads    : 5

                  Objective                Residual
Iter       Primal          Dual         Primal    Dual     Compl     Time
   0   2.47332739e+05 -2.26097106e+04  1.43e+05 6.66e-02  3.25e+01     5s
   1   2.15352807e+05 -3.01863632e+04  1.11e+05 5.75e-01  2.47e+01     5s
   2   8.18410460e+04 -3.42203390e+04  1.90e+04 8.66e-15  4.55e+00     5s
   3   1.78385616e+04 -5.75839021e+03  2.43e+03 9.10e-15  6.10e-01     5s
   4   2.23517443e+03 -2.82989378e+03  2.63e+02 7.33e-15  8.23e-02     6s
   5   2.94697707e+02 -8.39528675e+02  2.87e+01 6.00e-15  1.23e-02     6s
   6   7.78231851e+01 -2.68509613e+02  6.65e+00 6.44e-15  2.97e-03     6s
   7   4.48738675e+01 -1.31386275e+02  3.42e+00 6.08e-15  1.41e-03     6s
   8   4.03892405e+01 -8.12591129e+01  2.67e+00 5.70e-15  9.59e-04     6s
   9   3.92776656e+01 -2.88604656e+01  2.17e+00 4.88e-15  5.34e-04     6s
  10   3.82603577e+01  3.33811895e+01  3.66e-02 6.43e-15  3.45e-05     6s
  11   3.80006185e+01  3.79953723e+01  4.92e-05 5.77e-15  3.69e-08     6s
  12   3.80000005e+01  3.79999954e+01  4.33e-08 6.77e-15  3.64e-11     6s
  13   3.80000000e+01  3.80000000e+01  2.37e-11 9.79e-15  3.64e-14     6s

Barrier solved model in 13 iterations and 6.33 seconds (5.54 work units)
Optimal objective 3.80000000e+01


Root crossover log...

      15 DPushes remaining with DInf 0.0000000e+00                10s
       0 DPushes remaining with DInf 0.0000000e+00                10s

    6996 PPushes remaining with PInf 2.7978652e-05                10s
    5283 PPushes remaining with PInf 3.4252010e-05                10s
       0 PPushes remaining with PInf 6.2932154e-06                12s

  Push phase complete: Pinf 6.2932154e-06, Dinf 5.4620764e-11     12s


Root simplex log...

Iteration    Objective       Primal Inf.    Dual Inf.      Time
    7013    3.8000000e+01   6.293215e-06   0.000000e+00     12s
    7014    3.8000000e+01   0.000000e+00   0.000000e+00     12s
Concurrent spin time: 0.00s

Solved with barrier

Root relaxation: objective 3.800000e+01, 7014 iterations, 8.61 seconds (5.76 work units)

    Nodes    |    Current Node    |     Objective Bounds      |     Work
 Expl Unexpl |  Obj  Depth IntInf | Incumbent    BestBd   Gap | It/Node Time

     0     0   38.00000    0 9435          -   38.00000      -     -   55s
H    0     0                    59651.000000   38.00000   100%     -   72s
     0     0   38.00000    0 9202 59651.0000   38.00000   100%     -  139s
H    0     0                    1021.0000000   38.00000  96.3%     -  140s
H    0     0                     295.0000000   38.00000  87.1%     -  271s
     0     0   38.00000    0 8897  295.00000   38.00000  87.1%     -  291s
     0     0   38.00000    0 8985  295.00000   38.00000  87.1%     -  399s
H    0     0                     285.0000000   38.00000  86.7%     -  415s
     0     0   38.00000    0 8652  285.00000   38.00000  86.7%     -  444s
     0     0   38.00000    0 8689  285.00000   38.00000  86.7%     -  586s
H    0     0                     261.0000000   38.00000  85.4%     -  657s
     0     0   38.00000    0 8378  261.00000   38.00000  85.4%     -  674s
     0     0   38.00000    0 8513  261.00000   38.00000  85.4%     -  789s
H    0     0                     257.0000000   38.00000  85.2%     -  802s
     0     0   38.00000    0 8237  257.00000   38.00000  85.2%     -  821s
     0     0   38.00000    0 8452  257.00000   38.00000  85.2%     -  939s
H    0     0                     241.0000000   38.00000  84.2%     - 1010s
     0     0   38.00000    0 8220  241.00000   38.00000  84.2%     - 1039s
     0     0   38.00000    0 8347  241.00000   38.00000  84.2%     - 1147s
     0     0   38.00000    0 8347  241.00000   38.00000  84.2%     - 1189s
H    0     0                     230.0000000   38.00000  83.5%     - 1367s
H    0     0                     229.0000000   38.00000  83.4%     - 2578s
H    0     0                     227.0000000   38.00000  83.3%     - 2588s
     0     2   38.00000    0 8347  227.00000   38.00000  83.3%     - 2680s
     1     4  postponed    1       227.00000   38.00000  83.3% 861253 6492s
     3     8   38.00000    2 6673  227.00000   38.00000  83.3% 614141 10307s
     7     9   38.00000    3 6403  227.00000   38.00000  83.3% 504603 10800s

Cutting planes:
  MIR: 140
  Zero half: 225
  Relax-and-lift: 337

Explored 8 nodes (3955888 simplex iterations) in 10800.13 seconds (13613.39 work units)
Thread count was 8 (of 8 available processors)

Solution count 10: 227 229 230 ... 59651

Time limit reached
Best objective 2.270000000000e+02, best bound 3.800000000015e+01, gap 83.2599%

Wrote result file 'C:\gurobi\1103\win64\bin\lubos_test_models\\20260223_51x1200_5.sol'

