Start SOLVER Sat 02/21/2026 18:37:32.01  
Set parameter TimeLimit to value 10800
Set parameter Heuristics to value 0.5
Set parameter LogFile to value "gurobi.log"
Using license file c:\gurobi\gurobi.lic

Gurobi Optimizer version 11.0.3 build v11.0.3rc0 (win64 - Windows Server 2016.0 (14393.2))
Copyright (c) 2024, Gurobi Optimization, LLC

Read LP format model from file C:\gurobi\1103\win64\bin\lubos_test_models\\20260220_78x1223_3.lp
Reading time = 0.88 seconds
: 10137 rows, 96616 columns, 1717868 nonzeros

CPU model: Intel(R) Xeon(R) Gold 6240 CPU @ 2.60GHz, instruction set [SSE2]
Thread count: 8 physical cores, 8 logical processors, using up to 8 threads

Optimize a model with 10137 rows, 96616 columns and 1717868 nonzeros
Model fingerprint: 0x2a346098
Variable types: 0 continuous, 96616 integer (96616 binary)
Coefficient statistics:
  Matrix range     [1e+00, 1e+01]
  Objective range  [1e+00, 1e+00]
  Bounds range     [1e+00, 1e+00]
  RHS range        [1e+00, 2e+02]
Presolve removed 278 rows and 1434 columns
Presolve time: 3.51s
Presolved: 9859 rows, 95182 columns, 1670011 nonzeros
Variable types: 0 continuous, 95182 integer (95182 binary)
Deterministic concurrent LP optimizer: primal simplex, dual simplex, and barrier
Showing barrier log only...

Root barrier log...

Ordering time: 0.14s

Barrier statistics:
 AA' NZ     : 6.123e+05
 Factor NZ  : 1.180e+06 (roughly 50 MB of memory)
 Factor Ops : 1.633e+08 (less than 1 second per iteration)
 Threads    : 5

                  Objective                Residual
Iter       Primal          Dual         Primal    Dual     Compl     Time
   0   5.09076201e+04 -5.93928435e+02  3.29e+05 1.37e-15  8.41e+00     6s
   1   3.67853488e+04 -2.28264490e+03  2.30e+05 1.66e-01  5.93e+00     6s
   2   3.35997901e+03 -3.34880464e+03  1.50e+04 2.78e-15  4.09e-01     6s
   3   8.11226409e+02 -1.70336341e+03  2.48e+03 1.89e-15  7.16e-02     6s
   4   2.15703653e+02 -7.32556895e+02  5.31e+02 1.17e-15  1.68e-02     6s
   5   4.88993192e+01 -4.44549522e+02  1.03e+02 7.77e-16  4.77e-03     6s
   6   1.30698756e+01 -2.51822126e+02  1.99e+01 6.11e-16  1.82e-03     6s
   7   2.61985749e+00 -3.34406872e+01  8.63e-01 7.08e-16  2.24e-04     6s
   8   2.45398826e-01 -4.32932108e+00  7.80e-02 1.14e-15  2.40e-05     6s
   9   2.05653967e-02 -3.04299667e-01  6.72e-03 1.37e-15  1.66e-06     6s
  10   4.48058720e-05 -4.99655889e-04  6.38e-06 1.31e-15  2.76e-09     6s
  11   5.26869217e-11 -5.04394761e-10  8.89e-12 1.73e-15  2.86e-15     7s

Barrier solved model in 11 iterations and 6.54 seconds (6.31 work units)
Optimal objective 5.26869217e-11


Root crossover log...

    1225 DPushes remaining with DInf 0.0000000e+00                 9s
       0 DPushes remaining with DInf 0.0000000e+00                 9s

     228 PPushes remaining with PInf 0.0000000e+00                 9s
       0 PPushes remaining with PInf 0.0000000e+00                 9s

  Push phase complete: Pinf 0.0000000e+00, Dinf 0.0000000e+00      9s


Root simplex log...

Iteration    Objective       Primal Inf.    Dual Inf.      Time
     234    0.0000000e+00   0.000000e+00   0.000000e+00      9s
Concurrent spin time: 0.01s

Solved with barrier

Root relaxation: objective 0.000000e+00, 234 iterations, 4.84 seconds (2.91 work units)
Total elapsed time = 27.83s (DegenMoves)

    Nodes    |    Current Node    |     Objective Bounds      |     Work
 Expl Unexpl |  Obj  Depth IntInf | Incumbent    BestBd   Gap | It/Node Time

     0     0    0.00000    0 2696          -    0.00000      -     -   67s
H    0     0                    1222.0000000    0.00000   100%     -   73s
     0     0    0.00000    0 3101 1222.00000    0.00000   100%     -   90s
H    0     0                    1050.0000000    0.00000   100%     -   90s
H    0     0                     755.0000000    0.00000   100%     -  177s
     0     0    0.00000    0 3218  755.00000    0.00000   100%     -  194s
     0     0    0.00000    0 2890  755.00000    0.00000   100%     -  276s
H    0     0                     619.0000000    0.00000   100%     -  296s
     0     0    0.00000    0 3163  619.00000    0.00000   100%     -  319s
     0     0    0.00000    0 2966  619.00000    0.00000   100%     -  397s
H    0     0                     301.0000000    0.00000   100%     -  452s
     0     0    0.00000    0 3301  301.00000    0.00000   100%     -  472s
     0     0    0.00000    0 3002  301.00000    0.00000   100%     -  558s
     0     0    0.00000    0 2872  301.00000    0.00000   100%     -  614s
H    0     0                     179.0000000    0.00000   100%     -  665s
H    0     0                     173.0000000    0.00000   100%     -  699s
H    0     2                     160.0000000    0.00000   100%     -  838s
     0     2    0.00000    0 2676  160.00000    0.00000   100%     -  838s
     1     4    0.00000    1 2672  160.00000    0.00000   100% 61684  962s
     3     8    0.00000    2 2882  160.00000    0.00000   100% 54516 1084s
     7    16    0.00000    3 3158  160.00000    0.00000   100% 36933 1348s
    15    24    0.00000    4 3519  160.00000    0.00000   100% 34530 1534s
    23    32    0.76266    4 3469  160.00000    0.00000   100% 30387 1871s
H   31    40                     158.0000000    0.00000   100% 25141 1946s
H   32    40                     154.0000000    0.00000   100% 24787 1946s
H   33    40                     152.0000000    0.00000   100% 24182 1946s
H   33    40                     149.9999992    0.00000   100% 24182 1946s
H   36    40                     148.0000000    0.00000   100% 22526 1946s
H   37    40                     145.0000000    0.00000   100% 22025 1946s
    39    48    0.00000    6 3273  145.00000    0.00000   100% 22082 2041s
    47    62    0.00000    7 3280  145.00000    0.00000   100% 19627 2217s
    61    77    0.65635    8 3248  145.00000    0.00000   100% 17834 2430s
H   76    87                     143.0000000    0.00000   100% 14849 2541s
H   76    87                     136.0000000    0.00000   100% 14849 2541s
    86    97    0.00000    9 3287  136.00000    0.00000   100% 13697 2611s
    96   105    0.67760    9 3597  136.00000    0.00000   100% 14498 2999s
   104   122    0.00000   10 3321  136.00000    0.00000   100% 14049 3133s
H  117   122                     119.0000000    0.00000   100% 13017 3134s
H  121   130                     116.0000000    0.00000   100% 12703 3277s
H  122   130                     113.0000000    0.00000   100% 12683 3277s
H  126   130                     111.0000000    0.00000   100% 12408 3277s
H  127   130                     109.0000000    0.00000   100% 12328 3277s
   129   155    0.00000   12 3221  109.00000    0.00000   100% 12300 3322s
   154   177    0.56868   12 3378  109.00000    0.00000   100% 11981 3665s
H  170   177                     106.9999998    0.00000   100% 11318 3665s
   176   197    0.00000   13 3256  107.00000    0.00000   100% 11236 3757s
   196   223    0.00000   14 3194  107.00000    0.00000   100% 10641 3810s
   222   257    0.00000   15 3197  107.00000    0.00000   100%  9855 3863s
   256   285    0.00000   16 3244  107.00000    0.00000   100%  8948 3916s
H  266   285                     106.0000000    0.00000   100%  8735 3916s
H  271   285                     105.0000000    0.00000   100%  8620 3916s
   284   305    0.83543   16 3244  105.00000    0.00000   100%  8961 4174s
   304   334    0.00000   17 3209  105.00000    0.00000   100%  8652 4260s
H  308   334                     104.0000000    0.00000   100%  8568 4260s
H  333   342                      93.0000000    0.00000   100%  8217 4506s
   341   382    0.00000   19 3216   93.00000    0.00000   100%  8161 4880s
   381   411    0.00000   20 3217   93.00000    0.00000   100%  8123 5162s
H  396   411                      92.0000000    0.00000   100%  8340 5162s
   410   457    0.00000   21 3223   92.00000    0.00000   100%  8146 5264s
   456   493    0.00000   23 3150   92.00000    0.00000   100%  7693 5344s
H  458   493                      91.0000000    0.00000   100%  7683 5344s
   492   524    0.83972   24 3200   91.00000    0.00000   100%  7838 5706s
H  525   538                      90.0000000    0.00000   100%  7605 5860s
H  532   538                      89.0000000    0.00000   100%  7624 5860s
H  540   538                      88.0000000    0.00000   100%  7701 5860s
   541   575    0.83471   25 3159   88.00000    0.00000   100%  8064 6194s
   578   608    0.00000   26 3205   88.00000    0.00000   100%  7832 6630s
H  580   608                      87.0000000    0.00000   100%  8166 6630s
H  582   608                      86.0000000    0.00000   100%  8171 6630s
   611   638    0.00000   27 3247   86.00000    0.00000   100%  8043 6738s
   642   677    0.00000   29 3230   86.00000    0.00000   100%  7984 7118s
H  652   677                      84.0000000    0.00000   100%  7953 7119s
   681   714    0.61507   30 3293   84.00000    0.00000   100%  8001 7344s
H  718   721                      82.0000000    0.00000   100%  7876 7904s
H  719   721                      77.0000000    0.00000   100%  7883 7904s
   726   761    0.00000   32 3205   77.00000    0.00000   100%  7869 8038s
H  766   811                      76.0000000    0.00000   100%  7790 8420s
   822   876    0.00000   35 3171   76.00000    0.00000   100%  7825 8845s
   887   920    0.00000   37 3206   76.00000    0.00000   100%  7941 9306s
H  890   920                      75.0000000    0.00000   100%  7943 9306s
   932   981    0.00000   40 3178   75.00000    0.00000   100%  7874 9634s
   993  1013    0.00000   41 3190   75.00000    0.00000   100%  7862 10001s
  1025  1056    0.00000   42 3220   75.00000    0.00000   100%  8081 10447s
  1068  1093    0.00000   43 3250   75.00000    0.00000   100%  8303 10800s
H 1086  1093                      74.0000000    0.00000   100%  8269 10800s

Cutting planes:
  Cover: 477
  MIR: 210
  StrongCG: 64
  GUB cover: 3656
  Zero half: 749
  RLT: 80

Explored 1105 nodes (9563106 simplex iterations) in 10800.47 seconds (17296.80 work units)
Thread count was 8 (of 8 available processors)

Solution count 10: 74 75 76 ... 89

Time limit reached
Best objective 7.400000000000e+01, best bound 0.000000000000e+00, gap 100.0000%

Wrote result file 'C:\gurobi\1103\win64\bin\lubos_test_models\\20260220_78x1223_3.sol'

