Start SOLVER Mon 02/23/2026  0:38:31.19  
Set parameter TimeLimit to value 10800
Set parameter Heuristics to value 0.5
Set parameter LogFile to value "gurobi.log"
Using license file c:\gurobi\gurobi.lic

Gurobi Optimizer version 11.0.3 build v11.0.3rc0 (win64 - Windows Server 2016.0 (14393.2))
Copyright (c) 2024, Gurobi Optimization, LLC

Read LP format model from file C:\gurobi\1103\win64\bin\lubos_test_models\\20260224_66x1220_3.lp
Reading time = 0.67 seconds
: 10112 rows, 81739 columns, 1326974 nonzeros

CPU model: Intel(R) Xeon(R) Gold 6240 CPU @ 2.60GHz, instruction set [SSE2]
Thread count: 8 physical cores, 8 logical processors, using up to 8 threads

Optimize a model with 10112 rows, 81739 columns and 1326974 nonzeros
Model fingerprint: 0x5cbc5df2
Variable types: 0 continuous, 81739 integer (81739 binary)
Coefficient statistics:
  Matrix range     [1e+00, 1e+01]
  Objective range  [1e+00, 1e+00]
  Bounds range     [1e+00, 1e+00]
  RHS range        [1e+00, 1e+02]
Presolve removed 2 rows and 42 columns
Presolve time: 3.12s
Presolved: 10110 rows, 81697 columns, 1282281 nonzeros
Variable types: 0 continuous, 81697 integer (81697 binary)
Deterministic concurrent LP optimizer: primal simplex, dual simplex, and barrier
Showing barrier log only...

Root barrier log...

Ordering time: 0.12s

Barrier statistics:
 AA' NZ     : 5.278e+05
 Factor NZ  : 1.018e+06 (roughly 45 MB of memory)
 Factor Ops : 1.166e+08 (less than 1 second per iteration)
 Threads    : 5

                  Objective                Residual
Iter       Primal          Dual         Primal    Dual     Compl     Time
   0   5.52557276e+04 -5.32833737e+02  1.03e+05 1.25e-15  7.85e+00     5s
   1   4.27988559e+04 -2.10715402e+03  7.83e+04 1.28e-01  6.08e+00     5s
   2   2.72008811e+03 -2.99163954e+03  4.21e+03 2.22e-15  3.46e-01     5s
   3   8.23527573e+02 -1.82642304e+03  9.77e+02 2.50e-15  8.58e-02     5s
   4   1.85657881e+02 -9.39916776e+02  1.09e+02 2.28e-15  1.42e-02     5s
   5   4.01700236e+01 -4.79373101e+02  1.75e+01 2.33e-15  4.29e-03     5s
   6   5.91916390e+00 -1.24381268e+02  1.76e+00 2.36e-15  8.63e-04     5s
   7   2.24762333e-01 -7.23496297e+00  5.60e-02 2.41e-15  4.41e-05     5s
   8   2.24216177e-03 -2.43458932e-02  3.16e-04 2.48e-15  1.57e-07     5s
   9   1.55593857e-08 -4.12309785e-07  1.85e-09 2.89e-15  2.50e-12     5s
  10   1.55593788e-11 -3.91156343e-10  4.15e-12 3.39e-15  2.50e-15     6s

Barrier solved model in 10 iterations and 5.55 seconds (4.88 work units)
Optimal objective 1.55593788e-11


Root crossover log...

    1222 DPushes remaining with DInf 0.0000000e+00                 8s
       0 DPushes remaining with DInf 0.0000000e+00                 8s

     415 PPushes remaining with PInf 0.0000000e+00                 8s
       0 PPushes remaining with PInf 0.0000000e+00                 8s

  Push phase complete: Pinf 0.0000000e+00, Dinf 0.0000000e+00      8s


Root simplex log...

Iteration    Objective       Primal Inf.    Dual Inf.      Time
     421    0.0000000e+00   0.000000e+00   0.000000e+00      8s
Concurrent spin time: 0.02s

Solved with barrier

Root relaxation: objective 0.000000e+00, 421 iterations, 4.12 seconds (2.36 work units)

    Nodes    |    Current Node    |     Objective Bounds      |     Work
 Expl Unexpl |  Obj  Depth IntInf | Incumbent    BestBd   Gap | It/Node Time

     0     0    0.00000    0 2917          -    0.00000      -     -   32s
H    0     0                    1219.0000000    0.00000   100%     -   38s
     0     0    0.00000    0 3286 1219.00000    0.00000   100%     -   57s
H    0     0                    1057.0000000    0.00000   100%     -   58s
H    0     0                     917.0000000    0.00000   100%     -  116s
     0     0    0.00000    0 3390  917.00000    0.00000   100%     -  136s
     0     0    0.00000    0 3463  917.00000    0.00000   100%     -  187s
H    0     0                     741.0000000    0.00000   100%     -  203s
     0     0    0.00000    0 3551  741.00000    0.00000   100%     -  227s
     0     0    0.00000    0 3627  741.00000    0.00000   100%     -  282s
     0     0    0.00000    0 3627  741.00000    0.00000   100%     -  308s
H    0     0                     648.0000000    0.00000   100%     -  384s
H    0     0                     448.0000000    0.00000   100%     -  423s
H    0     0                     443.0000000    0.00000   100%     -  423s
H    0     2                     380.0000000    0.00000   100%     -  503s
     0     2    0.00000    0 3090  380.00000    0.00000   100%     -  503s
     1     4    0.00000    1 2940  380.00000    0.00000   100% 70202  658s
     3     8    0.00000    2 3147  380.00000    0.00000   100% 62269  801s
     7    16    0.00000    3 3301  380.00000    0.00000   100% 43871  849s
    15    24    0.42272    4 3620  380.00000    0.00000   100% 34578 1108s
    23    32    0.00000    4 3613  380.00000    0.00000   100% 30128 1381s
H   31    40                     342.0000000    0.00000   100% 30356 1422s
H   37    40                     335.0000000    0.00000   100% 25940 1422s
    39    48    0.42272    6 3322  335.00000    0.00000   100% 24922 1437s
    47    59    0.42272    7 3271  335.00000    0.00000   100% 21274 1674s
    58    73    0.42272    8 3295  335.00000    0.00000   100% 18033 1718s
H   72    81                     331.0000000    0.00000   100% 15170 2072s
H   73    81                     329.0000000    0.00000   100% 15015 2072s
H   76    81                     321.0000000    0.00000   100% 14665 2072s
    80    97    0.60099    9 3311  321.00000    0.00000   100% 14148 2102s
    96   115    0.42272   10 3239  321.00000    0.00000   100% 12337 2143s
H  114   127                     319.0000000    0.00000   100% 10918 2252s
H  116   127                     312.0000000    0.00000   100% 10787 2252s
H  125   127                     311.0000000    0.00000   100% 10660 2253s
   126   144    0.42272   13 3234  311.00000    0.00000   100% 10660 2388s
   143   163    0.61784   14 3300  311.00000    0.00000   100% 10340 2476s
H  162   181                     309.0000000    0.00000   100%  9869 2535s
H  171   181                     307.0000000    0.00000   100%  9479 2535s
   180   196    0.42272   17 3198  307.00000    0.00000   100%  9459 2726s
   195   213    0.42272   19 3155  307.00000    0.00000   100%  9621 2850s
H  212   232                     306.0000000    0.00000   100%  9731 2932s
H  217   232                     305.0000000    0.00000   100%  9604 2932s
H  219   232                     304.0000000    0.00000   100%  9545 2932s
H  222   232                     299.0000000    0.00000   100%  9448 2932s
   231   258    0.70726   22 3394  299.00000    0.00000   100%  9475 2980s
H  256   258                     298.0000000    0.00000   100%  8825 2980s
H  257   273                     296.0000000    0.00000   100%  8837 3141s
H  259   273                     295.0000000    0.00000   100%  8791 3141s
H  265   273                     293.0000000    0.00000   100%  8803 3141s
   272   297    0.42272   25 3154  293.00000    0.00000   100%  8947 3256s
   296   316    0.42272   27 3193  293.00000    0.00000   100%  8756 3326s
H  297   316                     290.0000000    0.00000   100%  8726 3326s
H  299   316                     288.0000000    0.00000   100%  8687 3326s
H  304   316                     287.0000000    0.00000   100%  8624 3326s
   315   335    0.71692   28 3368  287.00000    0.00000   100%  8499 3452s
   334   370    0.42272   29 3139  287.00000    0.00000   100%  8580 3548s
H  360   370                     282.0000000    0.00000   100%  8212 3548s
H  369   381                     275.0000000    0.00000   100%  8147 3615s
H  373   381                     274.0000000    0.00000   100%  8083 3615s
H  377   381                     273.0000000    0.00000   100%  8026 3615s
   380   404    0.42272   36 3064  273.00000    0.00000   100%  8004 3741s
H  403   412                     264.0000000    0.00000   100%  8040 3857s
H  404   412                     259.0000000    0.00000   100%  8025 3857s
   411   439    0.42272   38 3108  259.00000    0.00000   100%  7969 3978s
   438   487    0.42272   41 3083  259.00000    0.00000   100%  7953 4058s
H  445   487                     258.0000000    0.00000   100%  7880 4058s
H  454   487                     257.0000000    0.00000   100%  7812 4058s
H  472   487                     256.0000000    0.00000   100%  7644 4058s
H  486   495                     244.0000000    0.00000   100%  7496 4306s
   494   537    0.59751   47 3161  244.00000    0.00000   100%  7424 4413s
H  536   584                     242.0000000    0.00000   100%  7217 4533s
   583   639    0.42272   56 3114  242.00000    0.00000   100%  7027 4646s
H  638   680                     241.0000000    0.00000   100%  6754 4783s
   679   740    0.42272   64 3142  241.00000    0.00000   100%  6702 4941s
H  718   740                     240.0000000    0.00000   100%  6616 4941s
   739   794    0.42272   70 3137  240.00000    0.00000   100%  6543 5078s
H  770   794                     239.0000000    0.00000   100%  6430 5078s
   793   839    0.42272   72 3084  239.00000    0.00000   100%  6425 5212s
   838   896    0.42272   75 3102  239.00000    0.00000   100%  6380 5504s
H  855   896                     238.0000000    0.00000   100%  6317 5504s
   895   947    0.63048   83 3236  238.00000    0.00000   100%  6313 5616s
   946   982    0.60767   88 3158  238.00000    0.00000   100%  6224 5774s
   981  1047    0.62213   93 3248  238.00000    0.00000   100%  6214 5974s
  1046  1100    0.42272   98 3090  238.00000    0.00000   100%  6141 6101s
H 1059  1100                     235.0000000    0.00000   100%  6129 6101s
H 1098  1100                     234.0000000    0.00000   100%  6024 6101s
H 1099  1108                     229.0000000    0.00000   100%  6029 6299s
H 1101  1108                     228.0000000    0.00000   100%  6022 6299s
H 1103  1108                     226.0000000    0.00000   100%  6016 6299s
  1107  1187    0.42272  104 3070  226.00000    0.00000   100%  6003 6542s
  1186  1258    0.42272  112 3109  226.00000    0.00000   100%  5974 6726s
H 1226  1258                     224.0000000    0.00000   100%  5949 6726s
  1257  1335    0.42272  121 3087  224.00000    0.00000   100%  5912 6896s
H 1334  1411                     223.0000000    0.00000   100%  5848 7126s
  1410  1505    0.42272  137 3041  223.00000    0.00000   100%  5833 7283s
  1504  1599    0.42272  149 3104  223.00000    0.00000   100%  5717 7469s
H 1598  1607                     220.0000000    0.00000   100%  5653 7841s
H 1599  1607                     219.0000000    0.00000   100%  5651 7841s
H 1600  1607                     215.0000000    0.00000   100%  5649 7841s
  1606  1694    0.63451  156 3182  215.00000    0.00000   100%  5647 8069s
  1693  1776    0.42272  164 3061  215.00000    0.00000   100%  5618 8246s
  1775  1855    0.42272  173 3037  215.00000    0.00000   100%  5599 8525s
  1854  1954    0.42272  184 3046  215.00000    0.00000   100%  5615 8777s
  1953  2034    0.63400  193 3236  215.00000    0.00000   100%  5607 9048s
  2033  2149    0.42272  204 3060  215.00000    0.00000   100%  5659 9274s
  2148  2268    0.42272  217 2992  215.00000    0.00000   100%  5605 9508s
  2267  2379    0.97508  233 3146  215.00000    0.00000   100%  5554 9831s
  2378  2522    0.42272  244 3067  215.00000    0.00000   100%  5543 10309s
H 2523  2530                     211.0000000    0.00000   100%  5496 10799s
H 2525  2530                     209.0000000    0.00000   100%  5501 10799s

Cutting planes:
  Cover: 2052
  MIR: 269
  StrongCG: 146
  GUB cover: 3272
  Zero half: 671
  RLT: 92

Explored 2531 nodes (14102397 simplex iterations) in 10800.21 seconds (14996.65 work units)
Thread count was 8 (of 8 available processors)

Solution count 10: 209 211 215 ... 229

Time limit reached
Best objective 2.090000000000e+02, best bound 0.000000000000e+00, gap 100.0000%

Wrote result file 'C:\gurobi\1103\win64\bin\lubos_test_models\\20260224_66x1220_3.sol'

