Start SOLVER Mon 02/23/2026  3:38:32.69  
Set parameter TimeLimit to value 10800
Set parameter Heuristics to value 0.5
Set parameter LogFile to value "gurobi.log"
Using license file c:\gurobi\gurobi.lic

Gurobi Optimizer version 11.0.3 build v11.0.3rc0 (win64 - Windows Server 2016.0 (14393.2))
Copyright (c) 2024, Gurobi Optimization, LLC

Read LP format model from file C:\gurobi\1103\win64\bin\lubos_test_models\\20260224_66x1220_4.lp
Reading time = 0.97 seconds
: 23521 rows, 96367 columns, 2064469 nonzeros

CPU model: Intel(R) Xeon(R) Gold 6240 CPU @ 2.60GHz, instruction set [SSE2]
Thread count: 8 physical cores, 8 logical processors, using up to 8 threads

Optimize a model with 23521 rows, 96367 columns and 2064469 nonzeros
Model fingerprint: 0xf41f67f9
Variable types: 15847 continuous, 80520 integer (80520 binary)
Coefficient statistics:
  Matrix range     [1e+00, 1e+00]
  Objective range  [1e+00, 1e+00]
  Bounds range     [1e+00, 1e+00]
  RHS range        [1e+00, 1e+02]
Presolve removed 1223 rows and 1263 columns (presolve time = 5s) ...
Presolve removed 1223 rows and 1263 columns
Presolve time: 5.90s
Presolved: 22298 rows, 95104 columns, 1904008 nonzeros
Variable types: 0 continuous, 95104 integer (81696 binary)
Deterministic concurrent LP optimizer: primal simplex, dual simplex, and barrier
Showing barrier log only...

Root barrier log...

Ordering time: 0.49s

Barrier statistics:
 AA' NZ     : 1.929e+06
 Factor NZ  : 2.634e+06 (roughly 70 MB of memory)
 Factor Ops : 3.212e+08 (less than 1 second per iteration)
 Threads    : 5

                  Objective                Residual
Iter       Primal          Dual         Primal    Dual     Compl     Time
   0   4.97154371e+06 -4.86588204e+05  1.24e+05 9.51e-01  1.41e+02     8s
   1   4.00585025e+06 -4.81156199e+05  9.63e+04 2.15e+00  1.09e+02     9s
   2   5.88646006e+05 -3.82709753e+05  7.82e+03 4.17e-14  1.13e+01     9s
   3   1.87075106e+05 -6.62598115e+04  1.93e+03 3.55e-14  2.56e+00     9s
   4   3.80487475e+04 -2.21798273e+04  3.38e+02 3.38e-14  5.12e-01     9s
   5   2.17401364e+04 -6.47573290e+03  1.95e+02 2.31e-14  2.49e-01     9s
   6   4.21556971e+03 -3.04903216e+03  3.04e+01 1.07e-14  5.19e-02     9s
   7   5.36363231e+02 -1.04579103e+03  1.78e+00 7.11e-15  8.74e-03    10s
   8   9.35343273e+01 -3.12255242e+02  2.97e-01 8.88e-15  2.02e-03    10s
   9   3.85898698e+01 -1.01719965e+02  1.20e-01 9.55e-15  6.85e-04    10s
  10   2.42195150e+01 -5.17677924e+01  7.29e-02 8.15e-15  3.70e-04    10s
  11   7.39411051e+00 -1.49327216e+01  1.96e-02 8.78e-15  1.08e-04    10s
  12   3.41267991e+00 -4.43496741e+00  7.08e-03 9.18e-15  3.79e-05    10s
  13   1.67504803e+00 -5.07669381e-01  1.50e-03 8.24e-15  1.05e-05    10s
  14   1.40015521e+00  6.87367131e-01  4.17e-04 9.36e-15  3.42e-06    10s
  15   1.32976239e+00  9.99858487e-01  1.30e-04 1.06e-14  1.58e-06    11s
  16   1.30879470e+00  1.16126182e+00  5.57e-05 8.40e-15  7.05e-07    11s
  17   1.30077585e+00  1.21698764e+00  2.92e-05 9.58e-15  4.00e-07    11s
  18   1.29761666e+00  1.24579634e+00  1.95e-05 9.51e-15  2.48e-07    11s
  19   1.29562704e+00  1.26090530e+00  1.33e-05 1.14e-14  1.66e-07    11s
  20   1.29389434e+00  1.27042922e+00  7.76e-06 1.24e-14  1.12e-07    11s
  21   1.29290048e+00  1.27986681e+00  4.43e-06 9.56e-15  6.23e-08    11s
  22   1.29241314e+00  1.28642393e+00  2.75e-06 8.88e-15  2.87e-08    12s
  23   1.29170482e+00  1.29073266e+00  3.24e-07 1.10e-14  4.64e-09    12s
  24   1.29161604e+00  1.29160096e+00  1.87e-08 1.22e-14  7.23e-11    12s
  25   1.29161450e+00  1.29161145e+00  3.27e-08 1.24e-14  1.47e-11    12s
  26   1.29161347e+00  1.29161347e+00  5.88e-11 1.07e-14  1.26e-15    12s

Barrier solved model in 26 iterations and 12.10 seconds (10.34 work units)
Optimal objective 1.29161347e+00

  Building initial crossover basis                                15s
  Building initial crossover basis                                20s
  Building initial crossover basis                                25s
  Building initial crossover basis                                30s
  Building initial crossover basis                                35s
  Building initial crossover basis                                40s
  Building initial crossover basis                                45s

Root crossover log...

    1426 DPushes remaining with DInf 0.0000000e+00                50s
     352 DPushes remaining with DInf 0.0000000e+00                50s
       0 DPushes remaining with DInf 0.0000000e+00                50s

     990 PPushes remaining with PInf 1.4938413e-01                50s
       0 PPushes remaining with PInf 8.9822164e-03                51s

  Push phase complete: Pinf 8.9822164e-03, Dinf 1.7700778e-11     51s


Root simplex log...

Iteration    Objective       Primal Inf.    Dual Inf.      Time
    2408    1.2916135e+00   8.982216e-03   0.000000e+00     51s
    3118    1.2916135e+00   6.789274e-04   0.000000e+00     55s
    3469    1.2916135e+00   0.000000e+00   0.000000e+00     58s
Concurrent spin time: 0.02s

Solved with barrier

Root relaxation: objective 1.291613e+00, 3469 iterations, 51.81 seconds (38.83 work units)
Total elapsed time = 203.42s (DegenMoves)

    Nodes    |    Current Node    |     Objective Bounds      |     Work
 Expl Unexpl |  Obj  Depth IntInf | Incumbent    BestBd   Gap | It/Node Time

     0     0    1.29161    0 14533          -    1.29161      -     -  206s
H    0     0                    872702.00000    1.29161   100%     -  336s
     0     0    1.32785    0 14226 872702.000    1.32785   100%     -  451s
H    0     0                    1057.0000000    1.32785   100%     -  453s
H    0     0                     524.0000000    1.32785   100%     -  472s
     0     0    1.32785    0 14226  524.00000    1.32785   100%     -  473s
     0     0    1.43595    0 12634  524.00000    1.43595   100%     -  747s
     0     0    1.43605    0 12616  524.00000    1.43605   100%     -  750s
     0     0    4.62027    0 11361  524.00000    4.62027  99.1%     - 1763s
H    0     0                     406.0000000    4.62027  98.9%     - 1766s
     0     0    4.72466    0 10621  406.00000    4.72466  98.8%     - 2130s
     0     0    4.72466    0 10584  406.00000    4.72466  98.8%     - 2132s
     0     0   25.17596    0 8332  406.00000   25.17596  93.8%     - 2706s
     0     0   25.17599    0 8304  406.00000   25.17599  93.8%     - 2716s
     0     0   35.54074    0 9828  406.00000   35.54074  91.2%     - 2980s
H    0     0                     369.0000000   35.54074  90.4%     - 2983s
     0     0   35.63179    0 9359  369.00000   35.63179  90.3%     - 3012s
     0     0   35.63179    0 9330  369.00000   35.63179  90.3%     - 3014s
     0     0   40.53798    0 9911  369.00000   40.53798  89.0%     - 3164s
     0     0   40.55768    0 10128  369.00000   40.55768  89.0%     - 3195s
     0     0   40.55824    0 9816  369.00000   40.55824  89.0%     - 3200s
     0     0   42.55368    0 10423  369.00000   42.55368  88.5%     - 3353s
H    0     0                     338.0000000   42.55368  87.4%     - 3355s
     0     0   42.57317    0 10456  338.00000   42.57317  87.4%     - 3379s
     0     0   42.57319    0 10493  338.00000   42.57319  87.4%     - 3381s
     0     0   43.38581    0 10372  338.00000   43.38581  87.2%     - 3496s
     0     0   43.43819    0 10828  338.00000   43.43819  87.1%     - 3526s
     0     0   43.44474    0 11083  338.00000   43.44474  87.1%     - 3535s
     0     0   44.61015    0 11325  338.00000   44.61015  86.8%     - 3631s
H    0     0                     333.9999994   44.61034  86.6%     - 3633s
     0     0   44.69211    0 11486  334.00000   44.69211  86.6%     - 3673s
     0     0   44.69821    0 11509  334.00000   44.69821  86.6%     - 3682s
     0     0   46.07628    0 11425  334.00000   46.07628  86.2%     - 3853s
     0     0   46.19827    0 11833  334.00000   46.19827  86.2%     - 3939s
     0     0   46.21246    0 11716  334.00000   46.21246  86.2%     - 3978s
     0     0   46.21303    0 11674  334.00000   46.21303  86.2%     - 3982s
     0     0   47.12670    0 12110  334.00000   47.12670  85.9%     - 4134s
H    0     0                     324.0000000   47.12670  85.5%     - 4137s
     0     0   47.19169    0 12126  324.00000   47.19169  85.4%     - 4182s
     0     0   47.19702    0 12064  324.00000   47.19702  85.4%     - 4199s
     0     0   48.40630    0 11441  324.00000   48.40630  85.1%     - 4389s
H    0     0                     321.0000000   48.40630  84.9%     - 4391s
     0     0   48.61311    0 11658  321.00000   48.61311  84.9%     - 4469s
     0     0   48.62162    0 11496  321.00000   48.62162  84.9%     - 4497s
     0     0   49.59951    0 11670  321.00000   49.59951  84.5%     - 4686s
H    0     0                     303.0000000   49.59951  83.6%     - 4690s
     0     0   49.62352    0 11467  303.00000   49.62352  83.6%     - 4719s
     0     0   49.62371    0 11474  303.00000   49.62371  83.6%     - 4723s
     0     0   50.03956    0 11567  303.00000   50.03956  83.5%     - 4926s
H    0     0                     301.0000000   50.03956  83.4%     - 4928s
     0     0   50.08340    0 12170  301.00000   50.08340  83.4%     - 4982s
     0     0   50.08901    0 11649  301.00000   50.08901  83.4%     - 4990s
     0     0   51.14251    0 12258  301.00000   51.14251  83.0%     - 5155s
H    0     0                     297.0000000   51.14251  82.8%     - 5159s
     0     0   51.25035    0 12328  297.00000   51.25035  82.7%     - 5256s
     0     0   51.26260    0 12339  297.00000   51.26260  82.7%     - 5278s
     0     0   51.60721    0 11960  297.00000   51.60721  82.6%     - 5454s
H    0     0                     295.0000000   51.60721  82.5%     - 5456s
     0     0   51.65024    0 12618  295.00000   51.65024  82.5%     - 5493s
     0     0   51.65708    0 12530  295.00000   51.65708  82.5%     - 5507s
     0     0   52.17868    0 12349  295.00000   52.17868  82.3%     - 5642s
H    0     0                     292.0000000   52.17868  82.1%     - 5646s
     0     0   52.26659    0 12116  292.00000   52.26659  82.1%     - 5689s
     0     0   52.27540    0 12095  292.00000   52.27540  82.1%     - 5700s
     0     0   52.68183    0 11571  292.00000   52.68183  82.0%     - 5859s
H    0     0                     289.0000000   52.68183  81.8%     - 5861s
     0     0   52.74793    0 12068  289.00000   52.74793  81.7%     - 5902s
     0     0   52.75266    0 12086  289.00000   52.75266  81.7%     - 5920s
     0     0   53.47509    0 12815  289.00000   53.47509  81.5%     - 6103s
H    0     0                     287.0000000   53.47509  81.4%     - 6107s
     0     0   53.53077    0 12847  287.00000   53.53077  81.3%     - 6173s
     0     0   53.53989    0 12804  287.00000   53.53989  81.3%     - 6204s
     0     0   54.12212    0 11942  287.00000   54.12212  81.1%     - 6397s
H    0     0                     284.0000000   54.12212  80.9%     - 6399s
     0     0   54.15236    0 12260  284.00000   54.15236  80.9%     - 6439s
     0     0   54.15529    0 12254  284.00000   54.15529  80.9%     - 6456s
     0     0   54.52070    0 12513  284.00000   54.52070  80.8%     - 6619s
H    0     0                     280.0000000   54.52070  80.5%     - 6624s
     0     0   54.53458    0 12786  280.00000   54.53458  80.5%     - 6672s
     0     0   54.70378    0 12462  280.00000   54.70378  80.5%     - 6842s
H    0     0                     277.0000000   54.70378  80.3%     - 6845s
     0     0   54.74229    0 12607  277.00000   54.74229  80.2%     - 6895s
     0     0   54.74362    0 12468  277.00000   54.74362  80.2%     - 6901s
     0     0   55.18523    0 12617  277.00000   55.18523  80.1%     - 7053s
H    0     0                     275.0000000   55.18523  79.9%     - 7057s
     0     0   55.21054    0 12655  275.00000   55.21054  79.9%     - 7093s
     0     0   55.21152    0 12597  275.00000   55.21152  79.9%     - 7105s
     0     0   55.32780    0 12715  275.00000   55.32780  79.9%     - 7215s
     0     0   55.32780    0 12506  275.00000   55.32780  79.9%     - 7355s
H    0     0                     273.0000000   55.32780  79.7%     - 7788s
H    0     0                     259.0000000   55.32780  78.6%     - 7916s
H    0     0                     258.0000000   55.32780  78.6%     - 7917s
H    0     2                     256.0000000   55.32780  78.4%     - 8027s
     0     2   55.32780    0 12506  256.00000   55.32780  78.4%     - 8027s
     1     4   55.32780    1 12477  256.00000   55.32780  78.4% 17849 8425s
     3     8   55.40414    2 12206  256.00000   55.32780  78.4% 56780 9867s
     7    16   55.40521    3 12233  256.00000   55.34396  78.4% 73366 10509s
    15    19   55.52000    4 12079  256.00000   55.34496  78.4% 63393 10800s

Cutting planes:
  MIR: 3695
  Zero half: 995
  RLT: 23
  Relax-and-lift: 55

Explored 18 nodes (2357734 simplex iterations) in 10800.63 seconds (11601.41 work units)
Thread count was 8 (of 8 available processors)

Solution count 10: 256 258 259 ... 289

Time limit reached
Best objective 2.560000000000e+02, best bound 5.600000000000e+01, gap 78.1250%

Wrote result file 'C:\gurobi\1103\win64\bin\lubos_test_models\\20260224_66x1220_4.sol'

